Archive member included because of file (symbol)

c:/workspaces/dave_4-4-2_64bit_2018-02-23/dave-ide-4.4.2-64bit/eclipse/arm-gcc-49/bin/../lib/gcc/arm-none-eabi/4.9.3/../../../../arm-none-eabi/lib/armv7e-m/softfp\libm.a(lib_a-s_ceil.o)
                              ./Libraries/FT800-FT813-5.x/tft.o (ceil)
c:/workspaces/dave_4-4-2_64bit_2018-02-23/dave-ide-4.4.2-64bit/eclipse/arm-gcc-49/bin/../lib/gcc/arm-none-eabi/4.9.3/../../../../arm-none-eabi/lib/armv7e-m/softfp\libm.a(lib_a-s_floor.o)
                              ./Libraries/FT800-FT813-5.x/tft.o (floor)
c:/workspaces/dave_4-4-2_64bit_2018-02-23/dave-ide-4.4.2-64bit/eclipse/arm-gcc-49/bin/../lib/gcc/arm-none-eabi/4.9.3/../../../../arm-none-eabi/lib/armv7e-m/softfp\libm.a(lib_a-s_sin.o)
                              ./measure.o (sin)
c:/workspaces/dave_4-4-2_64bit_2018-02-23/dave-ide-4.4.2-64bit/eclipse/arm-gcc-49/bin/../lib/gcc/arm-none-eabi/4.9.3/../../../../arm-none-eabi/lib/armv7e-m/softfp\libm.a(lib_a-e_rem_pio2.o)
                              c:/workspaces/dave_4-4-2_64bit_2018-02-23/dave-ide-4.4.2-64bit/eclipse/arm-gcc-49/bin/../lib/gcc/arm-none-eabi/4.9.3/../../../../arm-none-eabi/lib/armv7e-m/softfp\libm.a(lib_a-s_sin.o) (__ieee754_rem_pio2)
c:/workspaces/dave_4-4-2_64bit_2018-02-23/dave-ide-4.4.2-64bit/eclipse/arm-gcc-49/bin/../lib/gcc/arm-none-eabi/4.9.3/../../../../arm-none-eabi/lib/armv7e-m/softfp\libm.a(lib_a-k_cos.o)
                              c:/workspaces/dave_4-4-2_64bit_2018-02-23/dave-ide-4.4.2-64bit/eclipse/arm-gcc-49/bin/../lib/gcc/arm-none-eabi/4.9.3/../../../../arm-none-eabi/lib/armv7e-m/softfp\libm.a(lib_a-s_sin.o) (__kernel_cos)
c:/workspaces/dave_4-4-2_64bit_2018-02-23/dave-ide-4.4.2-64bit/eclipse/arm-gcc-49/bin/../lib/gcc/arm-none-eabi/4.9.3/../../../../arm-none-eabi/lib/armv7e-m/softfp\libm.a(lib_a-k_rem_pio2.o)
                              c:/workspaces/dave_4-4-2_64bit_2018-02-23/dave-ide-4.4.2-64bit/eclipse/arm-gcc-49/bin/../lib/gcc/arm-none-eabi/4.9.3/../../../../arm-none-eabi/lib/armv7e-m/softfp\libm.a(lib_a-e_rem_pio2.o) (__kernel_rem_pio2)
c:/workspaces/dave_4-4-2_64bit_2018-02-23/dave-ide-4.4.2-64bit/eclipse/arm-gcc-49/bin/../lib/gcc/arm-none-eabi/4.9.3/../../../../arm-none-eabi/lib/armv7e-m/softfp\libm.a(lib_a-k_sin.o)
                              c:/workspaces/dave_4-4-2_64bit_2018-02-23/dave-ide-4.4.2-64bit/eclipse/arm-gcc-49/bin/../lib/gcc/arm-none-eabi/4.9.3/../../../../arm-none-eabi/lib/armv7e-m/softfp\libm.a(lib_a-s_sin.o) (__kernel_sin)
c:/workspaces/dave_4-4-2_64bit_2018-02-23/dave-ide-4.4.2-64bit/eclipse/arm-gcc-49/bin/../lib/gcc/arm-none-eabi/4.9.3/../../../../arm-none-eabi/lib/armv7e-m/softfp\libm.a(lib_a-s_fabs.o)
                              c:/workspaces/dave_4-4-2_64bit_2018-02-23/dave-ide-4.4.2-64bit/eclipse/arm-gcc-49/bin/../lib/gcc/arm-none-eabi/4.9.3/../../../../arm-none-eabi/lib/armv7e-m/softfp\libm.a(lib_a-e_rem_pio2.o) (fabs)
c:/workspaces/dave_4-4-2_64bit_2018-02-23/dave-ide-4.4.2-64bit/eclipse/arm-gcc-49/bin/../lib/gcc/arm-none-eabi/4.9.3/../../../../arm-none-eabi/lib/armv7e-m/softfp\libm.a(lib_a-s_scalbn.o)
                              c:/workspaces/dave_4-4-2_64bit_2018-02-23/dave-ide-4.4.2-64bit/eclipse/arm-gcc-49/bin/../lib/gcc/arm-none-eabi/4.9.3/../../../../arm-none-eabi/lib/armv7e-m/softfp\libm.a(lib_a-k_rem_pio2.o) (scalbn)
c:/workspaces/dave_4-4-2_64bit_2018-02-23/dave-ide-4.4.2-64bit/eclipse/arm-gcc-49/bin/../lib/gcc/arm-none-eabi/4.9.3/../../../../arm-none-eabi/lib/armv7e-m/softfp\libm.a(lib_a-s_copysign.o)
                              c:/workspaces/dave_4-4-2_64bit_2018-02-23/dave-ide-4.4.2-64bit/eclipse/arm-gcc-49/bin/../lib/gcc/arm-none-eabi/4.9.3/../../../../arm-none-eabi/lib/armv7e-m/softfp\libm.a(lib_a-s_scalbn.o) (copysign)
c:/workspaces/dave_4-4-2_64bit_2018-02-23/dave-ide-4.4.2-64bit/eclipse/arm-gcc-49/bin/../lib/gcc/arm-none-eabi/4.9.3/armv7e-m/softfp\libgcc.a(_arm_addsubdf3.o)
                              ./Libraries/FT800-FT813-5.x/tft.o (__aeabi_dsub)
c:/workspaces/dave_4-4-2_64bit_2018-02-23/dave-ide-4.4.2-64bit/eclipse/arm-gcc-49/bin/../lib/gcc/arm-none-eabi/4.9.3/armv7e-m/softfp\libgcc.a(_arm_muldivdf3.o)
                              ./Libraries/FT800-FT813-5.x/EVE_commands.o (__aeabi_dmul)
c:/workspaces/dave_4-4-2_64bit_2018-02-23/dave-ide-4.4.2-64bit/eclipse/arm-gcc-49/bin/../lib/gcc/arm-none-eabi/4.9.3/armv7e-m/softfp\libgcc.a(_arm_cmpdf2.o)
                              ./Libraries/FT800-FT813-5.x/tft.o (__aeabi_dcmpeq)
c:/workspaces/dave_4-4-2_64bit_2018-02-23/dave-ide-4.4.2-64bit/eclipse/arm-gcc-49/bin/../lib/gcc/arm-none-eabi/4.9.3/armv7e-m/softfp\libgcc.a(_arm_fixdfsi.o)
                              ./Libraries/FT800-FT813-5.x/tft.o (__aeabi_d2iz)
c:/workspaces/dave_4-4-2_64bit_2018-02-23/dave-ide-4.4.2-64bit/eclipse/arm-gcc-49/bin/../lib/gcc/arm-none-eabi/4.9.3/armv7e-m/softfp\libgcc.a(_arm_fixunsdfsi.o)
                              ./Libraries/FT800-FT813-5.x/EVE_commands.o (__aeabi_d2uiz)
[...]
Memory Configuration

Name             Origin             Length             Attributes
FLASH_1_cached   0x08000000         0x00200000         xr
FLASH_1_uncached 0x0c000000         0x00200000         xr
PSRAM_1          0x1ffe8000         0x00018000         !xr
DSRAM_1_system   0x20000000         0x00020000         !xr
DSRAM_2_comm     0x20020000         0x00020000         !xr
SRAM_combined    0x1ffe8000         0x00058000         !xr
*default*        0x00000000         0xffffffff

Linker script and memory map

LOAD ./Startup/startup_XMC4700.o
LOAD ./Startup/system_XMC4700.o
LOAD ./Libraries/XMCLib/src/xmc4_eru.o
LOAD ./Libraries/XMCLib/src/xmc4_flash.o
LOAD ./Libraries/XMCLib/src/xmc4_gpio.o
LOAD ./Libraries/XMCLib/src/xmc4_rtc.o
LOAD ./Libraries/XMCLib/src/xmc4_scu.o
LOAD ./Libraries/XMCLib/src/xmc_can.o
LOAD ./Libraries/XMCLib/src/xmc_ccu4.o
LOAD ./Libraries/XMCLib/src/xmc_ccu8.o
LOAD ./Libraries/XMCLib/src/xmc_common.o
LOAD ./Libraries/XMCLib/src/xmc_dac.o
LOAD ./Libraries/XMCLib/src/xmc_dma.o
LOAD ./Libraries/XMCLib/src/xmc_dsd.o
LOAD ./Libraries/XMCLib/src/xmc_ebu.o
LOAD ./Libraries/XMCLib/src/xmc_ecat.o
LOAD ./Libraries/XMCLib/src/xmc_eru.o
LOAD ./Libraries/XMCLib/src/xmc_eth_mac.o
LOAD ./Libraries/XMCLib/src/xmc_eth_phy_dp83848.o
LOAD ./Libraries/XMCLib/src/xmc_eth_phy_ksz8031rnl.o
LOAD ./Libraries/XMCLib/src/xmc_eth_phy_ksz8081rnb.o
LOAD ./Libraries/XMCLib/src/xmc_fce.o
LOAD ./Libraries/XMCLib/src/xmc_gpio.o
LOAD ./Libraries/XMCLib/src/xmc_hrpwm.o
LOAD ./Libraries/XMCLib/src/xmc_i2c.o
LOAD ./Libraries/XMCLib/src/xmc_i2s.o
LOAD ./Libraries/XMCLib/src/xmc_ledts.o
LOAD ./Libraries/XMCLib/src/xmc_posif.o
LOAD ./Libraries/XMCLib/src/xmc_rtc.o
LOAD ./Libraries/XMCLib/src/xmc_sdmmc.o
LOAD ./Libraries/XMCLib/src/xmc_spi.o
LOAD ./Libraries/XMCLib/src/xmc_uart.o
LOAD ./Libraries/XMCLib/src/xmc_usbd.o
LOAD ./Libraries/XMCLib/src/xmc_usbh.o
LOAD ./Libraries/XMCLib/src/xmc_usic.o
LOAD ./Libraries/XMCLib/src/xmc_vadc.o
LOAD ./Libraries/XMCLib/src/xmc_wdt.o
LOAD ./Libraries/Newlib/syscalls.o
LOAD ./Libraries/FT800-FT813-5.x/EVE_commands.o
LOAD ./Libraries/FT800-FT813-5.x/EVE_target.o
LOAD ./Libraries/FT800-FT813-5.x/tft.o
LOAD ./Libraries/FT800-FT813-5.x/tft_data.o
LOAD ./Dave/Generated/TIMER/timer.o
LOAD ./Dave/Generated/TIMER/timer_conf.o
LOAD ./Dave/Generated/SPI_MASTER/spi_master.o
LOAD ./Dave/Generated/SPI_MASTER/spi_master_conf.o
LOAD ./Dave/Generated/GLOBAL_CCU4/global_ccu4.o
LOAD ./Dave/Generated/GLOBAL_CCU4/global_ccu4_conf.o
LOAD ./Dave/Generated/GLOBAL_ADC/global_adc.o
LOAD ./Dave/Generated/GLOBAL_ADC/global_adc_conf.o
LOAD ./Dave/Generated/DIGITAL_IO/digital_io.o
LOAD ./Dave/Generated/DIGITAL_IO/digital_io_conf.o
LOAD ./Dave/Generated/CPU_CTRL_XMC4/cpu_ctrl_xmc4.o
LOAD ./Dave/Generated/CPU_CTRL_XMC4/cpu_ctrl_xmc4_conf.o
LOAD ./Dave/Generated/CLOCK_XMC4/clock_xmc4.o
LOAD ./Dave/Generated/CLOCK_XMC4/clock_xmc4_conf.o
LOAD ./Dave/Generated/ADC_MEASUREMENT/adc_measurement.o
LOAD ./Dave/Generated/ADC_MEASUREMENT/adc_measurement_conf.o
LOAD ./Dave/Generated/DAVE.o
LOAD ./globals.o
LOAD ./main.o
LOAD ./measure.o
LOAD c:/workspaces/dave_4-4-2_64bit_2018-02-23/dave-ide-4.4.2-64bit/eclipse/arm-gcc-49/bin/../lib/gcc/arm-none-eabi/4.9.3/../../../../arm-none-eabi/lib/armv7e-m/softfp\libm.a
START GROUP
LOAD c:/workspaces/dave_4-4-2_64bit_2018-02-23/dave-ide-4.4.2-64bit/eclipse/arm-gcc-49/bin/../lib/gcc/arm-none-eabi/4.9.3/armv7e-m/softfp\libgcc.a
LOAD c:/workspaces/dave_4-4-2_64bit_2018-02-23/dave-ide-4.4.2-64bit/eclipse/arm-gcc-49/bin/../lib/gcc/arm-none-eabi/4.9.3/../../../../arm-none-eabi/lib/armv7e-m/softfp\libg_nano.a
LOAD c:/workspaces/dave_4-4-2_64bit_2018-02-23/dave-ide-4.4.2-64bit/eclipse/arm-gcc-49/bin/../lib/gcc/arm-none-eabi/4.9.3/../../../../arm-none-eabi/lib/armv7e-m/softfp\libc_nano.a
END GROUP
START GROUP
LOAD c:/workspaces/dave_4-4-2_64bit_2018-02-23/dave-ide-4.4.2-64bit/eclipse/arm-gcc-49/bin/../lib/gcc/arm-none-eabi/4.9.3/armv7e-m/softfp\libgcc.a
LOAD c:/workspaces/dave_4-4-2_64bit_2018-02-23/dave-ide-4.4.2-64bit/eclipse/arm-gcc-49/bin/../lib/gcc/arm-none-eabi/4.9.3/../../../../arm-none-eabi/lib/armv7e-m/softfp\libc_nano.a
LOAD c:/workspaces/dave_4-4-2_64bit_2018-02-23/dave-ide-4.4.2-64bit/eclipse/arm-gcc-49/bin/../lib/gcc/arm-none-eabi/4.9.3/../../../../arm-none-eabi/lib/armv7e-m/softfp\librdimon_nano.a
LOAD c:/workspaces/dave_4-4-2_64bit_2018-02-23/dave-ide-4.4.2-64bit/eclipse/arm-gcc-49/bin/../lib/gcc/arm-none-eabi/4.9.3/../../../../arm-none-eabi/lib/armv7e-m/softfp\libnosys.a
END GROUP
START GROUP
LOAD c:/workspaces/dave_4-4-2_64bit_2018-02-23/dave-ide-4.4.2-64bit/eclipse/arm-gcc-49/bin/../lib/gcc/arm-none-eabi/4.9.3/armv7e-m/softfp\libgcc.a
LOAD c:/workspaces/dave_4-4-2_64bit_2018-02-23/dave-ide-4.4.2-64bit/eclipse/arm-gcc-49/bin/../lib/gcc/arm-none-eabi/4.9.3/../../../../arm-none-eabi/lib/armv7e-m/softfp\libc_nano.a
LOAD c:/workspaces/dave_4-4-2_64bit_2018-02-23/dave-ide-4.4.2-64bit/eclipse/arm-gcc-49/bin/../lib/gcc/arm-none-eabi/4.9.3/../../../../arm-none-eabi/lib/armv7e-m/softfp\librdimon_nano.a
END GROUP
START GROUP
LOAD c:/workspaces/dave_4-4-2_64bit_2018-02-23/dave-ide-4.4.2-64bit/eclipse/arm-gcc-49/bin/../lib/gcc/arm-none-eabi/4.9.3/armv7e-m/softfp\libgcc.a
LOAD c:/workspaces/dave_4-4-2_64bit_2018-02-23/dave-ide-4.4.2-64bit/eclipse/arm-gcc-49/bin/../lib/gcc/arm-none-eabi/4.9.3/../../../../arm-none-eabi/lib/armv7e-m/softfp\libc_nano.a
LOAD c:/workspaces/dave_4-4-2_64bit_2018-02-23/dave-ide-4.4.2-64bit/eclipse/arm-gcc-49/bin/../lib/gcc/arm-none-eabi/4.9.3/../../../../arm-none-eabi/lib/armv7e-m/softfp\libnosys.a
END GROUP
                0x00000800                stack_size = DEFINED (stack_size)?stack_size:0x800
                0x00000040                no_init_size = 0x40

.text           0x08000000     0xf358 load address 0x0c000000
                0x08000000                sText = .
 *(.reset)
 .reset         0x08000000      0x294 ./Startup/startup_XMC4700.o
                0x08000000                __Vectors
                0x08000200                Reset_Handler
                0x08000290                DSD0_7_IRQHandler
                0x08000290                DebugMon_Handler
                0x08000290                VADC0_C0_0_IRQHandler
                0x08000290                CAN0_4_IRQHandler
                0x08000290                VADC0_G2_0_IRQHandler
                0x08000290                USIC0_5_IRQHandler
                0x08000290                POSIF0_0_IRQHandler
                0x08000290                POSIF1_0_IRQHandler
                0x08000290                HardFault_Handler
                0x08000290                VADC0_G1_1_IRQHandler
                0x08000290                PendSV_Handler
                0x08000290                NMI_Handler
                0x08000290                USIC1_3_IRQHandler
                0x08000290                CCU40_2_IRQHandler
                0x08000290                SCU_0_IRQHandler
                0x08000290                ERU0_0_IRQHandler
                0x08000290                CCU41_0_IRQHandler
                0x08000290                USIC1_5_IRQHandler
                0x08000290                DSD0_4_IRQHandler
                0x08000290                CCU80_1_IRQHandler
                0x08000290                CCU81_0_IRQHandler
                0x08000290                UsageFault_Handler
                0x08000290                USIC0_0_IRQHandler
                0x08000290                POSIF1_1_IRQHandler
                0x08000290                ERU0_2_IRQHandler
                0x08000290                CCU81_1_IRQHandler
                0x08000290                ERU1_1_IRQHandler
                0x08000290                VADC0_G2_3_IRQHandler
                0x08000290                VADC0_G2_2_IRQHandler
                0x08000290                CCU42_3_IRQHandler
                0x08000290                ERU0_3_IRQHandler
                0x08000290                DSD0_5_IRQHandler
                0x08000290                VADC0_C0_3_IRQHandler
                0x08000290                CAN0_6_IRQHandler
                0x08000290                CCU43_0_IRQHandler
                0x08000290                VADC0_G0_1_IRQHandler
                0x08000290                CCU81_2_IRQHandler
                0x08000290                USIC2_4_IRQHandler
                0x08000290                CCU81_3_IRQHandler
                0x08000290                CCU42_1_IRQHandler
                0x08000290                USIC1_1_IRQHandler
                0x08000290                USIC2_5_IRQHandler
                0x08000290                CCU40_0_IRQHandler
                0x08000290                CAN0_0_IRQHandler
                0x08000290                ERU1_0_IRQHandler
                0x08000290                CCU42_2_IRQHandler
                0x08000290                Default_Handler
                0x08000290                USIC1_4_IRQHandler
                0x08000290                ERU1_3_IRQHandler
                0x08000290                USIC1_0_IRQHandler
                0x08000290                POSIF0_1_IRQHandler
                0x08000290                VADC0_G0_0_IRQHandler
                0x08000290                DSD0_2_IRQHandler
                0x08000290                CCU80_3_IRQHandler
                0x08000290                CCU41_3_IRQHandler
                0x08000290                CCU80_2_IRQHandler
                0x08000290                VADC0_G1_3_IRQHandler
                0x08000290                VADC0_G0_3_IRQHandler
                0x08000290                GPDMA0_0_IRQHandler
                0x08000290                PMU0_0_IRQHandler
                0x08000290                CAN0_7_IRQHandler
                0x08000290                DSD0_1_IRQHandler
                0x08000290                CCU41_2_IRQHandler
                0x08000290                VADC0_C0_1_IRQHandler
                0x08000290                CCU43_2_IRQHandler
                0x08000290                USIC2_2_IRQHandler
                0x08000290                MemManage_Handler
                0x08000290                VADC0_G3_1_IRQHandler
                0x08000290                DAC0_0_IRQHandler
                0x08000290                SVC_Handler
                0x08000290                VADC0_G3_3_IRQHandler
                0x08000290                ERU1_2_IRQHandler
                0x08000290                CCU41_1_IRQHandler
                0x08000290                DSD0_6_IRQHandler
                0x08000290                CCU43_1_IRQHandler
                0x08000290                VADC0_G1_2_IRQHandler
                0x08000290                USIC2_3_IRQHandler
                0x08000290                CAN0_2_IRQHandler
                0x08000290                USIC2_0_IRQHandler
                0x08000290                VADC0_G0_2_IRQHandler
                0x08000290                VADC0_G2_1_IRQHandler
                0x08000290                CAN0_3_IRQHandler
                0x08000290                ETH0_0_IRQHandler
                0x08000290                USIC0_3_IRQHandler
                0x08000290                DSD0_0_IRQHandler
                0x08000290                CCU42_0_IRQHandler
                0x08000290                FCE0_0_IRQHandler
                0x08000290                VADC0_G1_0_IRQHandler
                0x08000290                USB0_0_IRQHandler
                0x08000290                CAN0_5_IRQHandler
                0x08000290                CCU80_0_IRQHandler
                0x08000290                CCU40_1_IRQHandler
                0x08000290                USIC2_1_IRQHandler
                0x08000290                USIC0_1_IRQHandler
                0x08000290                VADC0_G3_2_IRQHandler
                0x08000290                CCU40_3_IRQHandler
                0x08000290                BusFault_Handler
                0x08000290                LEDTS0_0_IRQHandler
                0x08000290                USIC0_4_IRQHandler
                0x08000290                CCU43_3_IRQHandler
                0x08000290                ERU0_1_IRQHandler
                0x08000290                VADC0_G3_0_IRQHandler
                0x08000290                USIC1_2_IRQHandler
                0x08000290                DSD0_3_IRQHandler
                0x08000290                SDMMC0_0_IRQHandler
                0x08000290                CAN0_1_IRQHandler
                0x08000290                USIC0_2_IRQHandler
                0x08000290                DAC0_1_IRQHandler
                0x08000290                GPDMA1_0_IRQHandler
 *(.text .text.* .gnu.linkonce.t.*)
 .text.SystemInit
                0x08000294       0x20 ./Startup/system_XMC4700.o
                0x08000294                SystemInit
 .text.SystemCoreClockUpdate
                0x080002b4       0xd4 ./Startup/system_XMC4700.o
                0x080002b4                SystemCoreClockUpdate
 .text.XMC_GPIO_Init
                0x08000388      0x14c ./Libraries/XMCLib/src/xmc4_gpio.o
                0x08000388                XMC_GPIO_Init
 .text.XMC_SCU_CLOCK_GetCpuClockFrequency
                0x080004d4       0x18 ./Libraries/XMCLib/src/xmc4_scu.o
 .text.XMC_SCU_GetMirrorStatus
                0x080004ec       0x18 ./Libraries/XMCLib/src/xmc4_scu.o
 .text.XMC_SCU_lDelay
                0x08000504       0x44 ./Libraries/XMCLib/src/xmc4_scu.o
 .text.XMC_SCU_INTERUPT_GetEventStatus
                0x08000548       0x18 ./Libraries/XMCLib/src/xmc4_scu.o
                0x08000548                XMC_SCU_INTERUPT_GetEventStatus
 .text.XMC_SCU_INTERRUPT_ClearEventStatus
                0x08000560       0x1c ./Libraries/XMCLib/src/xmc4_scu.o
                0x08000560                XMC_SCU_INTERRUPT_ClearEventStatus
 .text.XMC_SCU_CLOCK_Init
                0x0800057c       0xec ./Libraries/XMCLib/src/xmc4_scu.o
                0x0800057c                XMC_SCU_CLOCK_Init
 .text.XMC_SCU_RESET_DeassertPeripheralReset
                0x08000668       0x38 ./Libraries/XMCLib/src/xmc4_scu.o
                0x08000668                XMC_SCU_RESET_DeassertPeripheralReset
 .text.XMC_SCU_RESET_IsPeripheralResetAsserted
                0x080006a0       0x48 ./Libraries/XMCLib/src/xmc4_scu.o
                0x080006a0                XMC_SCU_RESET_IsPeripheralResetAsserted
 .text.XMC_SCU_CLOCK_GetPeripheralClockFrequency
                0x080006e8       0x20 ./Libraries/XMCLib/src/xmc4_scu.o
                0x080006e8                XMC_SCU_CLOCK_GetPeripheralClockFrequency
 .text.XMC_SCU_CLOCK_SetSystemClockSource
                0x08000708       0x28 ./Libraries/XMCLib/src/xmc4_scu.o
                0x08000708                XMC_SCU_CLOCK_SetSystemClockSource
 .text.XMC_SCU_CLOCK_SetUsbClockSource
                0x08000730       0x28 ./Libraries/XMCLib/src/xmc4_scu.o
                0x08000730                XMC_SCU_CLOCK_SetUsbClockSource
 .text.XMC_SCU_CLOCK_SetWdtClockSource
                0x08000758       0x28 ./Libraries/XMCLib/src/xmc4_scu.o
                0x08000758                XMC_SCU_CLOCK_SetWdtClockSource
 .text.XMC_SCU_CLOCK_SetSystemPllClockSource
                0x08000780       0x40 ./Libraries/XMCLib/src/xmc4_scu.o
                0x08000780                XMC_SCU_CLOCK_SetSystemPllClockSource
 .text.XMC_SCU_HIB_SetRtcClockSource
                0x080007c0       0x3c ./Libraries/XMCLib/src/xmc4_scu.o
                0x080007c0                XMC_SCU_HIB_SetRtcClockSource
 .text.XMC_SCU_HIB_SetStandbyClockSource
                0x080007fc       0x3c ./Libraries/XMCLib/src/xmc4_scu.o
                0x080007fc                XMC_SCU_HIB_SetStandbyClockSource
 .text.XMC_SCU_CLOCK_SetSystemClockDivider
                0x08000838       0x28 ./Libraries/XMCLib/src/xmc4_scu.o
                0x08000838                XMC_SCU_CLOCK_SetSystemClockDivider
 .text.XMC_SCU_CLOCK_SetCcuClockDivider
                0x08000860       0x28 ./Libraries/XMCLib/src/xmc4_scu.o
                0x08000860                XMC_SCU_CLOCK_SetCcuClockDivider
 .text.XMC_SCU_CLOCK_SetCpuClockDivider
                0x08000888       0x28 ./Libraries/XMCLib/src/xmc4_scu.o
                0x08000888                XMC_SCU_CLOCK_SetCpuClockDivider
 .text.XMC_SCU_CLOCK_SetPeripheralClockDivider
                0x080008b0       0x28 ./Libraries/XMCLib/src/xmc4_scu.o
                0x080008b0                XMC_SCU_CLOCK_SetPeripheralClockDivider
 .text.XMC_SCU_CLOCK_SetUsbClockDivider
                0x080008d8       0x28 ./Libraries/XMCLib/src/xmc4_scu.o
                0x080008d8                XMC_SCU_CLOCK_SetUsbClockDivider
 .text.XMC_SCU_CLOCK_SetEbuClockDivider
                0x08000900       0x28 ./Libraries/XMCLib/src/xmc4_scu.o
                0x08000900                XMC_SCU_CLOCK_SetEbuClockDivider
 .text.XMC_SCU_CLOCK_SetWdtClockDivider
                0x08000928       0x28 ./Libraries/XMCLib/src/xmc4_scu.o
                0x08000928                XMC_SCU_CLOCK_SetWdtClockDivider
 .text.XMC_SCU_CLOCK_EnableClock
                0x08000950       0x20 ./Libraries/XMCLib/src/xmc4_scu.o
                0x08000950                XMC_SCU_CLOCK_EnableClock
 .text.XMC_SCU_CLOCK_UngatePeripheralClock
                0x08000970       0x38 ./Libraries/XMCLib/src/xmc4_scu.o
                0x08000970                XMC_SCU_CLOCK_UngatePeripheralClock
 .text.XMC_SCU_CLOCK_IsPeripheralClockGated
                0x080009a8       0x48 ./Libraries/XMCLib/src/xmc4_scu.o
                0x080009a8                XMC_SCU_CLOCK_IsPeripheralClockGated
 .text.XMC_SCU_CLOCK_StartUsbPll
                0x080009f0       0x74 ./Libraries/XMCLib/src/xmc4_scu.o
                0x080009f0                XMC_SCU_CLOCK_StartUsbPll
 .text.XMC_SCU_CLOCK_SetBackupClockCalibrationMode
                0x08000a64       0x4c ./Libraries/XMCLib/src/xmc4_scu.o
                0x08000a64                XMC_SCU_CLOCK_SetBackupClockCalibrationMode
 .text.XMC_SCU_HIB_EnableHibernateDomain
                0x08000ab0       0x58 ./Libraries/XMCLib/src/xmc4_scu.o
                0x08000ab0                XMC_SCU_HIB_EnableHibernateDomain
 .text.XMC_SCU_CLOCK_IsLowPowerOscillatorStable
                0x08000b08       0x24 ./Libraries/XMCLib/src/xmc4_scu.o
                0x08000b08                XMC_SCU_CLOCK_IsLowPowerOscillatorStable
 .text.XMC_SCU_CLOCK_EnableLowPowerOscillator
                0x08000b2c       0x70 ./Libraries/XMCLib/src/xmc4_scu.o
                0x08000b2c                XMC_SCU_CLOCK_EnableLowPowerOscillator
 .text.XMC_SCU_CLOCK_EnableHighPerformanceOscillator
                0x08000b9c       0x50 ./Libraries/XMCLib/src/xmc4_scu.o
                0x08000b9c                XMC_SCU_CLOCK_EnableHighPerformanceOscillator
 .text.XMC_SCU_CLOCK_IsHighPerformanceOscillatorStable
                0x08000bec       0x28 ./Libraries/XMCLib/src/xmc4_scu.o
                0x08000bec                XMC_SCU_CLOCK_IsHighPerformanceOscillatorStable
 .text.XMC_SCU_CLOCK_EnableSystemPll
                0x08000c14       0x20 ./Libraries/XMCLib/src/xmc4_scu.o
                0x08000c14                XMC_SCU_CLOCK_EnableSystemPll
 .text.XMC_SCU_CLOCK_DisableSystemPll
                0x08000c34       0x20 ./Libraries/XMCLib/src/xmc4_scu.o
                0x08000c34                XMC_SCU_CLOCK_DisableSystemPll
 .text.XMC_SCU_CLOCK_StartSystemPll
                0x08000c54      0x174 ./Libraries/XMCLib/src/xmc4_scu.o
                0x08000c54                XMC_SCU_CLOCK_StartSystemPll
 .text.XMC_SCU_CLOCK_StepSystemPllFrequency
                0x08000dc8       0x2c ./Libraries/XMCLib/src/xmc4_scu.o
                0x08000dc8                XMC_SCU_CLOCK_StepSystemPllFrequency
 .text.XMC_CCU4_StartPrescaler
                0x08000df4       0x1c ./Libraries/XMCLib/src/xmc_ccu4.o
 .text.XMC_CCU4_lDeassertReset
                0x08000e10       0x60 ./Libraries/XMCLib/src/xmc_ccu4.o
 .text.XMC_CCU4_lUngateClock
                0x08000e70       0x60 ./Libraries/XMCLib/src/xmc_ccu4.o
 .text.XMC_CCU4_EnableModule
                0x08000ed0       0x20 ./Libraries/XMCLib/src/xmc_ccu4.o
                0x08000ed0                XMC_CCU4_EnableModule
 .text.XMC_CCU4_Init
                0x08000ef0       0x3c ./Libraries/XMCLib/src/xmc_ccu4.o
                0x08000ef0                XMC_CCU4_Init
 .text.XMC_CCU4_SLICE_CompareInit
                0x08000f2c       0x6c ./Libraries/XMCLib/src/xmc_ccu4.o
                0x08000f2c                XMC_CCU4_SLICE_CompareInit
 .text.XMC_CCU4_SLICE_SetInterruptNode
                0x08000f98       0xb0 ./Libraries/XMCLib/src/xmc_ccu4.o
                0x08000f98                XMC_CCU4_SLICE_SetInterruptNode
 .text.XMC_GPIO_SetHardwareControl
                0x08001048       0x44 ./Libraries/XMCLib/src/xmc_gpio.o
                0x08001048                XMC_GPIO_SetHardwareControl
 .text.XMC_SPI_CH_Init
                0x0800108c       0x80 ./Libraries/XMCLib/src/xmc_spi.o
                0x0800108c                XMC_SPI_CH_Init
 .text.XMC_SPI_CH_GetReceivedData
                0x0800110c       0x34 ./Libraries/XMCLib/src/xmc_spi.o
                0x0800110c                XMC_SPI_CH_GetReceivedData
 .text.XMC_USIC_CH_Enable
                0x08001140       0x98 ./Libraries/XMCLib/src/xmc_usic.o
                0x08001140                XMC_USIC_CH_Enable
 .text.XMC_USIC_CH_SetBaudrate
                0x080011d8       0xe0 ./Libraries/XMCLib/src/xmc_usic.o
                0x080011d8                XMC_USIC_CH_SetBaudrate
 .text.XMC_USIC_CH_SetBaudrateEx
                0x080012b8      0x100 ./Libraries/XMCLib/src/xmc_usic.o
                0x080012b8                XMC_USIC_CH_SetBaudrateEx
 .text.XMC_USIC_CH_SetInterruptNodePointer
                0x080013b8       0x38 ./Libraries/XMCLib/src/xmc_usic.o
                0x080013b8                XMC_USIC_CH_SetInterruptNodePointer
 .text.XMC_USIC_Enable
                0x080013f0       0xc0 ./Libraries/XMCLib/src/xmc_usic.o
                0x080013f0                XMC_USIC_Enable
 .text.XMC_VADC_GROUP_ExternalMuxControlInit
                0x080014b0       0x7c ./Libraries/XMCLib/src/xmc_vadc.o
 .text.XMC_VADC_GROUP_BackgroundEnableArbitrationSlot
                0x0800152c       0x24 ./Libraries/XMCLib/src/xmc_vadc.o
 .text.XMC_VADC_GROUP_BackgroundDisableArbitrationSlot
                0x08001550       0x24 ./Libraries/XMCLib/src/xmc_vadc.o
 .text.XMC_VADC_GLOBAL_EnableModule
                0x08001574       0x14 ./Libraries/XMCLib/src/xmc_vadc.o
                0x08001574                XMC_VADC_GLOBAL_EnableModule
 .text.XMC_VADC_GLOBAL_Init
                0x08001588       0x54 ./Libraries/XMCLib/src/xmc_vadc.o
                0x08001588                XMC_VADC_GLOBAL_Init
 .text.XMC_VADC_GLOBAL_InputClassInit
                0x080015dc       0x48 ./Libraries/XMCLib/src/xmc_vadc.o
                0x080015dc                XMC_VADC_GLOBAL_InputClassInit
 .text.XMC_VADC_GLOBAL_StartupCalibration
                0x08001624       0x64 ./Libraries/XMCLib/src/xmc_vadc.o
                0x08001624                XMC_VADC_GLOBAL_StartupCalibration
 .text.XMC_VADC_GLOBAL_BackgroundSetReqSrcEventInterruptNode
                0x08001688       0x48 ./Libraries/XMCLib/src/xmc_vadc.o
                0x08001688                XMC_VADC_GLOBAL_BackgroundSetReqSrcEventInterruptNode
 .text.XMC_VADC_GROUP_Init
                0x080016d0       0x68 ./Libraries/XMCLib/src/xmc_vadc.o
                0x080016d0                XMC_VADC_GROUP_Init
 .text.XMC_VADC_GROUP_InputClassInit
                0x08001738       0xb8 ./Libraries/XMCLib/src/xmc_vadc.o
                0x08001738                XMC_VADC_GROUP_InputClassInit
 .text.XMC_VADC_GROUP_SetPowerMode
                0x080017f0       0x38 ./Libraries/XMCLib/src/xmc_vadc.o
                0x080017f0                XMC_VADC_GROUP_SetPowerMode
 .text.XMC_VADC_GLOBAL_BackgroundInit
                0x08001828       0xfc ./Libraries/XMCLib/src/xmc_vadc.o
                0x08001828                XMC_VADC_GLOBAL_BackgroundInit
 .text.XMC_VADC_GROUP_ChannelInit
                0x08001924       0xdc ./Libraries/XMCLib/src/xmc_vadc.o
                0x08001924                XMC_VADC_GROUP_ChannelInit
 .text._sbrk    0x08001a00       0x68 ./Libraries/Newlib/syscalls.o
                0x08001a00                _sbrk
 .text.XMC_GPIO_SetOutputHigh
                0x08001a68       0x20 ./Libraries/FT800-FT813-5.x/EVE_commands.o
 .text.XMC_GPIO_SetOutputLow
                0x08001a88       0x24 ./Libraries/FT800-FT813-5.x/EVE_commands.o
 .text.XMC_SPI_CH_GetStatusFlag
                0x08001aac       0x18 ./Libraries/FT800-FT813-5.x/EVE_commands.o
 .text.DIGITAL_IO_SetOutputHigh
                0x08001ac4       0x20 ./Libraries/FT800-FT813-5.x/EVE_commands.o
 .text.DIGITAL_IO_SetOutputLow
                0x08001ae4       0x20 ./Libraries/FT800-FT813-5.x/EVE_commands.o
 .text.EVE_pdn_set
                0x08001b04       0x10 ./Libraries/FT800-FT813-5.x/EVE_commands.o
 .text.EVE_pdn_clear
                0x08001b14       0x10 ./Libraries/FT800-FT813-5.x/EVE_commands.o
 .text.EVE_cs_set
                0x08001b24       0x10 ./Libraries/FT800-FT813-5.x/EVE_commands.o
 .text.EVE_cs_clear
                0x08001b34       0x10 ./Libraries/FT800-FT813-5.x/EVE_commands.o
 .text.spi_transmit
                0x08001b44       0x38 ./Libraries/FT800-FT813-5.x/EVE_commands.o
 .text.spi_transmit_32
                0x08001b7c       0x3c ./Libraries/FT800-FT813-5.x/EVE_commands.o
 .text.spi_transmit_burst
                0x08001bb8       0x14 ./Libraries/FT800-FT813-5.x/EVE_commands.o
 .text.spi_receive
                0x08001bcc       0x3c ./Libraries/FT800-FT813-5.x/EVE_commands.o
 .text.fetch_flash_byte
                0x08001c08       0x18 ./Libraries/FT800-FT813-5.x/EVE_commands.o
 .text.EVE_cmdWrite
                0x08001c20       0x34 ./Libraries/FT800-FT813-5.x/EVE_commands.o
                0x08001c20                EVE_cmdWrite
 .text.EVE_memRead8
                0x08001c54       0x4c ./Libraries/FT800-FT813-5.x/EVE_commands.o
                0x08001c54                EVE_memRead8
 .text.EVE_memRead16
                0x08001ca0       0x64 ./Libraries/FT800-FT813-5.x/EVE_commands.o
                0x08001ca0                EVE_memRead16
 .text.EVE_memWrite8
                0x08001d04       0x4c ./Libraries/FT800-FT813-5.x/EVE_commands.o
                0x08001d04                EVE_memWrite8
 .text.EVE_memWrite16
                0x08001d50       0x5c ./Libraries/FT800-FT813-5.x/EVE_commands.o
                0x08001d50                EVE_memWrite16
 .text.EVE_memWrite32
                0x08001dac       0x70 ./Libraries/FT800-FT813-5.x/EVE_commands.o
                0x08001dac                EVE_memWrite32
 .text.EVE_busy
                0x08001e1c       0xf0 ./Libraries/FT800-FT813-5.x/EVE_commands.o
                0x08001e1c                EVE_busy
 .text.EVE_begin_cmd
                0x08001f0c       0x48 ./Libraries/FT800-FT813-5.x/EVE_commands.o
                0x08001f0c                EVE_begin_cmd
 .text.spi_flash_write
                0x08001f54       0x74 ./Libraries/FT800-FT813-5.x/EVE_commands.o
                0x08001f54                spi_flash_write
 .text.block_transfer
                0x08001fc8       0x8c ./Libraries/FT800-FT813-5.x/EVE_commands.o
                0x08001fc8                block_transfer
 .text.EVE_cmd_inflate
                0x08002054       0x34 ./Libraries/FT800-FT813-5.x/EVE_commands.o
                0x08002054                EVE_cmd_inflate
 .text.EVE_cmd_memcpy
                0x08002088       0x3c ./Libraries/FT800-FT813-5.x/EVE_commands.o
                0x08002088                EVE_cmd_memcpy
 .text.EVE_init
                0x080020c4      0x270 ./Libraries/FT800-FT813-5.x/EVE_commands.o
                0x080020c4                EVE_init
 .text.EVE_start_cmd_burst
                0x08002334       0x4c ./Libraries/FT800-FT813-5.x/EVE_commands.o
                0x08002334                EVE_start_cmd_burst
 .text.EVE_end_cmd_burst
                0x08002380       0x14 ./Libraries/FT800-FT813-5.x/EVE_commands.o
                0x08002380                EVE_end_cmd_burst
 .text.EVE_start_command
                0x08002394       0x48 ./Libraries/FT800-FT813-5.x/EVE_commands.o
                0x08002394                EVE_start_command
 .text.EVE_write_string
                0x080023dc      0x114 ./Libraries/FT800-FT813-5.x/EVE_commands.o
                0x080023dc                EVE_write_string
 .text.EVE_cmd_dl
                0x080024f0       0x28 ./Libraries/FT800-FT813-5.x/EVE_commands.o
                0x080024f0                EVE_cmd_dl
 .text.EVE_cmd_dl_burst
                0x08002518       0x14 ./Libraries/FT800-FT813-5.x/EVE_commands.o
                0x08002518                EVE_cmd_dl_burst
 .text.EVE_cmd_append_burst
                0x0800252c       0x24 ./Libraries/FT800-FT813-5.x/EVE_commands.o
                0x0800252c                EVE_cmd_append_burst
 .text.EVE_cmd_bgcolor
                0x08002550       0x50 ./Libraries/FT800-FT813-5.x/EVE_commands.o
                0x08002550                EVE_cmd_bgcolor
 .text.EVE_cmd_bgcolor_burst
                0x080025a0       0x1c ./Libraries/FT800-FT813-5.x/EVE_commands.o
                0x080025a0                EVE_cmd_bgcolor_burst
 .text.EVE_cmd_button_burst
                0x080025bc       0x68 ./Libraries/FT800-FT813-5.x/EVE_commands.o
                0x080025bc                EVE_cmd_button_burst
 .text.EVE_cmd_fgcolor_burst
                0x08002624       0x1c ./Libraries/FT800-FT813-5.x/EVE_commands.o
                0x08002624                EVE_cmd_fgcolor_burst
 .text.EVE_cmd_gradcolor_burst
                0x08002640       0x1c ./Libraries/FT800-FT813-5.x/EVE_commands.o
                0x08002640                EVE_cmd_gradcolor_burst
 .text.EVE_cmd_number
                0x0800265c       0xac ./Libraries/FT800-FT813-5.x/EVE_commands.o
                0x0800265c                EVE_cmd_number
 .text.EVE_cmd_number_burst
                0x08002708       0x58 ./Libraries/FT800-FT813-5.x/EVE_commands.o
                0x08002708                EVE_cmd_number_burst
 .text.EVE_cmd_setbitmap_burst
                0x08002760       0x44 ./Libraries/FT800-FT813-5.x/EVE_commands.o
                0x08002760                EVE_cmd_setbitmap_burst
 .text.EVE_cmd_text
                0x080027a4       0xac ./Libraries/FT800-FT813-5.x/EVE_commands.o
                0x080027a4                EVE_cmd_text
 .text.EVE_cmd_text_burst
                0x08002850       0x54 ./Libraries/FT800-FT813-5.x/EVE_commands.o
                0x08002850                EVE_cmd_text_burst
 .text.EVE_cmd_toggle_burst
                0x080028a4       0x64 ./Libraries/FT800-FT813-5.x/EVE_commands.o
                0x080028a4                EVE_cmd_toggle_burst
 .text.TFT_GraphStatic
                0x08002908      0x9c4 ./Libraries/FT800-FT813-5.x/tft.o
                0x08002908                TFT_GraphStatic
 .text.TFT_GraphData
                0x080032cc      0x210 ./Libraries/FT800-FT813-5.x/tft.o
                0x080032cc                TFT_GraphData
 .text.touch_calibrate
                0x080034dc       0x60 ./Libraries/FT800-FT813-5.x/tft.o
                0x080034dc                touch_calibrate
 .text.TFT_display_init_screen
                0x0800353c       0x84 ./Libraries/FT800-FT813-5.x/tft.o
                0x0800353c                TFT_display_init_screen
 .text.initStaticGraphBackground
                0x080035c0      0x194 ./Libraries/FT800-FT813-5.x/tft.o
                0x080035c0                initStaticGraphBackground
 .text.TFT_init
                0x08003754       0x7c ./Libraries/FT800-FT813-5.x/tft.o
                0x08003754                TFT_init
 .text.TFT_touch
                0x080037d0      0x118 ./Libraries/FT800-FT813-5.x/tft.o
                0x080037d0                TFT_touch
 .text.TFT_display
                0x080038e8      0x2d0 ./Libraries/FT800-FT813-5.x/tft.o
                0x080038e8                TFT_display
 .text.XMC_CCU4_EnableClock
                0x08003bb8       0x20 ./Dave/Generated/TIMER/timer.o
 .text.XMC_CCU4_SLICE_StartTimer
                0x08003bd8       0x18 ./Dave/Generated/TIMER/timer.o
 .text.XMC_CCU4_SLICE_ClearTimer
                0x08003bf0       0x18 ./Dave/Generated/TIMER/timer.o
 .text.XMC_CCU4_SLICE_SetTimerPeriodMatch
                0x08003c08       0x1c ./Dave/Generated/TIMER/timer.o
 .text.XMC_CCU4_SLICE_SetTimerCompareMatch
                0x08003c24       0x1c ./Dave/Generated/TIMER/timer.o
 .text.XMC_CCU4_EnableShadowTransfer
                0x08003c40       0x1c ./Dave/Generated/TIMER/timer.o
 .text.XMC_CCU4_SLICE_EnableEvent
                0x08003c5c       0x2c ./Dave/Generated/TIMER/timer.o
 .text.TIMER_Init
                0x08003c88       0x3c ./Dave/Generated/TIMER/timer.o
                0x08003c88                TIMER_Init
 .text.TIMER_CCU4_lInit
                0x08003cc4       0x98 ./Dave/Generated/TIMER/timer.o
                0x08003cc4                TIMER_CCU4_lInit
 .text.TIMER_CCU4_lShadowTransfer
                0x08003d5c       0x3c ./Dave/Generated/TIMER/timer.o
                0x08003d5c                TIMER_CCU4_lShadowTransfer
 .text.XMC_USIC_CH_WriteToTBUFTCI
                0x08003d98       0x24 ./Dave/Generated/SPI_MASTER/spi_master.o
 .text.XMC_USIC_CH_GetTransmitBufferStatus
                0x08003dbc       0x20 ./Dave/Generated/SPI_MASTER/spi_master.o
 .text.XMC_USIC_CH_GetReceiveBufferStatus
                0x08003ddc       0x1c ./Dave/Generated/SPI_MASTER/spi_master.o
 .text.XMC_USIC_CH_TXFIFO_PutDataHPCMode
                0x08003df8       0x24 ./Dave/Generated/SPI_MASTER/spi_master.o
 .text.XMC_USIC_CH_TXFIFO_Flush
                0x08003e1c       0x1c ./Dave/Generated/SPI_MASTER/spi_master.o
 .text.XMC_USIC_CH_TXFIFO_IsFull
                0x08003e38       0x28 ./Dave/Generated/SPI_MASTER/spi_master.o
 .text.XMC_USIC_CH_RXFIFO_Flush
                0x08003e60       0x1c ./Dave/Generated/SPI_MASTER/spi_master.o
 .text.XMC_USIC_CH_RXFIFO_IsEmpty
                0x08003e7c       0x28 ./Dave/Generated/SPI_MASTER/spi_master.o
 .text.XMC_USIC_CH_RXFIFO_ClearEvent
                0x08003ea4       0x1c ./Dave/Generated/SPI_MASTER/spi_master.o
 .text.XMC_SPI_CH_SetTransmitMode
                0x08003ec0       0x2c ./Dave/Generated/SPI_MASTER/spi_master.o
 .text.XMC_SPI_CH_GetStatusFlag
                0x08003eec       0x18 ./Dave/Generated/SPI_MASTER/spi_master.o
 .text.XMC_SPI_CH_ClearStatusFlag
                0x08003f04       0x20 ./Dave/Generated/SPI_MASTER/spi_master.o
 .text.SPI_MASTER_Init
                0x08003f24       0x20 ./Dave/Generated/SPI_MASTER/spi_master.o
                0x08003f24                SPI_MASTER_Init
 .text.SPI_MASTER_Transmit
                0x08003f44       0x34 ./Dave/Generated/SPI_MASTER/spi_master.o
                0x08003f44                SPI_MASTER_Transmit
 .text.SPI_MASTER_Receive
                0x08003f78       0x34 ./Dave/Generated/SPI_MASTER/spi_master.o
                0x08003f78                SPI_MASTER_Receive
 .text.SPI_MASTER_lStartTransmitPolling
                0x08003fac      0x21c ./Dave/Generated/SPI_MASTER/spi_master.o
 .text.SPI_MASTER_lStartReceivePolling
                0x080041c8       0x98 ./Dave/Generated/SPI_MASTER/spi_master.o
 .text.SPI_MASTER_lReceivePolling
                0x08004260      0x400 ./Dave/Generated/SPI_MASTER/spi_master.o
 .text.SPI_MASTER_lStdRBUFFlush
                0x08004660       0x1c ./Dave/Generated/SPI_MASTER/spi_master.o
 .text.XMC_USIC_CH_SetInputSource
                0x0800467c       0x3c ./Dave/Generated/SPI_MASTER/spi_master_conf.o
 .text.XMC_USIC_CH_SetWordLength
                0x080046b8       0x2c ./Dave/Generated/SPI_MASTER/spi_master_conf.o
 .text.XMC_USIC_CH_SetFrameLength
                0x080046e4       0x2c ./Dave/Generated/SPI_MASTER/spi_master_conf.o
 .text.XMC_USIC_CH_ConfigureShiftClockOutput
                0x08004710       0x2c ./Dave/Generated/SPI_MASTER/spi_master_conf.o
 .text.XMC_USIC_CH_SetMode
                0x0800473c       0x28 ./Dave/Generated/SPI_MASTER/spi_master_conf.o
 .text.XMC_SPI_CH_Start
                0x08004764       0x18 ./Dave/Generated/SPI_MASTER/spi_master_conf.o
 .text.XMC_SPI_CH_SetBitOrderMsbFirst
                0x0800477c       0x20 ./Dave/Generated/SPI_MASTER/spi_master_conf.o
 .text.XMC_SPI_CH_SetSlaveSelectDelay
                0x0800479c       0x2c ./Dave/Generated/SPI_MASTER/spi_master_conf.o
 .text.XMC_SPI_CH_DisableFEM
                0x080047c8       0x20 ./Dave/Generated/SPI_MASTER/spi_master_conf.o
 .text.XMC_SPI_CH_ConfigureShiftClockOutput
                0x080047e8       0x1c ./Dave/Generated/SPI_MASTER/spi_master_conf.o
 .text.XMC_SPI_CH_SetWordLength
                0x08004804       0x1c ./Dave/Generated/SPI_MASTER/spi_master_conf.o
 .text.XMC_SPI_CH_SetFrameLength
                0x08004820       0x1c ./Dave/Generated/SPI_MASTER/spi_master_conf.o
 .text.XMC_SPI_CH_SetInputSource
                0x0800483c       0x44 ./Dave/Generated/SPI_MASTER/spi_master_conf.o
 .text.SPI_MASTER_0_lInit
                0x08004880       0x9c ./Dave/Generated/SPI_MASTER/spi_master_conf.o
 .text.XMC_CCU4_StartPrescaler
                0x0800491c       0x1c ./Dave/Generated/GLOBAL_CCU4/global_ccu4.o
 .text.GLOBAL_CCU4_Init
                0x08004938       0x40 ./Dave/Generated/GLOBAL_CCU4/global_ccu4.o
                0x08004938                GLOBAL_CCU4_Init
 .text.XMC_VADC_GLOBAL_DisablePostCalibration
                0x08004978       0x2c ./Dave/Generated/GLOBAL_ADC/global_adc.o
 .text.GLOBAL_ADC_Init
                0x080049a4       0xb0 ./Dave/Generated/GLOBAL_ADC/global_adc.o
                0x080049a4                GLOBAL_ADC_Init
 .text.DIGITAL_IO_Init
                0x08004a54       0x40 ./Dave/Generated/DIGITAL_IO/digital_io.o
                0x08004a54                DIGITAL_IO_Init
 .text.__NVIC_SetPriorityGrouping
                0x08004a94       0x48 ./Dave/Generated/CPU_CTRL_XMC4/cpu_ctrl_xmc4_conf.o
 .text.SystemCoreSetup
                0x08004adc       0xa0 ./Dave/Generated/CPU_CTRL_XMC4/cpu_ctrl_xmc4_conf.o
                0x08004adc                SystemCoreSetup
 .text.CLOCK_XMC4_Init
                0x08004b7c       0x20 ./Dave/Generated/CLOCK_XMC4/clock_xmc4.o
                0x08004b7c                CLOCK_XMC4_Init
 .text.OSCHP_GetFrequency
                0x08004b9c       0x14 ./Dave/Generated/CLOCK_XMC4/clock_xmc4.o
                0x08004b9c                OSCHP_GetFrequency
 .text.SystemCoreClockSetup
                0x08004bb0       0x54 ./Dave/Generated/CLOCK_XMC4/clock_xmc4_conf.o
                0x08004bb0                SystemCoreClockSetup
 .text.__NVIC_GetPriorityGrouping
                0x08004c04       0x1c ./Dave/Generated/ADC_MEASUREMENT/adc_measurement.o
 .text.__NVIC_EnableIRQ
                0x08004c20       0x38 ./Dave/Generated/ADC_MEASUREMENT/adc_measurement.o
 .text.__NVIC_SetPriority
                0x08004c58       0x54 ./Dave/Generated/ADC_MEASUREMENT/adc_measurement.o
 .text.NVIC_EncodePriority
                0x08004cac       0x64 ./Dave/Generated/ADC_MEASUREMENT/adc_measurement.o
 .text.XMC_VADC_GLOBAL_BackgroundTriggerConversion
                0x08004d10       0x24 ./Dave/Generated/ADC_MEASUREMENT/adc_measurement.o
 .text.XMC_VADC_GLOBAL_BackgroundAddChannelToSequence
                0x08004d34       0x38 ./Dave/Generated/ADC_MEASUREMENT/adc_measurement.o
 .text.XMC_VADC_GROUP_ResultInit
                0x08004d6c       0x24 ./Dave/Generated/ADC_MEASUREMENT/adc_measurement.o
 .text.XMC_VADC_GROUP_GetResult
                0x08004d90       0x24 ./Dave/Generated/ADC_MEASUREMENT/adc_measurement.o
 .text.ADC_MEASUREMENT_Init
                0x08004db4      0x150 ./Dave/Generated/ADC_MEASUREMENT/adc_measurement.o
                0x08004db4                ADC_MEASUREMENT_Init
 .text.ADC_MEASUREMENT_GetResult
                0x08004f04       0x30 ./Dave/Generated/ADC_MEASUREMENT/adc_measurement.o
                0x08004f04                ADC_MEASUREMENT_GetResult
 .text.DAVE_Init
                0x08004f34       0x88 ./Dave/Generated/DAVE.o
                0x08004f34                DAVE_Init
 .text.SysTick_Handler
                0x08004fbc       0x1c ./globals.o
                0x08004fbc                SysTick_Handler
 .text.delay_ms
                0x08004fd8       0x30 ./globals.o
                0x08004fd8                delay_ms
 .text.__NVIC_SetPriority
                0x08005008       0x54 ./main.o
 .text.SysTick_Config
                0x0800505c       0x44 ./main.o
 .text.XMC_GPIO_SetOutputHigh
                0x080050a0       0x20 ./main.o
 .text.DIGITAL_IO_SetOutputHigh
                0x080050c0       0x20 ./main.o
 .text.main     0x080050e0       0xac ./main.o
                0x080050e0                main
 *fill*         0x0800518c        0x4 
 .text.VADC0_C0_2_IRQHandler
                0x08005190      0x1d0 ./measure.o
                0x08005190                VADC0_C0_2_IRQHandler
 .text.ceil     0x08005360      0x108 c:/workspaces/dave_4-4-2_64bit_2018-02-23/dave-ide-4.4.2-64bit/eclipse/arm-gcc-49/bin/../lib/gcc/arm-none-eabi/4.9.3/../../../../arm-none-eabi/lib/armv7e-m/softfp\libm.a(lib_a-s_ceil.o)
                0x08005360                ceil
 .text.floor    0x08005468      0x110 c:/workspaces/dave_4-4-2_64bit_2018-02-23/dave-ide-4.4.2-64bit/eclipse/arm-gcc-49/bin/../lib/gcc/arm-none-eabi/4.9.3/../../../../arm-none-eabi/lib/armv7e-m/softfp\libm.a(lib_a-s_floor.o)
                0x08005468                floor
 .text.sin      0x08005578       0x94 c:/workspaces/dave_4-4-2_64bit_2018-02-23/dave-ide-4.4.2-64bit/eclipse/arm-gcc-49/bin/../lib/gcc/arm-none-eabi/4.9.3/../../../../arm-none-eabi/lib/armv7e-m/softfp\libm.a(lib_a-s_sin.o)
                0x08005578                sin
 *fill*         0x0800560c        0x4 
 .text.__ieee754_rem_pio2
                0x08005610      0x440 c:/workspaces/dave_4-4-2_64bit_2018-02-23/dave-ide-4.4.2-64bit/eclipse/arm-gcc-49/bin/../lib/gcc/arm-none-eabi/4.9.3/../../../../arm-none-eabi/lib/armv7e-m/softfp\libm.a(lib_a-e_rem_pio2.o)
                0x08005610                __ieee754_rem_pio2
 .text.__kernel_cos
                0x08005a50      0x250 c:/workspaces/dave_4-4-2_64bit_2018-02-23/dave-ide-4.4.2-64bit/eclipse/arm-gcc-49/bin/../lib/gcc/arm-none-eabi/4.9.3/../../../../arm-none-eabi/lib/armv7e-m/softfp\libm.a(lib_a-k_cos.o)
                0x08005a50                __kernel_cos
 .text.__kernel_rem_pio2
                0x08005ca0      0x7d8 c:/workspaces/dave_4-4-2_64bit_2018-02-23/dave-ide-4.4.2-64bit/eclipse/arm-gcc-49/bin/../lib/gcc/arm-none-eabi/4.9.3/../../../../arm-none-eabi/lib/armv7e-m/softfp\libm.a(lib_a-k_rem_pio2.o)
                0x08005ca0                __kernel_rem_pio2
 .text.__kernel_sin
                0x08006478      0x170 c:/workspaces/dave_4-4-2_64bit_2018-02-23/dave-ide-4.4.2-64bit/eclipse/arm-gcc-49/bin/../lib/gcc/arm-none-eabi/4.9.3/../../../../arm-none-eabi/lib/armv7e-m/softfp\libm.a(lib_a-k_sin.o)
                0x08006478                __kernel_sin
 .text.fabs     0x080065e8        0x8 c:/workspaces/dave_4-4-2_64bit_2018-02-23/dave-ide-4.4.2-64bit/eclipse/arm-gcc-49/bin/../lib/gcc/arm-none-eabi/4.9.3/../../../../arm-none-eabi/lib/armv7e-m/softfp\libm.a(lib_a-s_fabs.o)
                0x080065e8                fabs
 .text.scalbn   0x080065f0      0x108 c:/workspaces/dave_4-4-2_64bit_2018-02-23/dave-ide-4.4.2-64bit/eclipse/arm-gcc-49/bin/../lib/gcc/arm-none-eabi/4.9.3/../../../../arm-none-eabi/lib/armv7e-m/softfp\libm.a(lib_a-s_scalbn.o)
                0x080065f0                scalbn
 .text.copysign
                0x080066f8       0x10 c:/workspaces/dave_4-4-2_64bit_2018-02-23/dave-ide-4.4.2-64bit/eclipse/arm-gcc-49/bin/../lib/gcc/arm-none-eabi/4.9.3/../../../../arm-none-eabi/lib/armv7e-m/softfp\libm.a(lib_a-s_copysign.o)
                0x080066f8                copysign
 .text          0x08006708      0x370 c:/workspaces/dave_4-4-2_64bit_2018-02-23/dave-ide-4.4.2-64bit/eclipse/arm-gcc-49/bin/../lib/gcc/arm-none-eabi/4.9.3/armv7e-m/softfp\libgcc.a(_arm_addsubdf3.o)
                0x08006708                __aeabi_drsub
                0x08006710                __aeabi_dsub
                0x08006710                __subdf3
                0x08006714                __aeabi_dadd
                0x08006714                __adddf3
                0x0800698c                __floatunsidf
                0x0800698c                __aeabi_ui2d
                0x080069ac                __floatsidf
                0x080069ac                __aeabi_i2d
                0x080069d0                __aeabi_f2d
                0x080069d0                __extendsfdf2
                0x08006a0c                __floatundidf
                0x08006a0c                __aeabi_ul2d
                0x08006a1c                __floatdidf
                0x08006a1c                __aeabi_l2d
 .text          0x08006a78      0x424 c:/workspaces/dave_4-4-2_64bit_2018-02-23/dave-ide-4.4.2-64bit/eclipse/arm-gcc-49/bin/../lib/gcc/arm-none-eabi/4.9.3/armv7e-m/softfp\libgcc.a(_arm_muldivdf3.o)
                0x08006a78                __aeabi_dmul
                0x08006a78                __muldf3
                0x08006ccc                __divdf3
                0x08006ccc                __aeabi_ddiv
 .text          0x08006e9c      0x110 c:/workspaces/dave_4-4-2_64bit_2018-02-23/dave-ide-4.4.2-64bit/eclipse/arm-gcc-49/bin/../lib/gcc/arm-none-eabi/4.9.3/armv7e-m/softfp\libgcc.a(_arm_cmpdf2.o)
                0x08006e9c                __gtdf2
                0x08006e9c                __gedf2
                0x08006ea4                __ltdf2
                0x08006ea4                __ledf2
                0x08006eac                __nedf2
                0x08006eac                __eqdf2
                0x08006eac                __cmpdf2
                0x08006f28                __aeabi_cdrcmple
                0x08006f38                __aeabi_cdcmpeq
                0x08006f38                __aeabi_cdcmple
                0x08006f48                __aeabi_dcmpeq
                0x08006f5c                __aeabi_dcmplt
                0x08006f70                __aeabi_dcmple
                0x08006f84                __aeabi_dcmpge
                0x08006f98                __aeabi_dcmpgt
 .text          0x08006fac       0x50 c:/workspaces/dave_4-4-2_64bit_2018-02-23/dave-ide-4.4.2-64bit/eclipse/arm-gcc-49/bin/../lib/gcc/arm-none-eabi/4.9.3/armv7e-m/softfp\libgcc.a(_arm_fixdfsi.o)
                0x08006fac                __aeabi_d2iz
                0x08006fac                __fixdfsi
 .text          0x08006ffc       0x40 c:/workspaces/dave_4-4-2_64bit_2018-02-23/dave-ide-4.4.2-64bit/eclipse/arm-gcc-49/bin/../lib/gcc/arm-none-eabi/4.9.3/armv7e-m/softfp\libgcc.a(_arm_fixunsdfsi.o)
                0x08006ffc                __aeabi_d2uiz
                0x08006ffc                __fixunsdfsi
 .text.__errno  0x0800703c        0xc c:/workspaces/dave_4-4-2_64bit_2018-02-23/dave-ide-4.4.2-64bit/eclipse/arm-gcc-49/bin/../lib/gcc/arm-none-eabi/4.9.3/../../../../arm-none-eabi/lib/armv7e-m/softfp\libg_nano.a(lib_a-errno.o)
                0x0800703c                __errno
 .text.memcpy   0x08007048       0x16 c:/workspaces/dave_4-4-2_64bit_2018-02-23/dave-ide-4.4.2-64bit/eclipse/arm-gcc-49/bin/../lib/gcc/arm-none-eabi/4.9.3/../../../../arm-none-eabi/lib/armv7e-m/softfp\libg_nano.a(lib_a-memcpy.o)
                0x08007048                memcpy
 .text.memset   0x0800705e       0x10 c:/workspaces/dave_4-4-2_64bit_2018-02-23/dave-ide-4.4.2-64bit/eclipse/arm-gcc-49/bin/../lib/gcc/arm-none-eabi/4.9.3/../../../../arm-none-eabi/lib/armv7e-m/softfp\libg_nano.a(lib_a-memset.o)
                0x0800705e                memset
 .text.__cvt    0x0800706e       0xc0 c:/workspaces/dave_4-4-2_64bit_2018-02-23/dave-ide-4.4.2-64bit/eclipse/arm-gcc-49/bin/../lib/gcc/arm-none-eabi/4.9.3/../../../../arm-none-eabi/lib/armv7e-m/softfp\libg_nano.a(lib_a-nano-vfprintf_float.o)
                0x0800706e                __cvt
 .text.__exponent
                0x0800712e       0x60 c:/workspaces/dave_4-4-2_64bit_2018-02-23/dave-ide-4.4.2-64bit/eclipse/arm-gcc-49/bin/../lib/gcc/arm-none-eabi/4.9.3/../../../../arm-none-eabi/lib/armv7e-m/softfp\libg_nano.a(lib_a-nano-vfprintf_float.o)
                0x0800712e                __exponent
 *fill*         0x0800718e        0x2 
 .text._printf_float
                0x08007190      0x488 c:/workspaces/dave_4-4-2_64bit_2018-02-23/dave-ide-4.4.2-64bit/eclipse/arm-gcc-49/bin/../lib/gcc/arm-none-eabi/4.9.3/../../../../arm-none-eabi/lib/armv7e-m/softfp\libg_nano.a(lib_a-nano-vfprintf_float.o)
                0x08007190                _printf_float
 .text._printf_common
                0x08007618       0xea c:/workspaces/dave_4-4-2_64bit_2018-02-23/dave-ide-4.4.2-64bit/eclipse/arm-gcc-49/bin/../lib/gcc/arm-none-eabi/4.9.3/../../../../arm-none-eabi/lib/armv7e-m/softfp\libg_nano.a(lib_a-nano-vfprintf_i.o)
                0x08007618                _printf_common
 *fill*         0x08007702        0x2 
 .text._printf_i
                0x08007704      0x234 c:/workspaces/dave_4-4-2_64bit_2018-02-23/dave-ide-4.4.2-64bit/eclipse/arm-gcc-49/bin/../lib/gcc/arm-none-eabi/4.9.3/../../../../arm-none-eabi/lib/armv7e-m/softfp\libg_nano.a(lib_a-nano-vfprintf_i.o)
                0x08007704                _printf_i
 .text.printf   0x08007938       0x30 c:/workspaces/dave_4-4-2_64bit_2018-02-23/dave-ide-4.4.2-64bit/eclipse/arm-gcc-49/bin/../lib/gcc/arm-none-eabi/4.9.3/../../../../arm-none-eabi/lib/armv7e-m/softfp\libg_nano.a(lib_a-printf.o)
                0x08007938                iprintf
                0x08007938                printf
 .text._puts_r  0x08007968       0xbc c:/workspaces/dave_4-4-2_64bit_2018-02-23/dave-ide-4.4.2-64bit/eclipse/arm-gcc-49/bin/../lib/gcc/arm-none-eabi/4.9.3/../../../../arm-none-eabi/lib/armv7e-m/softfp\libg_nano.a(lib_a-puts.o)
                0x08007968                _puts_r
 .text.puts     0x08007a24       0x10 c:/workspaces/dave_4-4-2_64bit_2018-02-23/dave-ide-4.4.2-64bit/eclipse/arm-gcc-49/bin/../lib/gcc/arm-none-eabi/4.9.3/../../../../arm-none-eabi/lib/armv7e-m/softfp\libg_nano.a(lib_a-puts.o)
                0x08007a24                puts
 .text.__fpclassifyd
                0x08007a34       0x54 c:/workspaces/dave_4-4-2_64bit_2018-02-23/dave-ide-4.4.2-64bit/eclipse/arm-gcc-49/bin/../lib/gcc/arm-none-eabi/4.9.3/../../../../arm-none-eabi/lib/armv7e-m/softfp\libg_nano.a(lib_a-s_fpclassify.o)
                0x08007a34                __fpclassifyd
 .text.sprintf  0x08007a88       0x48 c:/workspaces/dave_4-4-2_64bit_2018-02-23/dave-ide-4.4.2-64bit/eclipse/arm-gcc-49/bin/../lib/gcc/arm-none-eabi/4.9.3/../../../../arm-none-eabi/lib/armv7e-m/softfp\libg_nano.a(lib_a-sprintf.o)
                0x08007a88                siprintf
                0x08007a88                sprintf
 .text.strlen   0x08007ad0       0x10 c:/workspaces/dave_4-4-2_64bit_2018-02-23/dave-ide-4.4.2-64bit/eclipse/arm-gcc-49/bin/../lib/gcc/arm-none-eabi/4.9.3/../../../../arm-none-eabi/lib/armv7e-m/softfp\libg_nano.a(lib_a-strlen.o)
                0x08007ad0                strlen
 .text.__swbuf_r
                0x08007ae0       0xa8 c:/workspaces/dave_4-4-2_64bit_2018-02-23/dave-ide-4.4.2-64bit/eclipse/arm-gcc-49/bin/../lib/gcc/arm-none-eabi/4.9.3/../../../../arm-none-eabi/lib/armv7e-m/softfp\libg_nano.a(lib_a-wbuf.o)
                0x08007ae0                __swbuf_r
 .text.__swsetup_r
                0x08007b88       0xd8 c:/workspaces/dave_4-4-2_64bit_2018-02-23/dave-ide-4.4.2-64bit/eclipse/arm-gcc-49/bin/../lib/gcc/arm-none-eabi/4.9.3/../../../../arm-none-eabi/lib/armv7e-m/softfp\libg_nano.a(lib_a-wsetup.o)
                0x08007b88                __swsetup_r
 .text.quorem   0x08007c60      0x11a c:/workspaces/dave_4-4-2_64bit_2018-02-23/dave-ide-4.4.2-64bit/eclipse/arm-gcc-49/bin/../lib/gcc/arm-none-eabi/4.9.3/../../../../arm-none-eabi/lib/armv7e-m/softfp\libg_nano.a(lib_a-dtoa.o)
 *fill*         0x08007d7a        0x6 
 .text._dtoa_r  0x08007d80      0xb88 c:/workspaces/dave_4-4-2_64bit_2018-02-23/dave-ide-4.4.2-64bit/eclipse/arm-gcc-49/bin/../lib/gcc/arm-none-eabi/4.9.3/../../../../arm-none-eabi/lib/armv7e-m/softfp\libg_nano.a(lib_a-dtoa.o)
                0x08007d80                _dtoa_r
 .text.__sflush_r
                0x08008908      0x108 c:/workspaces/dave_4-4-2_64bit_2018-02-23/dave-ide-4.4.2-64bit/eclipse/arm-gcc-49/bin/../lib/gcc/arm-none-eabi/4.9.3/../../../../arm-none-eabi/lib/armv7e-m/softfp\libg_nano.a(lib_a-fflush.o)
                0x08008908                __sflush_r
 .text._fflush_r
                0x08008a10       0x54 c:/workspaces/dave_4-4-2_64bit_2018-02-23/dave-ide-4.4.2-64bit/eclipse/arm-gcc-49/bin/../lib/gcc/arm-none-eabi/4.9.3/../../../../arm-none-eabi/lib/armv7e-m/softfp\libg_nano.a(lib_a-fflush.o)
                0x08008a10                _fflush_r
 .text._cleanup_r
                0x08008a64        0xc c:/workspaces/dave_4-4-2_64bit_2018-02-23/dave-ide-4.4.2-64bit/eclipse/arm-gcc-49/bin/../lib/gcc/arm-none-eabi/4.9.3/../../../../arm-none-eabi/lib/armv7e-m/softfp\libg_nano.a(lib_a-findfp.o)
                0x08008a64                _cleanup_r
 .text.std.isra.0
                0x08008a70       0x48 c:/workspaces/dave_4-4-2_64bit_2018-02-23/dave-ide-4.4.2-64bit/eclipse/arm-gcc-49/bin/../lib/gcc/arm-none-eabi/4.9.3/../../../../arm-none-eabi/lib/armv7e-m/softfp\libg_nano.a(lib_a-findfp.o)
 .text.__sfmoreglue
                0x08008ab8       0x2c c:/workspaces/dave_4-4-2_64bit_2018-02-23/dave-ide-4.4.2-64bit/eclipse/arm-gcc-49/bin/../lib/gcc/arm-none-eabi/4.9.3/../../../../arm-none-eabi/lib/armv7e-m/softfp\libg_nano.a(lib_a-findfp.o)
                0x08008ab8                __sfmoreglue
 .text.__sinit  0x08008ae4       0x60 c:/workspaces/dave_4-4-2_64bit_2018-02-23/dave-ide-4.4.2-64bit/eclipse/arm-gcc-49/bin/../lib/gcc/arm-none-eabi/4.9.3/../../../../arm-none-eabi/lib/armv7e-m/softfp\libg_nano.a(lib_a-findfp.o)
                0x08008ae4                __sinit
 .text.__sfp    0x08008b44       0x74 c:/workspaces/dave_4-4-2_64bit_2018-02-23/dave-ide-4.4.2-64bit/eclipse/arm-gcc-49/bin/../lib/gcc/arm-none-eabi/4.9.3/../../../../arm-none-eabi/lib/armv7e-m/softfp\libg_nano.a(lib_a-findfp.o)
                0x08008b44                __sfp
 .text._fwalk_reent
                0x08008bb8       0x3c c:/workspaces/dave_4-4-2_64bit_2018-02-23/dave-ide-4.4.2-64bit/eclipse/arm-gcc-49/bin/../lib/gcc/arm-none-eabi/4.9.3/../../../../arm-none-eabi/lib/armv7e-m/softfp\libg_nano.a(lib_a-fwalk.o)
                0x08008bb8                _fwalk_reent
 .text._localeconv_r
                0x08008bf4        0x8 c:/workspaces/dave_4-4-2_64bit_2018-02-23/dave-ide-4.4.2-64bit/eclipse/arm-gcc-49/bin/../lib/gcc/arm-none-eabi/4.9.3/../../../../arm-none-eabi/lib/armv7e-m/softfp\libg_nano.a(lib_a-locale.o)
                0x08008bf4                _localeconv_r
 .text.__smakebuf_r
                0x08008bfc       0x9c c:/workspaces/dave_4-4-2_64bit_2018-02-23/dave-ide-4.4.2-64bit/eclipse/arm-gcc-49/bin/../lib/gcc/arm-none-eabi/4.9.3/../../../../arm-none-eabi/lib/armv7e-m/softfp\libg_nano.a(lib_a-makebuf.o)
                0x08008bfc                __smakebuf_r
 .text.malloc   0x08008c98       0x10 c:/workspaces/dave_4-4-2_64bit_2018-02-23/dave-ide-4.4.2-64bit/eclipse/arm-gcc-49/bin/../lib/gcc/arm-none-eabi/4.9.3/../../../../arm-none-eabi/lib/armv7e-m/softfp\libg_nano.a(lib_a-malloc.o)
                0x08008c98                malloc
 .text.memchr   0x08008ca8       0x1e c:/workspaces/dave_4-4-2_64bit_2018-02-23/dave-ide-4.4.2-64bit/eclipse/arm-gcc-49/bin/../lib/gcc/arm-none-eabi/4.9.3/../../../../arm-none-eabi/lib/armv7e-m/softfp\libg_nano.a(lib_a-memchr.o)
                0x08008ca8                memchr
 .text._Balloc  0x08008cc6       0x6a c:/workspaces/dave_4-4-2_64bit_2018-02-23/dave-ide-4.4.2-64bit/eclipse/arm-gcc-49/bin/../lib/gcc/arm-none-eabi/4.9.3/../../../../arm-none-eabi/lib/armv7e-m/softfp\libg_nano.a(lib_a-mprec.o)
                0x08008cc6                _Balloc
 .text._Bfree   0x08008d30       0x2e c:/workspaces/dave_4-4-2_64bit_2018-02-23/dave-ide-4.4.2-64bit/eclipse/arm-gcc-49/bin/../lib/gcc/arm-none-eabi/4.9.3/../../../../arm-none-eabi/lib/armv7e-m/softfp\libg_nano.a(lib_a-mprec.o)
                0x08008d30                _Bfree
 .text.__multadd
                0x08008d5e       0x7c c:/workspaces/dave_4-4-2_64bit_2018-02-23/dave-ide-4.4.2-64bit/eclipse/arm-gcc-49/bin/../lib/gcc/arm-none-eabi/4.9.3/../../../../arm-none-eabi/lib/armv7e-m/softfp\libg_nano.a(lib_a-mprec.o)
                0x08008d5e                __multadd
 .text.__hi0bits
                0x08008dda       0x40 c:/workspaces/dave_4-4-2_64bit_2018-02-23/dave-ide-4.4.2-64bit/eclipse/arm-gcc-49/bin/../lib/gcc/arm-none-eabi/4.9.3/../../../../arm-none-eabi/lib/armv7e-m/softfp\libg_nano.a(lib_a-mprec.o)
                0x08008dda                __hi0bits
 .text.__lo0bits
                0x08008e1a       0x5a c:/workspaces/dave_4-4-2_64bit_2018-02-23/dave-ide-4.4.2-64bit/eclipse/arm-gcc-49/bin/../lib/gcc/arm-none-eabi/4.9.3/../../../../arm-none-eabi/lib/armv7e-m/softfp\libg_nano.a(lib_a-mprec.o)
                0x08008e1a                __lo0bits
 .text.__i2b    0x08008e74       0x12 c:/workspaces/dave_4-4-2_64bit_2018-02-23/dave-ide-4.4.2-64bit/eclipse/arm-gcc-49/bin/../lib/gcc/arm-none-eabi/4.9.3/../../../../arm-none-eabi/lib/armv7e-m/softfp\libg_nano.a(lib_a-mprec.o)
                0x08008e74                __i2b
 .text.__multiply
                0x08008e86      0x122 c:/workspaces/dave_4-4-2_64bit_2018-02-23/dave-ide-4.4.2-64bit/eclipse/arm-gcc-49/bin/../lib/gcc/arm-none-eabi/4.9.3/../../../../arm-none-eabi/lib/armv7e-m/softfp\libg_nano.a(lib_a-mprec.o)
                0x08008e86                __multiply
 .text.__pow5mult
                0x08008fa8       0x9c c:/workspaces/dave_4-4-2_64bit_2018-02-23/dave-ide-4.4.2-64bit/eclipse/arm-gcc-49/bin/../lib/gcc/arm-none-eabi/4.9.3/../../../../arm-none-eabi/lib/armv7e-m/softfp\libg_nano.a(lib_a-mprec.o)
                0x08008fa8                __pow5mult
 .text.__lshift
                0x08009044       0xa6 c:/workspaces/dave_4-4-2_64bit_2018-02-23/dave-ide-4.4.2-64bit/eclipse/arm-gcc-49/bin/../lib/gcc/arm-none-eabi/4.9.3/../../../../arm-none-eabi/lib/armv7e-m/softfp\libg_nano.a(lib_a-mprec.o)
                0x08009044                __lshift
 .text.__mcmp   0x080090ea       0x38 c:/workspaces/dave_4-4-2_64bit_2018-02-23/dave-ide-4.4.2-64bit/eclipse/arm-gcc-49/bin/../lib/gcc/arm-none-eabi/4.9.3/../../../../arm-none-eabi/lib/armv7e-m/softfp\libg_nano.a(lib_a-mprec.o)
                0x080090ea                __mcmp
 .text.__mdiff  0x08009122       0xbe c:/workspaces/dave_4-4-2_64bit_2018-02-23/dave-ide-4.4.2-64bit/eclipse/arm-gcc-49/bin/../lib/gcc/arm-none-eabi/4.9.3/../../../../arm-none-eabi/lib/armv7e-m/softfp\libg_nano.a(lib_a-mprec.o)
                0x08009122                __mdiff
 .text.__d2b    0x080091e0       0xa4 c:/workspaces/dave_4-4-2_64bit_2018-02-23/dave-ide-4.4.2-64bit/eclipse/arm-gcc-49/bin/../lib/gcc/arm-none-eabi/4.9.3/../../../../arm-none-eabi/lib/armv7e-m/softfp\libg_nano.a(lib_a-mprec.o)
                0x080091e0                __d2b
 .text._calloc_r
                0x08009284       0x1c c:/workspaces/dave_4-4-2_64bit_2018-02-23/dave-ide-4.4.2-64bit/eclipse/arm-gcc-49/bin/../lib/gcc/arm-none-eabi/4.9.3/../../../../arm-none-eabi/lib/armv7e-m/softfp\libg_nano.a(lib_a-nano-callocr.o)
                0x08009284                _calloc_r
 .text._free_r  0x080092a0       0x88 c:/workspaces/dave_4-4-2_64bit_2018-02-23/dave-ide-4.4.2-64bit/eclipse/arm-gcc-49/bin/../lib/gcc/arm-none-eabi/4.9.3/../../../../arm-none-eabi/lib/armv7e-m/softfp\libg_nano.a(lib_a-nano-freer.o)
                0x080092a0                _free_r
 .text._malloc_r
                0x08009328       0xac c:/workspaces/dave_4-4-2_64bit_2018-02-23/dave-ide-4.4.2-64bit/eclipse/arm-gcc-49/bin/../lib/gcc/arm-none-eabi/4.9.3/../../../../arm-none-eabi/lib/armv7e-m/softfp\libg_nano.a(lib_a-nano-mallocr.o)
                0x08009328                _malloc_r
 .text.__ssputs_r
                0x080093d4       0xb2 c:/workspaces/dave_4-4-2_64bit_2018-02-23/dave-ide-4.4.2-64bit/eclipse/arm-gcc-49/bin/../lib/gcc/arm-none-eabi/4.9.3/../../../../arm-none-eabi/lib/armv7e-m/softfp\libg_nano.a(lib_a-nano-svfprintf.o)
                0x080093d4                __ssputs_r
 *fill*         0x08009486        0x2 
 .text._svfprintf_r
                0x08009488      0x1e4 c:/workspaces/dave_4-4-2_64bit_2018-02-23/dave-ide-4.4.2-64bit/eclipse/arm-gcc-49/bin/../lib/gcc/arm-none-eabi/4.9.3/../../../../arm-none-eabi/lib/armv7e-m/softfp\libg_nano.a(lib_a-nano-svfprintf.o)
                0x08009488                _svfiprintf_r
                0x08009488                _svfprintf_r
 .text.__sfputc_r
                0x0800966c       0x2c c:/workspaces/dave_4-4-2_64bit_2018-02-23/dave-ide-4.4.2-64bit/eclipse/arm-gcc-49/bin/../lib/gcc/arm-none-eabi/4.9.3/../../../../arm-none-eabi/lib/armv7e-m/softfp\libg_nano.a(lib_a-nano-vfprintf.o)
 .text.__sfputs_r
                0x08009698       0x24 c:/workspaces/dave_4-4-2_64bit_2018-02-23/dave-ide-4.4.2-64bit/eclipse/arm-gcc-49/bin/../lib/gcc/arm-none-eabi/4.9.3/../../../../arm-none-eabi/lib/armv7e-m/softfp\libg_nano.a(lib_a-nano-vfprintf.o)
                0x08009698                __sfputs_r
 .text._vfprintf_r
                0x080096bc      0x210 c:/workspaces/dave_4-4-2_64bit_2018-02-23/dave-ide-4.4.2-64bit/eclipse/arm-gcc-49/bin/../lib/gcc/arm-none-eabi/4.9.3/../../../../arm-none-eabi/lib/armv7e-m/softfp\libg_nano.a(lib_a-nano-vfprintf.o)
                0x080096bc                _vfprintf_r
                0x080096bc                _vfiprintf_r
 .text._sbrk_r  0x080098cc       0x20 c:/workspaces/dave_4-4-2_64bit_2018-02-23/dave-ide-4.4.2-64bit/eclipse/arm-gcc-49/bin/../lib/gcc/arm-none-eabi/4.9.3/../../../../arm-none-eabi/lib/armv7e-m/softfp\libg_nano.a(lib_a-sbrkr.o)
                0x080098cc                _sbrk_r
 .text.__sread  0x080098ec       0x22 c:/workspaces/dave_4-4-2_64bit_2018-02-23/dave-ide-4.4.2-64bit/eclipse/arm-gcc-49/bin/../lib/gcc/arm-none-eabi/4.9.3/../../../../arm-none-eabi/lib/armv7e-m/softfp\libg_nano.a(lib_a-stdio.o)
                0x080098ec                __sread
 .text.__swrite
                0x0800990e       0x38 c:/workspaces/dave_4-4-2_64bit_2018-02-23/dave-ide-4.4.2-64bit/eclipse/arm-gcc-49/bin/../lib/gcc/arm-none-eabi/4.9.3/../../../../arm-none-eabi/lib/armv7e-m/softfp\libg_nano.a(lib_a-stdio.o)
                0x0800990e                __swrite
 .text.__sseek  0x08009946       0x24 c:/workspaces/dave_4-4-2_64bit_2018-02-23/dave-ide-4.4.2-64bit/eclipse/arm-gcc-49/bin/../lib/gcc/arm-none-eabi/4.9.3/../../../../arm-none-eabi/lib/armv7e-m/softfp\libg_nano.a(lib_a-stdio.o)
                0x08009946                __sseek
 .text.__sclose
                0x0800996a        0x8 c:/workspaces/dave_4-4-2_64bit_2018-02-23/dave-ide-4.4.2-64bit/eclipse/arm-gcc-49/bin/../lib/gcc/arm-none-eabi/4.9.3/../../../../arm-none-eabi/lib/armv7e-m/softfp\libg_nano.a(lib_a-stdio.o)
                0x0800996a                __sclose
 *fill*         0x08009972        0x2 
 .text._write_r
                0x08009974       0x24 c:/workspaces/dave_4-4-2_64bit_2018-02-23/dave-ide-4.4.2-64bit/eclipse/arm-gcc-49/bin/../lib/gcc/arm-none-eabi/4.9.3/../../../../arm-none-eabi/lib/armv7e-m/softfp\libg_nano.a(lib_a-writer.o)
                0x08009974                _write_r
 .text._close_r
                0x08009998       0x20 c:/workspaces/dave_4-4-2_64bit_2018-02-23/dave-ide-4.4.2-64bit/eclipse/arm-gcc-49/bin/../lib/gcc/arm-none-eabi/4.9.3/../../../../arm-none-eabi/lib/armv7e-m/softfp\libg_nano.a(lib_a-closer.o)
                0x08009998                _close_r
 .text._fstat_r
                0x080099b8       0x24 c:/workspaces/dave_4-4-2_64bit_2018-02-23/dave-ide-4.4.2-64bit/eclipse/arm-gcc-49/bin/../lib/gcc/arm-none-eabi/4.9.3/../../../../arm-none-eabi/lib/armv7e-m/softfp\libg_nano.a(lib_a-fstatr.o)
                0x080099b8                _fstat_r
 .text._isatty_r
                0x080099dc       0x20 c:/workspaces/dave_4-4-2_64bit_2018-02-23/dave-ide-4.4.2-64bit/eclipse/arm-gcc-49/bin/../lib/gcc/arm-none-eabi/4.9.3/../../../../arm-none-eabi/lib/armv7e-m/softfp\libg_nano.a(lib_a-isattyr.o)
                0x080099dc                _isatty_r
 .text._lseek_r
                0x080099fc       0x24 c:/workspaces/dave_4-4-2_64bit_2018-02-23/dave-ide-4.4.2-64bit/eclipse/arm-gcc-49/bin/../lib/gcc/arm-none-eabi/4.9.3/../../../../arm-none-eabi/lib/armv7e-m/softfp\libg_nano.a(lib_a-lseekr.o)
                0x080099fc                _lseek_r
 .text.memmove  0x08009a20       0x36 c:/workspaces/dave_4-4-2_64bit_2018-02-23/dave-ide-4.4.2-64bit/eclipse/arm-gcc-49/bin/../lib/gcc/arm-none-eabi/4.9.3/../../../../arm-none-eabi/lib/armv7e-m/softfp\libg_nano.a(lib_a-memmove.o)
                0x08009a20                memmove
 .text._realloc_r
                0x08009a56       0x4c c:/workspaces/dave_4-4-2_64bit_2018-02-23/dave-ide-4.4.2-64bit/eclipse/arm-gcc-49/bin/../lib/gcc/arm-none-eabi/4.9.3/../../../../arm-none-eabi/lib/armv7e-m/softfp\libg_nano.a(lib_a-nano-reallocr.o)
                0x08009a56                _realloc_r
 *fill*         0x08009aa2        0x2 
 .text._read_r  0x08009aa4       0x24 c:/workspaces/dave_4-4-2_64bit_2018-02-23/dave-ide-4.4.2-64bit/eclipse/arm-gcc-49/bin/../lib/gcc/arm-none-eabi/4.9.3/../../../../arm-none-eabi/lib/armv7e-m/softfp\libg_nano.a(lib_a-readr.o)
                0x08009aa4                _read_r
 .text._malloc_usable_size_r
                0x08009ac8       0x14 c:/workspaces/dave_4-4-2_64bit_2018-02-23/dave-ide-4.4.2-64bit/eclipse/arm-gcc-49/bin/../lib/gcc/arm-none-eabi/4.9.3/../../../../arm-none-eabi/lib/armv7e-m/softfp\libg_nano.a(lib_a-nano-msizer.o)
                0x08009ac8                _malloc_usable_size_r
 .text.findslot
                0x08009adc       0x34 c:/workspaces/dave_4-4-2_64bit_2018-02-23/dave-ide-4.4.2-64bit/eclipse/arm-gcc-49/bin/../lib/gcc/arm-none-eabi/4.9.3/../../../../arm-none-eabi/lib/armv7e-m/softfp\librdimon_nano.a(rdimon-syscalls.o)
 .text.error    0x08009b10       0x1c c:/workspaces/dave_4-4-2_64bit_2018-02-23/dave-ide-4.4.2-64bit/eclipse/arm-gcc-49/bin/../lib/gcc/arm-none-eabi/4.9.3/../../../../arm-none-eabi/lib/armv7e-m/softfp\librdimon_nano.a(rdimon-syscalls.o)
 .text.checkerror
                0x08009b2c        0xa c:/workspaces/dave_4-4-2_64bit_2018-02-23/dave-ide-4.4.2-64bit/eclipse/arm-gcc-49/bin/../lib/gcc/arm-none-eabi/4.9.3/../../../../arm-none-eabi/lib/armv7e-m/softfp\librdimon_nano.a(rdimon-syscalls.o)
 .text._swiread
                0x08009b36       0x20 c:/workspaces/dave_4-4-2_64bit_2018-02-23/dave-ide-4.4.2-64bit/eclipse/arm-gcc-49/bin/../lib/gcc/arm-none-eabi/4.9.3/../../../../arm-none-eabi/lib/armv7e-m/softfp\librdimon_nano.a(rdimon-syscalls.o)
                0x08009b36                _swiread
 .text._read    0x08009b56       0x34 c:/workspaces/dave_4-4-2_64bit_2018-02-23/dave-ide-4.4.2-64bit/eclipse/arm-gcc-49/bin/../lib/gcc/arm-none-eabi/4.9.3/../../../../arm-none-eabi/lib/armv7e-m/softfp\librdimon_nano.a(rdimon-syscalls.o)
                0x08009b56                _read
 .text._swilseek
                0x08009b8a       0x7a c:/workspaces/dave_4-4-2_64bit_2018-02-23/dave-ide-4.4.2-64bit/eclipse/arm-gcc-49/bin/../lib/gcc/arm-none-eabi/4.9.3/../../../../arm-none-eabi/lib/armv7e-m/softfp\librdimon_nano.a(rdimon-syscalls.o)
                0x08009b8a                _swilseek
 .text._lseek   0x08009c04        0x4 c:/workspaces/dave_4-4-2_64bit_2018-02-23/dave-ide-4.4.2-64bit/eclipse/arm-gcc-49/bin/../lib/gcc/arm-none-eabi/4.9.3/../../../../arm-none-eabi/lib/armv7e-m/softfp\librdimon_nano.a(rdimon-syscalls.o)
                0x08009c04                _lseek
 .text._swiwrite
                0x08009c08       0x20 c:/workspaces/dave_4-4-2_64bit_2018-02-23/dave-ide-4.4.2-64bit/eclipse/arm-gcc-49/bin/../lib/gcc/arm-none-eabi/4.9.3/../../../../arm-none-eabi/lib/armv7e-m/softfp\librdimon_nano.a(rdimon-syscalls.o)
                0x08009c08                _swiwrite
 .text._write   0x08009c28       0x42 c:/workspaces/dave_4-4-2_64bit_2018-02-23/dave-ide-4.4.2-64bit/eclipse/arm-gcc-49/bin/../lib/gcc/arm-none-eabi/4.9.3/../../../../arm-none-eabi/lib/armv7e-m/softfp\librdimon_nano.a(rdimon-syscalls.o)
                0x08009c28                _write
 .text._swiclose
                0x08009c6a       0x1c c:/workspaces/dave_4-4-2_64bit_2018-02-23/dave-ide-4.4.2-64bit/eclipse/arm-gcc-49/bin/../lib/gcc/arm-none-eabi/4.9.3/../../../../arm-none-eabi/lib/armv7e-m/softfp\librdimon_nano.a(rdimon-syscalls.o)
                0x08009c6a                _swiclose
 *fill*         0x08009c86        0x2 
 .text._close   0x08009c88       0x48 c:/workspaces/dave_4-4-2_64bit_2018-02-23/dave-ide-4.4.2-64bit/eclipse/arm-gcc-49/bin/../lib/gcc/arm-none-eabi/4.9.3/../../../../arm-none-eabi/lib/armv7e-m/softfp\librdimon_nano.a(rdimon-syscalls.o)
                0x08009c88                _close
 .text._swistat
                0x08009cd0       0x42 c:/workspaces/dave_4-4-2_64bit_2018-02-23/dave-ide-4.4.2-64bit/eclipse/arm-gcc-49/bin/../lib/gcc/arm-none-eabi/4.9.3/../../../../arm-none-eabi/lib/armv7e-m/softfp\librdimon_nano.a(rdimon-syscalls.o)
                0x08009cd0                _swistat
 .text._fstat   0x08009d12       0x1c c:/workspaces/dave_4-4-2_64bit_2018-02-23/dave-ide-4.4.2-64bit/eclipse/arm-gcc-49/bin/../lib/gcc/arm-none-eabi/4.9.3/../../../../arm-none-eabi/lib/armv7e-m/softfp\librdimon_nano.a(rdimon-syscalls.o)
                0x08009d12                _fstat
 .text._isatty  0x08009d2e       0x38 c:/workspaces/dave_4-4-2_64bit_2018-02-23/dave-ide-4.4.2-64bit/eclipse/arm-gcc-49/bin/../lib/gcc/arm-none-eabi/4.9.3/../../../../arm-none-eabi/lib/armv7e-m/softfp\librdimon_nano.a(rdimon-syscalls.o)
                0x08009d2e                _isatty
 *(.init)
 *(.fini)
 *crtbegin.o(.ctors)
 *crtbegin?.o(.ctors)
 *(EXCLUDE_FILE(*crtend.o *crtend?.o) .ctors)
 *(SORT(.ctors.*))
 *(.ctors)
 *crtbegin.o(.dtors)
 *crtbegin?.o(.dtors)
 *(EXCLUDE_FILE(*crtend.o *crtend?.o) .dtors)
 *(SORT(.dtors.*))
 *(.dtors)
 *(.rodata .rodata.*)
 *fill*         0x08009d66        0x2 
 .rodata.g_xmc_vadc_group_array
                0x08009d68       0x10 ./Libraries/XMCLib/src/xmc_vadc.o
 .rodata        0x08009d78      0x14c ./Libraries/FT800-FT813-5.x/EVE_commands.o
 .rodata        0x08009ec4       0x78 ./Libraries/FT800-FT813-5.x/tft.o
 .rodata.logo_init
                0x08009f3c     0x4f04 ./Libraries/FT800-FT813-5.x/tft_data.o
                0x08009f3c                logo_init
 .rodata.SPI_MASTER_0_MOSI
                0x0800ee40        0x8 ./Dave/Generated/SPI_MASTER/spi_master_conf.o
                0x0800ee40                SPI_MASTER_0_MOSI
 .rodata.SPI_MASTER_0_MISO
                0x0800ee48        0x8 ./Dave/Generated/SPI_MASTER/spi_master_conf.o
                0x0800ee48                SPI_MASTER_0_MISO
 .rodata.SPI_MASTER_0_SCLKOUT
                0x0800ee50        0x8 ./Dave/Generated/SPI_MASTER/spi_master_conf.o
                0x0800ee50                SPI_MASTER_0_SCLKOUT
 .rodata.SPI_MASTER_0_SCLKOUT_Config
                0x0800ee58       0x14 ./Dave/Generated/SPI_MASTER/spi_master_conf.o
                0x0800ee58                SPI_MASTER_0_SCLKOUT_Config
 .rodata.SPI_MASTER_0_Config
                0x0800ee6c       0x8c ./Dave/Generated/SPI_MASTER/spi_master_conf.o
                0x0800ee6c                SPI_MASTER_0_Config
 .rodata.group_init_handle0
                0x0800eef8       0x14 ./Dave/Generated/GLOBAL_ADC/global_adc_conf.o
                0x0800eef8                group_init_handle0
 .rodata.group_init_handle1
                0x0800ef0c       0x14 ./Dave/Generated/GLOBAL_ADC/global_adc_conf.o
                0x0800ef0c                group_init_handle1
 .rodata.group_init_handle2
                0x0800ef20       0x14 ./Dave/Generated/GLOBAL_ADC/global_adc_conf.o
                0x0800ef20                group_init_handle2
 .rodata.group_init_handle3
                0x0800ef34       0x14 ./Dave/Generated/GLOBAL_ADC/global_adc_conf.o
                0x0800ef34                group_init_handle3
 .rodata.global_config
                0x0800ef48       0x18 ./Dave/Generated/GLOBAL_ADC/global_adc_conf.o
                0x0800ef48                global_config
 .rodata.IO_DIO_DIGOUT_PD_TFT
                0x0800ef60       0x14 ./Dave/Generated/DIGITAL_IO/digital_io_conf.o
                0x0800ef60                IO_DIO_DIGOUT_PD_TFT
 .rodata.IO_DIO_DIGOUT_CS_TFT
                0x0800ef74       0x14 ./Dave/Generated/DIGITAL_IO/digital_io_conf.o
                0x0800ef74                IO_DIO_DIGOUT_CS_TFT
 .rodata        0x0800ef88       0x14 ./Dave/Generated/CLOCK_XMC4/clock_xmc4_conf.o
 .rodata.global_iclass_config
                0x0800ef9c        0x4 ./Dave/Generated/ADC_MEASUREMENT/adc_measurement_conf.o
                0x0800ef9c                global_iclass_config
 .rodata.backgnd_rs_intr_handle
                0x0800efa0        0xc ./Dave/Generated/ADC_MEASUREMENT/adc_measurement_conf.o
                0x0800efa0                backgnd_rs_intr_handle
 .rodata.backgnd_config
                0x0800efac        0xc ./Dave/Generated/ADC_MEASUREMENT/adc_measurement_conf.o
                0x0800efac                backgnd_config
 .rodata.npio2_hw
                0x0800efb8       0x80 c:/workspaces/dave_4-4-2_64bit_2018-02-23/dave-ide-4.4.2-64bit/eclipse/arm-gcc-49/bin/../lib/gcc/arm-none-eabi/4.9.3/../../../../arm-none-eabi/lib/armv7e-m/softfp\libm.a(lib_a-e_rem_pio2.o)
 .rodata.two_over_pi
                0x0800f038      0x108 c:/workspaces/dave_4-4-2_64bit_2018-02-23/dave-ide-4.4.2-64bit/eclipse/arm-gcc-49/bin/../lib/gcc/arm-none-eabi/4.9.3/../../../../arm-none-eabi/lib/armv7e-m/softfp\libm.a(lib_a-e_rem_pio2.o)
 .rodata.init_jk
                0x0800f140       0x10 c:/workspaces/dave_4-4-2_64bit_2018-02-23/dave-ide-4.4.2-64bit/eclipse/arm-gcc-49/bin/../lib/gcc/arm-none-eabi/4.9.3/../../../../arm-none-eabi/lib/armv7e-m/softfp\libm.a(lib_a-k_rem_pio2.o)
 .rodata.PIo2   0x0800f150       0x40 c:/workspaces/dave_4-4-2_64bit_2018-02-23/dave-ide-4.4.2-64bit/eclipse/arm-gcc-49/bin/../lib/gcc/arm-none-eabi/4.9.3/../../../../arm-none-eabi/lib/armv7e-m/softfp\libm.a(lib_a-k_rem_pio2.o)
 .rodata.str1.1
                0x0800f190        0x2 c:/workspaces/dave_4-4-2_64bit_2018-02-23/dave-ide-4.4.2-64bit/eclipse/arm-gcc-49/bin/../lib/gcc/arm-none-eabi/4.9.3/../../../../arm-none-eabi/lib/armv7e-m/softfp\libg_nano.a(lib_a-impure.o)
 *fill*         0x0800f192        0x2 
 .rodata._global_impure_ptr
                0x0800f194        0x4 c:/workspaces/dave_4-4-2_64bit_2018-02-23/dave-ide-4.4.2-64bit/eclipse/arm-gcc-49/bin/../lib/gcc/arm-none-eabi/4.9.3/../../../../arm-none-eabi/lib/armv7e-m/softfp\libg_nano.a(lib_a-impure.o)
                0x0800f194                _global_impure_ptr
 .rodata.str1.1
                0x0800f198       0x12 c:/workspaces/dave_4-4-2_64bit_2018-02-23/dave-ide-4.4.2-64bit/eclipse/arm-gcc-49/bin/../lib/gcc/arm-none-eabi/4.9.3/../../../../arm-none-eabi/lib/armv7e-m/softfp\libg_nano.a(lib_a-nano-vfprintf_float.o)
 .rodata.str1.1
                0x0800f1aa       0x22 c:/workspaces/dave_4-4-2_64bit_2018-02-23/dave-ide-4.4.2-64bit/eclipse/arm-gcc-49/bin/../lib/gcc/arm-none-eabi/4.9.3/../../../../arm-none-eabi/lib/armv7e-m/softfp\libg_nano.a(lib_a-nano-vfprintf_i.o)
 .rodata.str1.1
                0x0800f1cc        0xd c:/workspaces/dave_4-4-2_64bit_2018-02-23/dave-ide-4.4.2-64bit/eclipse/arm-gcc-49/bin/../lib/gcc/arm-none-eabi/4.9.3/../../../../arm-none-eabi/lib/armv7e-m/softfp\libg_nano.a(lib_a-dtoa.o)
                                  0xf (size before relaxing)
 *fill*         0x0800f1d9        0x3 
 .rodata.__sf_fake_stdin
                0x0800f1dc       0x20 c:/workspaces/dave_4-4-2_64bit_2018-02-23/dave-ide-4.4.2-64bit/eclipse/arm-gcc-49/bin/../lib/gcc/arm-none-eabi/4.9.3/../../../../arm-none-eabi/lib/armv7e-m/softfp\libg_nano.a(lib_a-findfp.o)
                0x0800f1dc                __sf_fake_stdin
 .rodata.__sf_fake_stdout
                0x0800f1fc       0x20 c:/workspaces/dave_4-4-2_64bit_2018-02-23/dave-ide-4.4.2-64bit/eclipse/arm-gcc-49/bin/../lib/gcc/arm-none-eabi/4.9.3/../../../../arm-none-eabi/lib/armv7e-m/softfp\libg_nano.a(lib_a-findfp.o)
                0x0800f1fc                __sf_fake_stdout
 .rodata.__sf_fake_stderr
                0x0800f21c       0x20 c:/workspaces/dave_4-4-2_64bit_2018-02-23/dave-ide-4.4.2-64bit/eclipse/arm-gcc-49/bin/../lib/gcc/arm-none-eabi/4.9.3/../../../../arm-none-eabi/lib/armv7e-m/softfp\libg_nano.a(lib_a-findfp.o)
                0x0800f21c                __sf_fake_stderr
 .rodata.str1.1
                0x0800f23c        0x8 c:/workspaces/dave_4-4-2_64bit_2018-02-23/dave-ide-4.4.2-64bit/eclipse/arm-gcc-49/bin/../lib/gcc/arm-none-eabi/4.9.3/../../../../arm-none-eabi/lib/armv7e-m/softfp\libg_nano.a(lib_a-locale.o)
                                  0xb (size before relaxing)
 *fill*         0x0800f244        0x4 
 .rodata.__mprec_tens
                0x0800f248       0xc8 c:/workspaces/dave_4-4-2_64bit_2018-02-23/dave-ide-4.4.2-64bit/eclipse/arm-gcc-49/bin/../lib/gcc/arm-none-eabi/4.9.3/../../../../arm-none-eabi/lib/armv7e-m/softfp\libg_nano.a(lib_a-mprec.o)
                0x0800f248                __mprec_tens
 .rodata.__mprec_bigtens
                0x0800f310       0x28 c:/workspaces/dave_4-4-2_64bit_2018-02-23/dave-ide-4.4.2-64bit/eclipse/arm-gcc-49/bin/../lib/gcc/arm-none-eabi/4.9.3/../../../../arm-none-eabi/lib/armv7e-m/softfp\libg_nano.a(lib_a-mprec.o)
                0x0800f310                __mprec_bigtens
 .rodata.p05.5277
                0x0800f338        0xc c:/workspaces/dave_4-4-2_64bit_2018-02-23/dave-ide-4.4.2-64bit/eclipse/arm-gcc-49/bin/../lib/gcc/arm-none-eabi/4.9.3/../../../../arm-none-eabi/lib/armv7e-m/softfp\libg_nano.a(lib_a-mprec.o)
 .rodata.str1.1
                0x0800f344       0x11 c:/workspaces/dave_4-4-2_64bit_2018-02-23/dave-ide-4.4.2-64bit/eclipse/arm-gcc-49/bin/../lib/gcc/arm-none-eabi/4.9.3/../../../../arm-none-eabi/lib/armv7e-m/softfp\libg_nano.a(lib_a-nano-svfprintf.o)
 .rodata.str1.1
                0x00000000       0x11 c:/workspaces/dave_4-4-2_64bit_2018-02-23/dave-ide-4.4.2-64bit/eclipse/arm-gcc-49/bin/../lib/gcc/arm-none-eabi/4.9.3/../../../../arm-none-eabi/lib/armv7e-m/softfp\libg_nano.a(lib_a-nano-vfprintf.o)
 *(.gnu.linkonce.r*)
 *(vtable)
                0x0800f358                . = ALIGN (0x4)
 *fill*         0x0800f355        0x3 

.glue_7         0x0800f358        0x0 load address 0x0c00f358
 .glue_7        0x00000000        0x0 linker stubs

.glue_7t        0x0800f358        0x0 load address 0x0c00f358
 .glue_7t       0x00000000        0x0 linker stubs

.vfp11_veneer   0x0800f358        0x0 load address 0x0c00f358
 .vfp11_veneer  0x00000000        0x0 linker stubs

.v4_bx          0x0800f358        0x0 load address 0x0c00f358
 .v4_bx         0x00000000        0x0 linker stubs

.iplt           0x0800f358        0x0 load address 0x0c00f358
 .iplt          0x00000000        0x0 ./Startup/startup_XMC4700.o

.eh_frame_hdr
 *(.eh_frame_hdr)

.eh_frame       0x0800f358        0x0 load address 0x0c00f358
 *(.eh_frame)
 .eh_frame      0x0800f358        0x0 c:/workspaces/dave_4-4-2_64bit_2018-02-23/dave-ide-4.4.2-64bit/eclipse/arm-gcc-49/bin/../lib/gcc/arm-none-eabi/4.9.3/../../../../arm-none-eabi/lib/armv7e-m/softfp\libg_nano.a(lib_a-strcmp.o)
                                 0x28 (size before relaxing)

.rel.dyn        0x0800f358        0x0 load address 0x0c00f358
 .rel.iplt      0x00000000        0x0 ./Startup/startup_XMC4700.o

.ARM.extab
 *(.ARM.extab* .gnu.linkonce.armextab.*)
                0x0800f358                . = ALIGN (0x4)
                0x0800f358                __exidx_start = .

.ARM.exidx
 *(.ARM.exidx* .gnu.linkonce.armexidx.*)
                0x0800f358                __exidx_end = .
                0x0800f358                . = ALIGN (0x4)

Stack           0x1ffe8000      0x800
                0x1ffe8000                __stack_start = .
                0x1ffe8800                . = (. + stack_size)
 *fill*         0x1ffe8000      0x800 
                0x1ffe8800                __stack_end = .
                0x1ffe8800                __initial_sp = .

.ram_code       0x1ffe8800        0x0 load address 0x0c00f358
                0x1ffe8800                . = ALIGN (0x4)
                0x1ffe8800                __ram_code_start = .
 *(.ram_code)
                0x1ffe8800                . = ALIGN (0x4)
                0x1ffe8800                __ram_code_end = .
                0x0c00f358                __ram_code_load = LOADADDR (.ram_code)
                0x00000000                __ram_code_size = (__ram_code_end - __ram_code_start)

.data           0x1ffe8800      0x1f0 load address 0x0c00f358
                0x1ffe8800                . = ALIGN (0x4)
                0x1ffe8800                __data_start = .
 *(.data)
 *(.data*)
 .data.G_x      0x1ffe8800        0x2 ./Libraries/FT800-FT813-5.x/tft.o
                0x1ffe8800                G_x
 .data.G_y      0x1ffe8802        0x2 ./Libraries/FT800-FT813-5.x/tft.o
                0x1ffe8802                G_y
 .data.G_width  0x1ffe8804        0x2 ./Libraries/FT800-FT813-5.x/tft.o
                0x1ffe8804                G_width
 .data.G_height
                0x1ffe8806        0x2 ./Libraries/FT800-FT813-5.x/tft.o
                0x1ffe8806                G_height
 .data.G_amp_max
                0x1ffe8808        0x8 ./Libraries/FT800-FT813-5.x/tft.o
                0x1ffe8808                G_amp_max
 .data.G_t_max  0x1ffe8810        0x8 ./Libraries/FT800-FT813-5.x/tft.o
                0x1ffe8810                G_t_max
 .data.G_y_max  0x1ffe8818        0x8 ./Libraries/FT800-FT813-5.x/tft.o
                0x1ffe8818                G_y_max
 .data.G_h_grid_lines
                0x1ffe8820        0x8 ./Libraries/FT800-FT813-5.x/tft.o
                0x1ffe8820                G_h_grid_lines
 .data.G_v_grid_lines
                0x1ffe8828        0x8 ./Libraries/FT800-FT813-5.x/tft.o
                0x1ffe8828                G_v_grid_lines
 .data.TIMER_0_config
                0x1ffe8830        0x8 ./Dave/Generated/TIMER/timer_conf.o
                0x1ffe8830                TIMER_0_config
 .data.TIMER_0  0x1ffe8838       0x28 ./Dave/Generated/TIMER/timer_conf.o
                0x1ffe8838                TIMER_0
 .data.dummy_data.8701
                0x1ffe8860        0x4 ./Dave/Generated/SPI_MASTER/spi_master.o
 .data.SPI_MASTER_0_MOSI_Config
                0x1ffe8864       0x14 ./Dave/Generated/SPI_MASTER/spi_master_conf.o
                0x1ffe8864                SPI_MASTER_0_MOSI_Config
 .data.SPI_MASTER_0_Channel_Config
                0x1ffe8878        0xc ./Dave/Generated/SPI_MASTER/spi_master_conf.o
                0x1ffe8878                SPI_MASTER_0_Channel_Config
 .data.SPI_MASTER_0_runtime
                0x1ffe8884       0x24 ./Dave/Generated/SPI_MASTER/spi_master_conf.o
                0x1ffe8884                SPI_MASTER_0_runtime
 .data.SPI_MASTER_0
                0x1ffe88a8        0xc ./Dave/Generated/SPI_MASTER/spi_master_conf.o
                0x1ffe88a8                SPI_MASTER_0
 .data.GLOBAL_CCU4_0
                0x1ffe88b4       0x10 ./Dave/Generated/GLOBAL_CCU4/global_ccu4_conf.o
                0x1ffe88b4                GLOBAL_CCU4_0
 .data.group_0_config
                0x1ffe88c4        0xc ./Dave/Generated/GLOBAL_ADC/global_adc_conf.o
                0x1ffe88c4                group_0_config
 .data.group_1_config
                0x1ffe88d0        0xc ./Dave/Generated/GLOBAL_ADC/global_adc_conf.o
                0x1ffe88d0                group_1_config
 .data.group_2_config
                0x1ffe88dc        0xc ./Dave/Generated/GLOBAL_ADC/global_adc_conf.o
                0x1ffe88dc                group_2_config
 .data.group_3_config
                0x1ffe88e8        0xc ./Dave/Generated/GLOBAL_ADC/global_adc_conf.o
                0x1ffe88e8                group_3_config
 .data.GLOBAL_ADC_0
                0x1ffe88f4       0x1c ./Dave/Generated/GLOBAL_ADC/global_adc_conf.o
                0x1ffe88f4                GLOBAL_ADC_0
 .data.Channel_A_ch_config
                0x1ffe8910       0x10 ./Dave/Generated/ADC_MEASUREMENT/adc_measurement_conf.o
                0x1ffe8910                Channel_A_ch_config
 .data.ADC_MEASUREMENT_Channel_A_handle
                0x1ffe8920       0x10 ./Dave/Generated/ADC_MEASUREMENT/adc_measurement_conf.o
                0x1ffe8920                ADC_MEASUREMENT_Channel_A_handle
 .data.ADC_MEASUREMENT_channel_array
                0x1ffe8930        0x4 ./Dave/Generated/ADC_MEASUREMENT/adc_measurement_conf.o
                0x1ffe8930                ADC_MEASUREMENT_channel_array
 .data.ADC_MEASUREMENT_0
                0x1ffe8934       0x1c ./Dave/Generated/ADC_MEASUREMENT/adc_measurement_conf.o
                0x1ffe8934                ADC_MEASUREMENT_0
 .data.InputType
                0x1ffe8950        0x1 ./globals.o
                0x1ffe8950                InputType
 *fill*         0x1ffe8951        0x3 
 .data.impure_data
                0x1ffe8954       0x60 c:/workspaces/dave_4-4-2_64bit_2018-02-23/dave-ide-4.4.2-64bit/eclipse/arm-gcc-49/bin/../lib/gcc/arm-none-eabi/4.9.3/../../../../arm-none-eabi/lib/armv7e-m/softfp\libg_nano.a(lib_a-impure.o)
 .data._impure_ptr
                0x1ffe89b4        0x4 c:/workspaces/dave_4-4-2_64bit_2018-02-23/dave-ide-4.4.2-64bit/eclipse/arm-gcc-49/bin/../lib/gcc/arm-none-eabi/4.9.3/../../../../arm-none-eabi/lib/armv7e-m/softfp\libg_nano.a(lib_a-impure.o)
                0x1ffe89b4                _impure_ptr
 .data.lconv    0x1ffe89b8       0x38 c:/workspaces/dave_4-4-2_64bit_2018-02-23/dave-ide-4.4.2-64bit/eclipse/arm-gcc-49/bin/../lib/gcc/arm-none-eabi/4.9.3/../../../../arm-none-eabi/lib/armv7e-m/softfp\libg_nano.a(lib_a-locale.o)
 *(*.data)
 *(.gnu.linkonce.d*)
                0x1ffe89f0                . = ALIGN (0x4)
                0x1ffe89f0                PROVIDE (__preinit_array_start, .)
 *(.preinit_array)
                0x1ffe89f0                PROVIDE (__preinit_array_end, .)
                0x1ffe89f0                . = ALIGN (0x4)
                0x1ffe89f0                PROVIDE (__init_array_start, .)
 *(SORT(.init_array.*))
 *(.init_array)
                0x1ffe89f0                PROVIDE (__init_array_end, .)
                0x1ffe89f0                . = ALIGN (0x4)
                0x1ffe89f0                PROVIDE (__fini_array_start, .)
 *(SORT(.fini_array.*))
 *(.fini_array)
                0x1ffe89f0                PROVIDE (__fini_array_end, .)
                0x1ffe89f0                . = ALIGN (0x4)
                0x1ffe89f0                __data_end = .
                0x0c00f358                __data_load = LOADADDR (.data)
                0x000001f0                __data_size = (__data_end - __data_start)
                0x0000f548                __text_size = (((__exidx_end - sText) + __data_size) + __ram_code_size)
                0x0800f548                eText = (sText + __text_size)

.igot.plt       0x1ffe89f0        0x0 load address 0x0c00f548
 .igot.plt      0x00000000        0x0 ./Startup/startup_XMC4700.o

.bss            0x1ffe89f0      0x460 load address 0x0c00f548
                0x1ffe89f0                . = ALIGN (0x4)
                0x1ffe89f0                __bss_start = .
 *(.bss)
 *(.bss*)
 .bss.heap_ptr.4331
                0x1ffe89f0        0x4 ./Libraries/Newlib/syscalls.o
 .bss.cmd_burst
                0x1ffe89f4        0x1 ./Libraries/FT800-FT813-5.x/EVE_commands.o
                0x1ffe89f4                cmd_burst
 .bss.tft_active
                0x1ffe89f5        0x1 ./Libraries/FT800-FT813-5.x/tft.o
                0x1ffe89f5                tft_active
 .bss.toggle_state_graphmode
                0x1ffe89f6        0x2 ./Libraries/FT800-FT813-5.x/tft.o
                0x1ffe89f6                toggle_state_graphmode
 .bss.toggle_state_dimmer
                0x1ffe89f8        0x2 ./Libraries/FT800-FT813-5.x/tft.o
                0x1ffe89f8                toggle_state_dimmer
 .bss.toggle_lock.12321
                0x1ffe89fa        0x1 ./Libraries/FT800-FT813-5.x/tft.o
 *fill*         0x1ffe89fb        0x1 
 .bss.SPI_MASTER_0_MISO_Config
                0x1ffe89fc       0x14 ./Dave/Generated/SPI_MASTER/spi_master_conf.o
                0x1ffe89fc                SPI_MASTER_0_MISO_Config
 .bss.CLOCK_XMC4_0
                0x1ffe8a10        0x4 ./Dave/Generated/CLOCK_XMC4/clock_xmc4_conf.o
                0x1ffe8a10                CLOCK_XMC4_0
 .bss.Channel_A_res_config
                0x1ffe8a14        0x4 ./Dave/Generated/ADC_MEASUREMENT/adc_measurement_conf.o
                0x1ffe8a14                Channel_A_res_config
 .bss._msCounter
                0x1ffe8a18        0x4 ./globals.o
                0x1ffe8a18                _msCounter
 .bss.tft_tick  0x1ffe8a1c        0x1 ./globals.o
                0x1ffe8a1c                tft_tick
 *fill*         0x1ffe8a1d        0x3 
 .bss.MeasurementCounter
                0x1ffe8a20        0x4 ./globals.o
                0x1ffe8a20                MeasurementCounter
 .bss.InputBuffer1_idx
                0x1ffe8a24        0x2 ./globals.o
                0x1ffe8a24                InputBuffer1_idx
 .bss.frameover
                0x1ffe8a26        0x1 ./globals.o
                0x1ffe8a26                frameover
 *fill*         0x1ffe8a27        0x1 
 .bss.InputBuffer1
                0x1ffe8a28      0x370 ./globals.o
                0x1ffe8a28                InputBuffer1
 .bss.lastval   0x1ffe8d98        0x4 ./measure.o
                0x1ffe8d98                lastval
 .bss.__malloc_sbrk_start
                0x1ffe8d9c        0x4 c:/workspaces/dave_4-4-2_64bit_2018-02-23/dave-ide-4.4.2-64bit/eclipse/arm-gcc-49/bin/../lib/gcc/arm-none-eabi/4.9.3/../../../../arm-none-eabi/lib/armv7e-m/softfp\libg_nano.a(lib_a-nano-mallocr.o)
                0x1ffe8d9c                __malloc_sbrk_start
 .bss.__malloc_free_list
                0x1ffe8da0        0x4 c:/workspaces/dave_4-4-2_64bit_2018-02-23/dave-ide-4.4.2-64bit/eclipse/arm-gcc-49/bin/../lib/gcc/arm-none-eabi/4.9.3/../../../../arm-none-eabi/lib/armv7e-m/softfp\libg_nano.a(lib_a-nano-mallocr.o)
                0x1ffe8da0                __malloc_free_list
 .bss.openfiles
                0x1ffe8da4       0xa0 c:/workspaces/dave_4-4-2_64bit_2018-02-23/dave-ide-4.4.2-64bit/eclipse/arm-gcc-49/bin/../lib/gcc/arm-none-eabi/4.9.3/../../../../arm-none-eabi/lib/armv7e-m/softfp\librdimon_nano.a(rdimon-syscalls.o)
 *(COMMON)
 COMMON         0x1ffe8e44        0x1 ./Libraries/FT800-FT813-5.x/EVE_commands.o
                0x1ffe8e44                ReadData
 *fill*         0x1ffe8e45        0x3 
 COMMON         0x1ffe8e48        0x4 ./Libraries/FT800-FT813-5.x/tft.o
                0x1ffe8e48                num_dl_static
 COMMON         0x1ffe8e4c        0x4 c:/workspaces/dave_4-4-2_64bit_2018-02-23/dave-ide-4.4.2-64bit/eclipse/arm-gcc-49/bin/../lib/gcc/arm-none-eabi/4.9.3/../../../../arm-none-eabi/lib/armv7e-m/softfp\libg_nano.a(lib_a-reent.o)
                0x1ffe8e4c                errno
 *(.gnu.linkonce.b*)
                0x1ffe8e50                . = ALIGN (0x4)
                0x1ffe8e50                __bss_end = .
                0x00000460                __bss_size = (__bss_end - __bss_start)
                0x000171b0                __shift_loc = (__bss_end >= ORIGIN (DSRAM_1_system))?0x0:(ORIGIN (DSRAM_1_system) - __bss_end)

USB_RAM         0x20000000        0x0
                0x20000000                . = ALIGN (0x4)
                0x20000000                USB_RAM_start = .
 *(USB_RAM)
                0x20000000                . = ALIGN (0x4)
                0x20000000                USB_RAM_end = .
                0x00000000                USB_RAM_size = (USB_RAM_end - USB_RAM_start)

ETH_RAM         0x20000000        0x0
                0x20000000                . = ALIGN (0x4)
                0x20000000                ETH_RAM_start = .
 *(ETH_RAM)
                0x20000000                . = ALIGN (0x4)
                0x20000000                ETH_RAM_end = .
                0x20000000                . = ALIGN (0x8)
                0x20000000                Heap_Bank1_Start = .
                0x00000000                ETH_RAM_size = (ETH_RAM_end - ETH_RAM_start)

.no_init        0x2003ffc0       0x14
                0x2003ffc0                Heap_Bank1_End = .
 *(.no_init)
 .no_init       0x2003ffc0       0x14 ./Startup/system_XMC4700.o
                0x2003ffc0                SystemCoreClock
                0x2003ffc4                g_chipid
                0x0003ffc0                Heap_Bank1_Size = (Heap_Bank1_End - Heap_Bank1_Start)
                0x00000001                ASSERT ((Heap_Bank1_Start <= Heap_Bank1_End), region SRAM_combined overflowed no_init section)

/DISCARD/
 *(.comment)

.stab
 *(.stab)

.stabstr
 *(.stabstr)

.debug
 *(.debug)

.line
 *(.line)

.debug_srcinfo
 *(.debug_srcinfo)

.debug_sfnames
 *(.debug_sfnames)

.debug_aranges  0x00000000     0x1450
 *(.debug_aranges)
 .debug_aranges
                0x00000000       0x20 ./Startup/startup_XMC4700.o
 .debug_aranges
                0x00000020       0x48 ./Startup/system_XMC4700.o
 .debug_aranges
                0x00000068       0x28 ./Libraries/XMCLib/src/xmc4_gpio.o
 .debug_aranges
                0x00000090      0x3e0 ./Libraries/XMCLib/src/xmc4_scu.o
 .debug_aranges
                0x00000470      0x138 ./Libraries/XMCLib/src/xmc_ccu4.o
 .debug_aranges
                0x000005a8       0x28 ./Libraries/XMCLib/src/xmc_gpio.o
 .debug_aranges
                0x000005d0       0x88 ./Libraries/XMCLib/src/xmc_spi.o
 .debug_aranges
                0x00000658       0xb0 ./Libraries/XMCLib/src/xmc_usic.o
 .debug_aranges
                0x00000708      0x280 ./Libraries/XMCLib/src/xmc_vadc.o
 .debug_aranges
                0x00000988       0x28 ./Libraries/Newlib/syscalls.o
 .debug_aranges
                0x000009b0      0x4d8 ./Libraries/FT800-FT813-5.x/EVE_commands.o
 .debug_aranges
                0x00000e88       0x58 ./Libraries/FT800-FT813-5.x/tft.o
 .debug_aranges
                0x00000ee0       0x18 ./Libraries/FT800-FT813-5.x/tft_data.o
 .debug_aranges
                0x00000ef8       0xd8 ./Dave/Generated/TIMER/timer.o
 .debug_aranges
                0x00000fd0       0x18 ./Dave/Generated/TIMER/timer_conf.o
 .debug_aranges
                0x00000fe8      0x148 ./Dave/Generated/SPI_MASTER/spi_master.o
 .debug_aranges