   1              	 .syntax unified
   2              	 .cpu cortex-m4
   3              	 .eabi_attribute 27,3
   4              	 .fpu fpv4-sp-d16
   5              	 .eabi_attribute 20,1
   6              	 .eabi_attribute 21,1
   7              	 .eabi_attribute 23,3
   8              	 .eabi_attribute 24,1
   9              	 .eabi_attribute 25,1
  10              	 .eabi_attribute 26,1
  11              	 .eabi_attribute 30,6
  12              	 .eabi_attribute 34,1
  13              	 .eabi_attribute 18,4
  14              	 .thumb
  15              	 .file "globals.c"
  16              	 .text
  17              	.Ltext0:
  18              	 .cfi_sections .debug_frame
  19              	 .comm _msCounter,4,4
  20              	 .global tft_tick
  21              	 .section .bss.tft_tick,"aw",%nobits
  24              	tft_tick:
  25 0000 00       	 .space 1
  26              	 .global MeasurementCounter
  27              	 .section .bss.MeasurementCounter,"aw",%nobits
  28              	 .align 2
  31              	MeasurementCounter:
  32 0000 00000000 	 .space 4
  33              	 .global InputBuffer1_idx
  34              	 .section .bss.InputBuffer1_idx,"aw",%nobits
  35              	 .align 1
  38              	InputBuffer1_idx:
  39 0000 0000     	 .space 2
  40              	 .global InputType
  41              	 .section .bss.InputType,"aw",%nobits
  44              	InputType:
  45 0000 00       	 .space 1
  46              	 .global frameover
  47              	 .section .bss.frameover,"aw",%nobits
  50              	frameover:
  51 0000 00       	 .space 1
  52              	 .global InputBuffer1
  53              	 .section .bss.InputBuffer1,"aw",%nobits
  54              	 .align 2
  57              	InputBuffer1:
  58 0000 00000000 	 .space 880
  58      00000000 
  58      00000000 
  58      00000000 
  58      00000000 
  59              	 .section .text.delay_ms,"ax",%progbits
  60              	 .align 2
  61              	 .global delay_ms
  62              	 .thumb
  63              	 .thumb_func
  65              	delay_ms:
  66              	.LFB485:
  67              	 .file 1 "../globals.c"
   1:../globals.c  **** /*
   2:../globals.c  ****  * globals.c
   3:../globals.c  ****  *
   4:../globals.c  ****  *  Created on: 20 Feb 2021
   5:../globals.c  ****  *      Author: RS
   6:../globals.c  ****  */
   7:../globals.c  **** 
   8:../globals.c  **** #include <DAVE.h>
   9:../globals.c  **** #include <globals.h>
  10:../globals.c  **** 
  11:../globals.c  **** /*  MACROS - DEFINEs */
  12:../globals.c  **** #define DEBUG_ENABLE // self implemented Debug flag
  13:../globals.c  **** #define INPUTBUFFER1_SIZE (480-20-20) // =440 values stored, next every 5ms -> 2.2sec storage      
  14:../globals.c  **** 
  15:../globals.c  **** /* DEBUG */
  16:../globals.c  **** #if defined (DEBUG_ENABLE)
  17:../globals.c  **** 	extern void initialise_monitor_handles(void);
  18:../globals.c  **** #else
  19:../globals.c  **** 	#define printf(...) { ; }
  20:../globals.c  **** #endif
  21:../globals.c  **** 
  22:../globals.c  **** 
  23:../globals.c  **** 
  24:../globals.c  **** ///*  SYSTEM VARIABLEs */
  25:../globals.c  **** // Counter used for function delay_ms
  26:../globals.c  **** //volatile uint32_t _msCounter = 0;
  27:../globals.c  **** volatile uint8_t tft_tick = 0; // Trigger tft display function. Is set every time by Adc_Measuremen
  28:../globals.c  **** 
  29:../globals.c  **** 
  30:../globals.c  **** 
  31:../globals.c  **** ///*  MEASUREMENTs */
  32:../globals.c  **** volatile uint32_t MeasurementCounter = 0; // Count of executed measurements
  33:../globals.c  **** 
  34:../globals.c  **** // Buffer 1
  35:../globals.c  **** uint16_t InputBuffer1_idx = 0; // Current index in Buffer
  36:../globals.c  **** int_buffer_t InputBuffer1[INPUTBUFFER1_SIZE] = { 0 }; // all elements 0
  37:../globals.c  **** 
  38:../globals.c  **** 
  39:../globals.c  **** 
  40:../globals.c  **** ///*  MENU AND USER INTERFACE */
  41:../globals.c  **** // Input signal type used for measurement and GUI display
  42:../globals.c  **** volatile uint8_t InputType = 0; // 0=Sensor5, 1=TestImpulse, 2=TestSawTooth, 3=TestSine
  43:../globals.c  **** 
  44:../globals.c  **** 
  45:../globals.c  **** 
  46:../globals.c  **** ///* DEBUG */
  47:../globals.c  **** // Debug value - is set to 1 if the sensor buffer gets full the first time (used to only run debugc
  48:../globals.c  **** volatile uint8_t frameover = 0; 		// Used by: measure.c, tft.c
  49:../globals.c  **** 
  50:../globals.c  **** 
  51:../globals.c  **** 
  52:../globals.c  **** ///*  FUNCTIONS -----------------------------------------------------------------------------------
  53:../globals.c  **** //void SysTick_Handler(){ // Interrupt Routine - used for delay_ms
  54:../globals.c  **** //	_msCounter++;
  55:../globals.c  **** //}
  56:../globals.c  **** void delay_ms(uint32_t ms){
  68              	 .loc 1 56 0
  69              	 .cfi_startproc
  70              	 
  71              	 
  72 0000 80B5     	 push {r7,lr}
  73              	.LCFI0:
  74              	 .cfi_def_cfa_offset 8
  75              	 .cfi_offset 7,-8
  76              	 .cfi_offset 14,-4
  77 0002 84B0     	 sub sp,sp,#16
  78              	.LCFI1:
  79              	 .cfi_def_cfa_offset 24
  80 0004 00AF     	 add r7,sp,#0
  81              	.LCFI2:
  82              	 .cfi_def_cfa_register 7
  83 0006 7860     	 str r0,[r7,#4]
  57:../globals.c  **** 	// Delay execution by given milliseconds - used in tft.h->EVE.h->EVE_target.h
  58:../globals.c  **** 	//uint32_t now = SYSTIMER_GetTickCount();
  59:../globals.c  **** 	//while(now+ms > SYSTIMER_GetTickCount())
  60:../globals.c  **** 	uint32_t targetMicroSec = SYSTIMER_GetTime() + (ms*1000);
  84              	 .loc 1 60 0
  85 0008 FFF7FEFF 	 bl SYSTIMER_GetTime
  86 000c 0146     	 mov r1,r0
  87 000e 7B68     	 ldr r3,[r7,#4]
  88 0010 4FF47A72 	 mov r2,#1000
  89 0014 02FB03F3 	 mul r3,r2,r3
  90 0018 0B44     	 add r3,r3,r1
  91 001a FB60     	 str r3,[r7,#12]
  61:../globals.c  **** 	while(targetMicroSec > SYSTIMER_GetTime())
  92              	 .loc 1 61 0
  93 001c 00E0     	 b .L2
  94              	.L3:
  62:../globals.c  **** 		__NOP(); // do nothing
  95              	 .loc 1 62 0
  96              	
  97 001e 00BF     	 nop
  98              	
  99              	 .thumb
 100              	.L2:
  61:../globals.c  **** 	while(targetMicroSec > SYSTIMER_GetTime())
 101              	 .loc 1 61 0
 102 0020 FFF7FEFF 	 bl SYSTIMER_GetTime
 103 0024 0246     	 mov r2,r0
 104 0026 FB68     	 ldr r3,[r7,#12]
 105 0028 9A42     	 cmp r2,r3
 106 002a F8D3     	 bcc .L3
  63:../globals.c  **** }
 107              	 .loc 1 63 0
 108 002c 1037     	 adds r7,r7,#16
 109              	.LCFI3:
 110              	 .cfi_def_cfa_offset 8
 111 002e BD46     	 mov sp,r7
 112              	.LCFI4:
 113              	 .cfi_def_cfa_register 13
 114              	 
 115 0030 80BD     	 pop {r7,pc}
 116              	 .cfi_endproc
 117              	.LFE485:
 119 0032 00BF     	 .text
 120              	.Letext0:
 121              	 .file 2 "c:\\workspaces\\dave_4-4-2_64bit_2018-02-23\\dave-ide-4.4.2-64bit\\eclipse\\arm-gcc-49\\arm-none-eabi\\include\\machine\\_default_types.h"
 122              	 .file 3 "c:\\workspaces\\dave_4-4-2_64bit_2018-02-23\\dave-ide-4.4.2-64bit\\eclipse\\arm-gcc-49\\arm-none-eabi\\include\\stdint.h"
 123              	 .file 4 "C:/Workspaces/DAVE-4.4.2-64Bit_WS/DeflectionAnalyzer/Libraries/XMCLib/inc/xmc_usic.h"
 124              	 .file 5 "C:/Workspaces/DAVE-4.4.2-64Bit_WS/DeflectionAnalyzer/globals.h"
 125              	 .file 6 "C:/Workspaces/DAVE-4.4.2-64Bit_WS/DeflectionAnalyzer/Libraries/CMSIS/Include/cmsis_gcc.h"
 126              	 .file 7 "C:/Workspaces/DAVE-4.4.2-64Bit_WS/DeflectionAnalyzer/Libraries/CMSIS/Include/core_cm4.h"
 127              	 .file 8 "C:/Workspaces/DAVE-4.4.2-64Bit_WS/DeflectionAnalyzer/Libraries/CMSIS/Infineon/XMC4700_series/Include/system_XMC4700.h"
DEFINED SYMBOLS
                            *ABS*:00000000 globals.c
                            *COM*:00000004 _msCounter
    {standard input}:24     .bss.tft_tick:00000000 tft_tick
    {standard input}:25     .bss.tft_tick:00000000 $d
    {standard input}:31     .bss.MeasurementCounter:00000000 MeasurementCounter
    {standard input}:28     .bss.MeasurementCounter:00000000 $d
    {standard input}:38     .bss.InputBuffer1_idx:00000000 InputBuffer1_idx
    {standard input}:35     .bss.InputBuffer1_idx:00000000 $d
    {standard input}:44     .bss.InputType:00000000 InputType
    {standard input}:45     .bss.InputType:00000000 $d
    {standard input}:50     .bss.frameover:00000000 frameover
    {standard input}:51     .bss.frameover:00000000 $d
    {standard input}:57     .bss.InputBuffer1:00000000 InputBuffer1
    {standard input}:54     .bss.InputBuffer1:00000000 $d
    {standard input}:60     .text.delay_ms:00000000 $t
    {standard input}:65     .text.delay_ms:00000000 delay_ms
                     .debug_frame:00000010 $d

UNDEFINED SYMBOLS
SYSTIMER_GetTime
