   1              	 .syntax unified
   2              	 .cpu cortex-m4
   3              	 .eabi_attribute 27,3
   4              	 .fpu fpv4-sp-d16
   5              	 .eabi_attribute 20,1
   6              	 .eabi_attribute 21,1
   7              	 .eabi_attribute 23,3
   8              	 .eabi_attribute 24,1
   9              	 .eabi_attribute 25,1
  10              	 .eabi_attribute 26,1
  11              	 .eabi_attribute 30,6
  12              	 .eabi_attribute 34,1
  13              	 .eabi_attribute 18,4
  14              	 .thumb
  15              	 .file "EVE_target.c"
  16              	 .text
  17              	.Ltext0:
  18              	 .cfi_sections .debug_frame
  19              	 .comm ReadData,1,1
  20              	.Letext0:
  21              	 .file 1 "c:\\workspaces\\dave_4-4-2_64bit_2018-02-23\\dave-ide-4.4.2-64bit\\eclipse\\arm-gcc-49\\arm-none-eabi\\include\\machine\\_default_types.h"
  22              	 .file 2 "c:\\workspaces\\dave_4-4-2_64bit_2018-02-23\\dave-ide-4.4.2-64bit\\eclipse\\arm-gcc-49\\arm-none-eabi\\include\\stdint.h"
  23              	 .file 3 "C:/Workspaces/DAVE-4.4.2-64Bit_WS/DeflectionAnalyzer/Libraries/XMCLib/inc/xmc_gpio.h"
  24              	 .file 4 "C:/Workspaces/DAVE-4.4.2-64Bit_WS/DeflectionAnalyzer/Libraries/XMCLib/inc/xmc4_gpio.h"
  25              	 .file 5 "C:/Workspaces/DAVE-4.4.2-64Bit_WS/DeflectionAnalyzer/Libraries/XMCLib/inc/xmc_usic.h"
  26              	 .file 6 "C:/Workspaces/DAVE-4.4.2-64Bit_WS/DeflectionAnalyzer/Libraries/XMCLib/inc/xmc_spi.h"
  27              	 .file 7 "C:/Workspaces/DAVE-4.4.2-64Bit_WS/DeflectionAnalyzer/Dave/Generated/SPI_MASTER/spi_master.h"
  28              	 .file 8 "C:/Workspaces/DAVE-4.4.2-64Bit_WS/DeflectionAnalyzer/Dave/Generated/DIGITAL_IO/digital_io.h"
  29              	 .file 9 "C:/Workspaces/DAVE-4.4.2-64Bit_WS/DeflectionAnalyzer/Libraries/CMSIS/Include/cmsis_gcc.h"
  30              	 .file 10 "C:/Workspaces/DAVE-4.4.2-64Bit_WS/DeflectionAnalyzer/Libraries/CMSIS/Include/core_cm4.h"
  31              	 .file 11 "C:/Workspaces/DAVE-4.4.2-64Bit_WS/DeflectionAnalyzer/Libraries/CMSIS/Infineon/XMC4700_series/Include/system_XMC4700.h"
  32              	 .file 12 "C:/Workspaces/DAVE-4.4.2-64Bit_WS/DeflectionAnalyzer/Dave/Generated/SPI_MASTER/spi_master_extern.h"
  33              	 .file 13 "C:/Workspaces/DAVE-4.4.2-64Bit_WS/DeflectionAnalyzer/Dave/Generated/DIGITAL_IO/digital_io_extern.h"
  34              	 .file 14 "../Libraries/FT800-FT813-5.x/EVE_target.h"
DEFINED SYMBOLS
                            *ABS*:00000000 EVE_target.c
                            *COM*:00000001 ReadData

NO UNDEFINED SYMBOLS
