Archive member included because of file (symbol)

c:/workspaces/dave_4-4-2_64bit_2018-02-23/dave-ide-4.4.2-64bit/eclipse/arm-gcc-49/bin/../lib/gcc/arm-none-eabi/4.9.3/../../../../arm-none-eabi/lib/armv7e-m/softfp\libm.a(lib_a-s_ceil.o)
                              ./Libraries/FT800-FT813-5.x/tft.o (ceil)
c:/workspaces/dave_4-4-2_64bit_2018-02-23/dave-ide-4.4.2-64bit/eclipse/arm-gcc-49/bin/../lib/gcc/arm-none-eabi/4.9.3/../../../../arm-none-eabi/lib/armv7e-m/softfp\libm.a(lib_a-s_floor.o)
                              ./Libraries/FT800-FT813-5.x/tft.o (floor)
c:/workspaces/dave_4-4-2_64bit_2018-02-23/dave-ide-4.4.2-64bit/eclipse/arm-gcc-49/bin/../lib/gcc/arm-none-eabi/4.9.3/../../../../arm-none-eabi/lib/armv7e-m/softfp\libm.a(lib_a-s_sin.o)
                              ./measure.o (sin)
c:/workspaces/dave_4-4-2_64bit_2018-02-23/dave-ide-4.4.2-64bit/eclipse/arm-gcc-49/bin/../lib/gcc/arm-none-eabi/4.9.3/../../../../arm-none-eabi/lib/armv7e-m/softfp\libm.a(lib_a-sf_modf.o)
                              ./Libraries/FT800-FT813-5.x/tft.o (modff)
c:/workspaces/dave_4-4-2_64bit_2018-02-23/dave-ide-4.4.2-64bit/eclipse/arm-gcc-49/bin/../lib/gcc/arm-none-eabi/4.9.3/../../../../arm-none-eabi/lib/armv7e-m/softfp\libm.a(lib_a-sf_pow10.o)
                              ./Libraries/FT800-FT813-5.x/tft.o (pow10f)
c:/workspaces/dave_4-4-2_64bit_2018-02-23/dave-ide-4.4.2-64bit/eclipse/arm-gcc-49/bin/../lib/gcc/arm-none-eabi/4.9.3/../../../../arm-none-eabi/lib/armv7e-m/softfp\libm.a(lib_a-wf_pow.o)
                              ./globals.o (powf)
c:/workspaces/dave_4-4-2_64bit_2018-02-23/dave-ide-4.4.2-64bit/eclipse/arm-gcc-49/bin/../lib/gcc/arm-none-eabi/4.9.3/../../../../arm-none-eabi/lib/armv7e-m/softfp\libm.a(lib_a-e_rem_pio2.o)
                              c:/workspaces/dave_4-4-2_64bit_2018-02-23/dave-ide-4.4.2-64bit/eclipse/arm-gcc-49/bin/../lib/gcc/arm-none-eabi/4.9.3/../../../../arm-none-eabi/lib/armv7e-m/softfp\libm.a(lib_a-s_sin.o) (__ieee754_rem_pio2)
c:/workspaces/dave_4-4-2_64bit_2018-02-23/dave-ide-4.4.2-64bit/eclipse/arm-gcc-49/bin/../lib/gcc/arm-none-eabi/4.9.3/../../../../arm-none-eabi/lib/armv7e-m/softfp\libm.a(lib_a-ef_pow.o)
                              c:/workspaces/dave_4-4-2_64bit_2018-02-23/dave-ide-4.4.2-64bit/eclipse/arm-gcc-49/bin/../lib/gcc/arm-none-eabi/4.9.3/../../../../arm-none-eabi/lib/armv7e-m/softfp\libm.a(lib_a-wf_pow.o) (__ieee754_powf)
c:/workspaces/dave_4-4-2_64bit_2018-02-23/dave-ide-4.4.2-64bit/eclipse/arm-gcc-49/bin/../lib/gcc/arm-none-eabi/4.9.3/../../../../arm-none-eabi/lib/armv7e-m/softfp\libm.a(lib_a-ef_sqrt.o)
                              c:/workspaces/dave_4-4-2_64bit_2018-02-23/dave-ide-4.4.2-64bit/eclipse/arm-gcc-49/bin/../lib/gcc/arm-none-eabi/4.9.3/../../../../arm-none-eabi/lib/armv7e-m/softfp\libm.a(lib_a-ef_pow.o) (__ieee754_sqrtf)
c:/workspaces/dave_4-4-2_64bit_2018-02-23/dave-ide-4.4.2-64bit/eclipse/arm-gcc-49/bin/../lib/gcc/arm-none-eabi/4.9.3/../../../../arm-none-eabi/lib/armv7e-m/softfp\libm.a(lib_a-k_cos.o)
                              c:/workspaces/dave_4-4-2_64bit_2018-02-23/dave-ide-4.4.2-64bit/eclipse/arm-gcc-49/bin/../lib/gcc/arm-none-eabi/4.9.3/../../../../arm-none-eabi/lib/armv7e-m/softfp\libm.a(lib_a-s_sin.o) (__kernel_cos)
c:/workspaces/dave_4-4-2_64bit_2018-02-23/dave-ide-4.4.2-64bit/eclipse/arm-gcc-49/bin/../lib/gcc/arm-none-eabi/4.9.3/../../../../arm-none-eabi/lib/armv7e-m/softfp\libm.a(lib_a-k_rem_pio2.o)
                              c:/workspaces/dave_4-4-2_64bit_2018-02-23/dave-ide-4.4.2-64bit/eclipse/arm-gcc-49/bin/../lib/gcc/arm-none-eabi/4.9.3/../../../../arm-none-eabi/lib/armv7e-m/softfp\libm.a(lib_a-e_rem_pio2.o) (__kernel_rem_pio2)
c:/workspaces/dave_4-4-2_64bit_2018-02-23/dave-ide-4.4.2-64bit/eclipse/arm-gcc-49/bin/../lib/gcc/arm-none-eabi/4.9.3/../../../../arm-none-eabi/lib/armv7e-m/softfp\libm.a(lib_a-k_sin.o)
                              c:/workspaces/dave_4-4-2_64bit_2018-02-23/dave-ide-4.4.2-64bit/eclipse/arm-gcc-49/bin/../lib/gcc/arm-none-eabi/4.9.3/../../../../arm-none-eabi/lib/armv7e-m/softfp\libm.a(lib_a-s_sin.o) (__kernel_sin)
c:/workspaces/dave_4-4-2_64bit_2018-02-23/dave-ide-4.4.2-64bit/eclipse/arm-gcc-49/bin/../lib/gcc/arm-none-eabi/4.9.3/../../../../arm-none-eabi/lib/armv7e-m/softfp\libm.a(lib_a-s_fabs.o)
                              c:/workspaces/dave_4-4-2_64bit_2018-02-23/dave-ide-4.4.2-64bit/eclipse/arm-gcc-49/bin/../lib/gcc/arm-none-eabi/4.9.3/../../../../arm-none-eabi/lib/armv7e-m/softfp\libm.a(lib_a-e_rem_pio2.o) (fabs)
c:/workspaces/dave_4-4-2_64bit_2018-02-23/dave-ide-4.4.2-64bit/eclipse/arm-gcc-49/bin/../lib/gcc/arm-none-eabi/4.9.3/../../../../arm-none-eabi/lib/armv7e-m/softfp\libm.a(lib_a-s_lib_ver.o)
                              c:/workspaces/dave_4-4-2_64bit_2018-02-23/dave-ide-4.4.2-64bit/eclipse/arm-gcc-49/bin/../lib/gcc/arm-none-eabi/4.9.3/../../../../arm-none-eabi/lib/armv7e-m/softfp\libm.a(lib_a-wf_pow.o) (__fdlib_version)
[...]
Memory Configuration

Name             Origin             Length             Attributes
FLASH_1_cached   0x08000000         0x00200000         xr
FLASH_1_uncached 0x0c000000         0x00200000         xr
PSRAM_1          0x1ffe8000         0x00018000         !xr
DSRAM_1_system   0x20000000         0x00020000         !xr
DSRAM_2_comm     0x20020000         0x00020000         !xr
SRAM_combined    0x1ffe8000         0x00058000         !xr
*default*        0x00000000         0xffffffff

Linker script and memory map

LOAD ./Startup/startup_XMC4700.o
LOAD ./Startup/system_XMC4700.o
LOAD ./Libraries/polyfit/polyfit.o
LOAD ./Libraries/XMCLib/src/xmc4_eru.o
LOAD ./Libraries/XMCLib/src/xmc4_flash.o
LOAD ./Libraries/XMCLib/src/xmc4_gpio.o
LOAD ./Libraries/XMCLib/src/xmc4_rtc.o
LOAD ./Libraries/XMCLib/src/xmc4_scu.o
LOAD ./Libraries/XMCLib/src/xmc_can.o
LOAD ./Libraries/XMCLib/src/xmc_ccu4.o
LOAD ./Libraries/XMCLib/src/xmc_ccu8.o
LOAD ./Libraries/XMCLib/src/xmc_common.o
LOAD ./Libraries/XMCLib/src/xmc_dac.o
LOAD ./Libraries/XMCLib/src/xmc_dma.o
LOAD ./Libraries/XMCLib/src/xmc_dsd.o
LOAD ./Libraries/XMCLib/src/xmc_ebu.o
LOAD ./Libraries/XMCLib/src/xmc_ecat.o
LOAD ./Libraries/XMCLib/src/xmc_eru.o
LOAD ./Libraries/XMCLib/src/xmc_eth_mac.o
LOAD ./Libraries/XMCLib/src/xmc_eth_phy_dp83848.o
LOAD ./Libraries/XMCLib/src/xmc_eth_phy_ksz8031rnl.o
LOAD ./Libraries/XMCLib/src/xmc_eth_phy_ksz8081rnb.o
LOAD ./Libraries/XMCLib/src/xmc_fce.o
LOAD ./Libraries/XMCLib/src/xmc_gpio.o
LOAD ./Libraries/XMCLib/src/xmc_hrpwm.o
LOAD ./Libraries/XMCLib/src/xmc_i2c.o
LOAD ./Libraries/XMCLib/src/xmc_i2s.o
LOAD ./Libraries/XMCLib/src/xmc_ledts.o
LOAD ./Libraries/XMCLib/src/xmc_posif.o
LOAD ./Libraries/XMCLib/src/xmc_rtc.o
LOAD ./Libraries/XMCLib/src/xmc_sdmmc.o
LOAD ./Libraries/XMCLib/src/xmc_spi.o
LOAD ./Libraries/XMCLib/src/xmc_uart.o
LOAD ./Libraries/XMCLib/src/xmc_usbd.o
LOAD ./Libraries/XMCLib/src/xmc_usbh.o
LOAD ./Libraries/XMCLib/src/xmc_usic.o
LOAD ./Libraries/XMCLib/src/xmc_vadc.o
LOAD ./Libraries/XMCLib/src/xmc_wdt.o
LOAD ./Libraries/Newlib/syscalls.o
LOAD ./Libraries/FT800-FT813-5.x/EVE_commands.o
LOAD ./Libraries/FT800-FT813-5.x/EVE_target.o
LOAD ./Libraries/FT800-FT813-5.x/tft.o
LOAD ./Libraries/FT800-FT813-5.x/tft_data.o
LOAD ./Dave/Generated/TIMER/timer.o
LOAD ./Dave/Generated/TIMER/timer_conf.o
LOAD ./Dave/Generated/SYSTIMER/systimer.o
LOAD ./Dave/Generated/SYSTIMER/systimer_conf.o
LOAD ./Dave/Generated/SPI_MASTER/spi_master.o
LOAD ./Dave/Generated/SPI_MASTER/spi_master_conf.o
LOAD ./Dave/Generated/SDMMC_BLOCK/sdmmc_block.o
LOAD ./Dave/Generated/SDMMC_BLOCK/sdmmc_block_conf.o
LOAD ./Dave/Generated/SDMMC_BLOCK/sdmmc_block_private_sd.o
LOAD ./Dave/Generated/RTC/rtc.o
LOAD ./Dave/Generated/RTC/rtc_conf.o
LOAD ./Dave/Generated/GLOBAL_CCU4/global_ccu4.o
LOAD ./Dave/Generated/GLOBAL_CCU4/global_ccu4_conf.o
LOAD ./Dave/Generated/GLOBAL_ADC/global_adc.o
LOAD ./Dave/Generated/GLOBAL_ADC/global_adc_conf.o
LOAD ./Dave/Generated/FATFS/ff_Src/ff.o
LOAD ./Dave/Generated/FATFS/ff_Src/ffsystem.o
LOAD ./Dave/Generated/FATFS/ff_Src/ffunicode.o
LOAD ./Dave/Generated/FATFS/fatfs.o
LOAD ./Dave/Generated/FATFS/fatfs_conf.o
LOAD ./Dave/Generated/FATFS/sltha.o
LOAD ./Dave/Generated/DIGITAL_IO/digital_io.o
LOAD ./Dave/Generated/DIGITAL_IO/digital_io_conf.o
LOAD ./Dave/Generated/CPU_CTRL_XMC4/cpu_ctrl_xmc4.o
LOAD ./Dave/Generated/CPU_CTRL_XMC4/cpu_ctrl_xmc4_conf.o
LOAD ./Dave/Generated/CLOCK_XMC4/clock_xmc4.o
LOAD ./Dave/Generated/CLOCK_XMC4/clock_xmc4_conf.o
LOAD ./Dave/Generated/ADC_MEASUREMENT/adc_measurement.o
LOAD ./Dave/Generated/ADC_MEASUREMENT/adc_measurement_conf.o
LOAD ./Dave/Generated/DAVE.o
LOAD ./globals.o
LOAD ./main.o
LOAD ./measure.o
LOAD ./menu.o
LOAD ./record.o
LOAD c:/workspaces/dave_4-4-2_64bit_2018-02-23/dave-ide-4.4.2-64bit/eclipse/arm-gcc-49/bin/../lib/gcc/arm-none-eabi/4.9.3/../../../../arm-none-eabi/lib/armv7e-m/softfp\libm.a
START GROUP
LOAD c:/workspaces/dave_4-4-2_64bit_2018-02-23/dave-ide-4.4.2-64bit/eclipse/arm-gcc-49/bin/../lib/gcc/arm-none-eabi/4.9.3/armv7e-m/softfp\libgcc.a
LOAD c:/workspaces/dave_4-4-2_64bit_2018-02-23/dave-ide-4.4.2-64bit/eclipse/arm-gcc-49/bin/../lib/gcc/arm-none-eabi/4.9.3/../../../../arm-none-eabi/lib/armv7e-m/softfp\libc_nano.a
END GROUP
START GROUP
LOAD c:/workspaces/dave_4-4-2_64bit_2018-02-23/dave-ide-4.4.2-64bit/eclipse/arm-gcc-49/bin/../lib/gcc/arm-none-eabi/4.9.3/armv7e-m/softfp\libgcc.a
LOAD c:/workspaces/dave_4-4-2_64bit_2018-02-23/dave-ide-4.4.2-64bit/eclipse/arm-gcc-49/bin/../lib/gcc/arm-none-eabi/4.9.3/../../../../arm-none-eabi/lib/armv7e-m/softfp\libc_nano.a
LOAD c:/workspaces/dave_4-4-2_64bit_2018-02-23/dave-ide-4.4.2-64bit/eclipse/arm-gcc-49/bin/../lib/gcc/arm-none-eabi/4.9.3/../../../../arm-none-eabi/lib/armv7e-m/softfp\libnosys.a
END GROUP
START GROUP
LOAD c:/workspaces/dave_4-4-2_64bit_2018-02-23/dave-ide-4.4.2-64bit/eclipse/arm-gcc-49/bin/../lib/gcc/arm-none-eabi/4.9.3/armv7e-m/softfp\libgcc.a
LOAD c:/workspaces/dave_4-4-2_64bit_2018-02-23/dave-ide-4.4.2-64bit/eclipse/arm-gcc-49/bin/../lib/gcc/arm-none-eabi/4.9.3/../../../../arm-none-eabi/lib/armv7e-m/softfp\libc_nano.a
LOAD c:/workspaces/dave_4-4-2_64bit_2018-02-23/dave-ide-4.4.2-64bit/eclipse/arm-gcc-49/bin/../lib/gcc/arm-none-eabi/4.9.3/../../../../arm-none-eabi/lib/armv7e-m/softfp\libnosys.a
END GROUP
                0x00000800                stack_size = DEFINED (stack_size)?stack_size:0x800
                0x00000040                no_init_size = 0x40

.text           0x08000000    0x14d88 load address 0x0c000000
                0x08000000                sText = .
 *(.reset)
 .reset         0x08000000      0x29c ./Startup/startup_XMC4700.o
                0x08000000                __Vectors
                0x08000200                Reset_Handler
                0x08000298                DSD0_7_IRQHandler
                0x08000298                DebugMon_Handler
                0x08000298                VADC0_C0_0_IRQHandler
                0x08000298                CAN0_4_IRQHandler
                0x08000298                VADC0_G2_0_IRQHandler
                0x08000298                USIC0_5_IRQHandler
                0x08000298                POSIF0_0_IRQHandler
                0x08000298                POSIF1_0_IRQHandler
                0x08000298                HardFault_Handler
                0x08000298                VADC0_G1_1_IRQHandler
                0x08000298                PendSV_Handler
                0x08000298                NMI_Handler
                0x08000298                USIC1_3_IRQHandler
                0x08000298                CCU40_2_IRQHandler
                0x08000298                SCU_0_IRQHandler
                0x08000298                ERU0_0_IRQHandler
                0x08000298                CCU41_0_IRQHandler
                0x08000298                USIC1_5_IRQHandler
                0x08000298                DSD0_4_IRQHandler
                0x08000298                CCU80_1_IRQHandler
                0x08000298                CCU81_0_IRQHandler
                0x08000298                UsageFault_Handler
                0x08000298                USIC0_0_IRQHandler
                0x08000298                POSIF1_1_IRQHandler
                0x08000298                ERU0_2_IRQHandler
                0x08000298                CCU81_1_IRQHandler
                0x08000298                ERU1_1_IRQHandler
                0x08000298                VADC0_G2_3_IRQHandler
                0x08000298                VADC0_G2_2_IRQHandler
                0x08000298                CCU42_3_IRQHandler
                0x08000298                ERU0_3_IRQHandler
                0x08000298                DSD0_5_IRQHandler
                0x08000298                VADC0_C0_3_IRQHandler
                0x08000298                CAN0_6_IRQHandler
                0x08000298                CCU43_0_IRQHandler
                0x08000298                VADC0_G0_1_IRQHandler
                0x08000298                CCU81_2_IRQHandler
                0x08000298                USIC2_4_IRQHandler
                0x08000298                CCU81_3_IRQHandler
                0x08000298                CCU42_1_IRQHandler
                0x08000298                USIC1_1_IRQHandler
                0x08000298                USIC2_5_IRQHandler
                0x08000298                CCU40_0_IRQHandler
                0x08000298                CAN0_0_IRQHandler
                0x08000298                ERU1_0_IRQHandler
                0x08000298                CCU42_2_IRQHandler
                0x08000298                Default_Handler
                0x08000298                USIC1_4_IRQHandler
                0x08000298                ERU1_3_IRQHandler
                0x08000298                USIC1_0_IRQHandler
                0x08000298                POSIF0_1_IRQHandler
                0x08000298                VADC0_G0_0_IRQHandler
                0x08000298                DSD0_2_IRQHandler
                0x08000298                CCU80_3_IRQHandler
                0x08000298                CCU41_3_IRQHandler
                0x08000298                CCU80_2_IRQHandler
                0x08000298                VADC0_G1_3_IRQHandler
                0x08000298                VADC0_G0_3_IRQHandler
                0x08000298                GPDMA0_0_IRQHandler
                0x08000298                PMU0_0_IRQHandler
                0x08000298                CAN0_7_IRQHandler
                0x08000298                DSD0_1_IRQHandler
                0x08000298                CCU41_2_IRQHandler
                0x08000298                VADC0_C0_1_IRQHandler
                0x08000298                CCU43_2_IRQHandler
                0x08000298                USIC2_2_IRQHandler
                0x08000298                MemManage_Handler
                0x08000298                VADC0_G3_1_IRQHandler
                0x08000298                DAC0_0_IRQHandler
                0x08000298                SVC_Handler
                0x08000298                VADC0_G3_3_IRQHandler
                0x08000298                ERU1_2_IRQHandler
                0x08000298                CCU41_1_IRQHandler
                0x08000298                DSD0_6_IRQHandler
                0x08000298                CCU43_1_IRQHandler
                0x08000298                VADC0_G1_2_IRQHandler
                0x08000298                USIC2_3_IRQHandler
                0x08000298                CAN0_2_IRQHandler
                0x08000298                USIC2_0_IRQHandler
                0x08000298                VADC0_G0_2_IRQHandler
                0x08000298                VADC0_G2_1_IRQHandler
                0x08000298                CAN0_3_IRQHandler
                0x08000298                ETH0_0_IRQHandler
                0x08000298                USIC0_3_IRQHandler
                0x08000298                DSD0_0_IRQHandler
                0x08000298                CCU42_0_IRQHandler
                0x08000298                FCE0_0_IRQHandler
                0x08000298                VADC0_G1_0_IRQHandler
                0x08000298                USB0_0_IRQHandler
                0x08000298                CAN0_5_IRQHandler
                0x08000298                CCU80_0_IRQHandler
                0x08000298                CCU40_1_IRQHandler
                0x08000298                USIC2_1_IRQHandler
                0x08000298                USIC0_1_IRQHandler
                0x08000298                VADC0_G3_2_IRQHandler
                0x08000298                CCU40_3_IRQHandler
                0x08000298                BusFault_Handler
                0x08000298                LEDTS0_0_IRQHandler
                0x08000298                USIC0_4_IRQHandler
                0x08000298                CCU43_3_IRQHandler
                0x08000298                ERU0_1_IRQHandler
                0x08000298                VADC0_G3_0_IRQHandler
                0x08000298                USIC1_2_IRQHandler
                0x08000298                DSD0_3_IRQHandler
                0x08000298                CAN0_1_IRQHandler
                0x08000298                USIC0_2_IRQHandler
                0x08000298                DAC0_1_IRQHandler
                0x08000298                GPDMA1_0_IRQHandler
 *(.text .text.* .gnu.linkonce.t.*)
 .text.SystemCoreClockUpdate
                0x0800029c       0x88 ./Startup/system_XMC4700.o
                0x0800029c                SystemCoreClockUpdate
 .text.SystemInit
                0x08000324       0x30 ./Startup/system_XMC4700.o
                0x08000324                SystemInit
 *fill*         0x08000354        0x4 
 .text.polyfit  0x08000358      0x2b0 ./Libraries/polyfit/polyfit.o
                0x08000358                polyfit
 .text.XMC_GPIO_Init
                0x08000608       0x88 ./Libraries/XMCLib/src/xmc4_gpio.o
                0x08000608                XMC_GPIO_Init
 .text.XMC_RTC_Init
                0x08000690       0x6c ./Libraries/XMCLib/src/xmc4_rtc.o
                0x08000690                XMC_RTC_Init
 .text.XMC_RTC_EnableEvent
                0x080006fc       0x1c ./Libraries/XMCLib/src/xmc4_rtc.o
                0x080006fc                XMC_RTC_EnableEvent
 .text.XMC_SCU_lDelay
                0x08000718       0x2c ./Libraries/XMCLib/src/xmc4_scu.o
 .text.XMC_SCU_RESET_DeassertPeripheralReset
                0x08000744       0x14 ./Libraries/XMCLib/src/xmc4_scu.o
                0x08000744                XMC_SCU_RESET_DeassertPeripheralReset
 .text.XMC_SCU_RESET_IsPeripheralResetAsserted
                0x08000758       0x1e ./Libraries/XMCLib/src/xmc4_scu.o
                0x08000758                XMC_SCU_RESET_IsPeripheralResetAsserted
 *fill*         0x08000776        0x2 
 .text.XMC_SCU_CLOCK_GetPeripheralClockFrequency
                0x08000778       0x18 ./Libraries/XMCLib/src/xmc4_scu.o
                0x08000778                XMC_SCU_CLOCK_GetPeripheralClockFrequency
 .text.XMC_SCU_CLOCK_SetSystemClockSource
                0x08000790       0x14 ./Libraries/XMCLib/src/xmc4_scu.o
                0x08000790                XMC_SCU_CLOCK_SetSystemClockSource
 .text.XMC_SCU_CLOCK_SetUsbClockSource
                0x080007a4       0x14 ./Libraries/XMCLib/src/xmc4_scu.o
                0x080007a4                XMC_SCU_CLOCK_SetUsbClockSource
 .text.XMC_SCU_CLOCK_SetWdtClockSource
                0x080007b8       0x14 ./Libraries/XMCLib/src/xmc4_scu.o
                0x080007b8                XMC_SCU_CLOCK_SetWdtClockSource
 .text.XMC_SCU_CLOCK_SetSystemPllClockSource
                0x080007cc       0x20 ./Libraries/XMCLib/src/xmc4_scu.o
                0x080007cc                XMC_SCU_CLOCK_SetSystemPllClockSource
 .text.XMC_SCU_HIB_SetRtcClockSource
                0x080007ec       0x20 ./Libraries/XMCLib/src/xmc4_scu.o
                0x080007ec                XMC_SCU_HIB_SetRtcClockSource
 .text.XMC_SCU_HIB_SetStandbyClockSource
                0x0800080c       0x20 ./Libraries/XMCLib/src/xmc4_scu.o
                0x0800080c                XMC_SCU_HIB_SetStandbyClockSource
 .text.XMC_SCU_CLOCK_SetSystemClockDivider
                0x0800082c       0x14 ./Libraries/XMCLib/src/xmc4_scu.o
                0x0800082c                XMC_SCU_CLOCK_SetSystemClockDivider
 .text.XMC_SCU_CLOCK_SetCcuClockDivider
                0x08000840       0x14 ./Libraries/XMCLib/src/xmc4_scu.o
                0x08000840                XMC_SCU_CLOCK_SetCcuClockDivider
 .text.XMC_SCU_CLOCK_SetCpuClockDivider
                0x08000854       0x14 ./Libraries/XMCLib/src/xmc4_scu.o
                0x08000854                XMC_SCU_CLOCK_SetCpuClockDivider
 .text.XMC_SCU_CLOCK_SetPeripheralClockDivider
                0x08000868       0x14 ./Libraries/XMCLib/src/xmc4_scu.o
                0x08000868                XMC_SCU_CLOCK_SetPeripheralClockDivider
 .text.XMC_SCU_CLOCK_SetUsbClockDivider
                0x0800087c       0x14 ./Libraries/XMCLib/src/xmc4_scu.o
                0x0800087c                XMC_SCU_CLOCK_SetUsbClockDivider
 .text.XMC_SCU_CLOCK_SetEbuClockDivider
                0x08000890       0x14 ./Libraries/XMCLib/src/xmc4_scu.o
                0x08000890                XMC_SCU_CLOCK_SetEbuClockDivider
 .text.XMC_SCU_CLOCK_SetWdtClockDivider
                0x080008a4       0x14 ./Libraries/XMCLib/src/xmc4_scu.o
                0x080008a4                XMC_SCU_CLOCK_SetWdtClockDivider
 .text.XMC_SCU_CLOCK_EnableClock
                0x080008b8        0xc ./Libraries/XMCLib/src/xmc4_scu.o
                0x080008b8                XMC_SCU_CLOCK_EnableClock
 .text.XMC_SCU_CLOCK_UngatePeripheralClock
                0x080008c4       0x14 ./Libraries/XMCLib/src/xmc4_scu.o
                0x080008c4                XMC_SCU_CLOCK_UngatePeripheralClock
 .text.XMC_SCU_CLOCK_IsPeripheralClockGated
                0x080008d8       0x1c ./Libraries/XMCLib/src/xmc4_scu.o
                0x080008d8                XMC_SCU_CLOCK_IsPeripheralClockGated
 .text.XMC_SCU_CLOCK_StartUsbPll
                0x080008f4       0x44 ./Libraries/XMCLib/src/xmc4_scu.o
                0x080008f4                XMC_SCU_CLOCK_StartUsbPll
 .text.XMC_SCU_CLOCK_SetBackupClockCalibrationMode
                0x08000938       0x34 ./Libraries/XMCLib/src/xmc4_scu.o
                0x08000938                XMC_SCU_CLOCK_SetBackupClockCalibrationMode
 .text.XMC_SCU_HIB_EnableHibernateDomain
                0x0800096c       0x34 ./Libraries/XMCLib/src/xmc4_scu.o
                0x0800096c                XMC_SCU_HIB_EnableHibernateDomain
 .text.XMC_SCU_HIB_IsHibernateDomainEnabled
                0x080009a0       0x1c ./Libraries/XMCLib/src/xmc4_scu.o
                0x080009a0                XMC_SCU_HIB_IsHibernateDomainEnabled
 .text.XMC_SCU_CLOCK_IsLowPowerOscillatorStable
                0x080009bc       0x14 ./Libraries/XMCLib/src/xmc4_scu.o
                0x080009bc                XMC_SCU_CLOCK_IsLowPowerOscillatorStable
 .text.XMC_SCU_CLOCK_EnableLowPowerOscillator
                0x080009d0       0x4c ./Libraries/XMCLib/src/xmc4_scu.o
                0x080009d0                XMC_SCU_CLOCK_EnableLowPowerOscillator
 .text.XMC_SCU_CLOCK_EnableHighPerformanceOscillator
                0x08000a1c       0x40 ./Libraries/XMCLib/src/xmc4_scu.o
                0x08000a1c                XMC_SCU_CLOCK_EnableHighPerformanceOscillator
 .text.XMC_SCU_CLOCK_IsHighPerformanceOscillatorStable
                0x08000a5c       0x18 ./Libraries/XMCLib/src/xmc4_scu.o
                0x08000a5c                XMC_SCU_CLOCK_IsHighPerformanceOscillatorStable
 .text.XMC_SCU_CLOCK_EnableSystemPll
                0x08000a74       0x14 ./Libraries/XMCLib/src/xmc4_scu.o
                0x08000a74                XMC_SCU_CLOCK_EnableSystemPll
 .text.XMC_SCU_CLOCK_DisableSystemPll
                0x08000a88       0x14 ./Libraries/XMCLib/src/xmc4_scu.o
                0x08000a88                XMC_SCU_CLOCK_DisableSystemPll
 .text.XMC_SCU_CLOCK_StepSystemPllFrequency
                0x08000a9c       0x1c ./Libraries/XMCLib/src/xmc4_scu.o
                0x08000a9c                XMC_SCU_CLOCK_StepSystemPllFrequency
 .text.XMC_SCU_CLOCK_StartSystemPll
                0x08000ab8       0xe8 ./Libraries/XMCLib/src/xmc4_scu.o
                0x08000ab8                XMC_SCU_CLOCK_StartSystemPll
 .text.XMC_SCU_CLOCK_Init
                0x08000ba0       0x9c ./Libraries/XMCLib/src/xmc4_scu.o
                0x08000ba0                XMC_SCU_CLOCK_Init
 .text.XMC_CCU4_EnableModule
                0x08000c3c       0x68 ./Libraries/XMCLib/src/xmc_ccu4.o
                0x08000c3c                XMC_CCU4_EnableModule
 .text.XMC_CCU4_Init
                0x08000ca4       0x1e ./Libraries/XMCLib/src/xmc_ccu4.o
                0x08000ca4                XMC_CCU4_Init
 .text.XMC_CCU4_SLICE_CompareInit
                0x08000cc2       0x2e ./Libraries/XMCLib/src/xmc_ccu4.o
                0x08000cc2                XMC_CCU4_SLICE_CompareInit
 .text.XMC_CCU4_SLICE_SetInterruptNode
                0x08000cf0       0x34 ./Libraries/XMCLib/src/xmc_ccu4.o
                0x08000cf0                XMC_CCU4_SLICE_SetInterruptNode
 .text.XMC_GPIO_SetHardwareControl
                0x08000d24       0x1a ./Libraries/XMCLib/src/xmc_gpio.o
                0x08000d24                XMC_GPIO_SetHardwareControl
 *fill*         0x08000d3e        0x2 
 .text.XMC_RTC_Start
                0x08000d40       0x20 ./Libraries/XMCLib/src/xmc_rtc.o
                0x08000d40                XMC_RTC_Start
 .text.XMC_RTC_SetPrescaler
                0x08000d60       0x20 ./Libraries/XMCLib/src/xmc_rtc.o
                0x08000d60                XMC_RTC_SetPrescaler
 .text.XMC_RTC_GetTime
                0x08000d80       0x10 ./Libraries/XMCLib/src/xmc_rtc.o
                0x08000d80                XMC_RTC_GetTime
 .text.XMC_SDMMC_Enable
                0x08000d90       0x18 ./Libraries/XMCLib/src/xmc_sdmmc.o
                0x08000d90                XMC_SDMMC_Enable
 .text.XMC_SDMMC_EnableEventStatus
                0x08000da8       0x14 ./Libraries/XMCLib/src/xmc_sdmmc.o
                0x08000da8                XMC_SDMMC_EnableEventStatus
 .text.XMC_SDMMC_EnableEvent
                0x08000dbc       0x1e ./Libraries/XMCLib/src/xmc_sdmmc.o
                0x08000dbc                XMC_SDMMC_EnableEvent
 .text.XMC_SDMMC_DisableEvent
                0x08000dda       0x16 ./Libraries/XMCLib/src/xmc_sdmmc.o
                0x08000dda                XMC_SDMMC_DisableEvent
 .text.XMC_SDMMC_ClearEvent
                0x08000df0        0xa ./Libraries/XMCLib/src/xmc_sdmmc.o
                0x08000df0                XMC_SDMMC_ClearEvent
 .text.XMC_SDMMC_GetEvent
                0x08000dfa       0x1c ./Libraries/XMCLib/src/xmc_sdmmc.o
                0x08000dfa                XMC_SDMMC_GetEvent
 .text.XMC_SDMMC_SendCommand
                0x08000e16        0xa ./Libraries/XMCLib/src/xmc_sdmmc.o
                0x08000e16                XMC_SDMMC_SendCommand
 .text.XMC_SDMMC_SetDataTransferMode
                0x08000e20       0x36 ./Libraries/XMCLib/src/xmc_sdmmc.o
                0x08000e20                XMC_SDMMC_SetDataTransferMode
 *fill*         0x08000e56        0x2 
 .text.XMC_SPI_CH_Init
                0x08000e58       0x48 ./Libraries/XMCLib/src/xmc_spi.o
                0x08000e58                XMC_SPI_CH_Init
 .text.XMC_SPI_CH_GetReceivedData
                0x08000ea0       0x14 ./Libraries/XMCLib/src/xmc_spi.o
                0x08000ea0                XMC_SPI_CH_GetReceivedData
 .text.XMC_USIC_Enable.part.0
                0x08000eb4       0x28 ./Libraries/XMCLib/src/xmc_usic.o
 .text.XMC_USIC_CH_SetBaudrate
                0x08000edc       0x7c ./Libraries/XMCLib/src/xmc_usic.o
                0x08000edc                XMC_USIC_CH_SetBaudrate
 .text.XMC_USIC_CH_SetBaudrateEx
                0x08000f58       0x90 ./Libraries/XMCLib/src/xmc_usic.o
                0x08000f58                XMC_USIC_CH_SetBaudrateEx
 .text.XMC_USIC_CH_SetInterruptNodePointer
                0x08000fe8       0x14 ./Libraries/XMCLib/src/xmc_usic.o
                0x08000fe8                XMC_USIC_CH_SetInterruptNodePointer
 .text.XMC_USIC_Enable
                0x08000ffc       0x78 ./Libraries/XMCLib/src/xmc_usic.o
                0x08000ffc                XMC_USIC_Enable
 .text.XMC_USIC_CH_Enable
                0x08001074       0x68 ./Libraries/XMCLib/src/xmc_usic.o
                0x08001074                XMC_USIC_CH_Enable
 .text.XMC_VADC_GLOBAL_EnableModule
                0x080010dc       0x12 ./Libraries/XMCLib/src/xmc_vadc.o
                0x080010dc                XMC_VADC_GLOBAL_EnableModule
 .text.XMC_VADC_GLOBAL_Init
                0x080010ee       0x32 ./Libraries/XMCLib/src/xmc_vadc.o
                0x080010ee                XMC_VADC_GLOBAL_Init
 .text.XMC_VADC_GLOBAL_InputClassInit
                0x08001120       0x18 ./Libraries/XMCLib/src/xmc_vadc.o
                0x08001120                XMC_VADC_GLOBAL_InputClassInit
 .text.XMC_VADC_GLOBAL_StartupCalibration
                0x08001138       0x38 ./Libraries/XMCLib/src/xmc_vadc.o
                0x08001138                XMC_VADC_GLOBAL_StartupCalibration
 .text.XMC_VADC_GLOBAL_BackgroundSetReqSrcEventInterruptNode
                0x08001170       0x1e ./Libraries/XMCLib/src/xmc_vadc.o
                0x08001170                XMC_VADC_GLOBAL_BackgroundSetReqSrcEventInterruptNode
 .text.XMC_VADC_GROUP_InputClassInit
                0x0800118e       0x48 ./Libraries/XMCLib/src/xmc_vadc.o
                0x0800118e                XMC_VADC_GROUP_InputClassInit
 .text.XMC_VADC_GROUP_Init
                0x080011d6       0x84 ./Libraries/XMCLib/src/xmc_vadc.o
                0x080011d6                XMC_VADC_GROUP_Init
 .text.XMC_VADC_GROUP_SetPowerMode
                0x0800125a       0x10 ./Libraries/XMCLib/src/xmc_vadc.o
                0x0800125a                XMC_VADC_GROUP_SetPowerMode
 *fill*         0x0800126a        0x2 
 .text.XMC_VADC_GLOBAL_BackgroundInit
                0x0800126c       0xcc ./Libraries/XMCLib/src/xmc_vadc.o
                0x0800126c                XMC_VADC_GLOBAL_BackgroundInit
 .text.XMC_VADC_GROUP_ChannelInit
                0x08001338       0x76 ./Libraries/XMCLib/src/xmc_vadc.o
                0x08001338                XMC_VADC_GROUP_ChannelInit
 *fill*         0x080013ae        0x2 
 .text._sbrk    0x080013b0       0x40 ./Libraries/Newlib/syscalls.o
                0x080013b0                _sbrk
 .text._init    0x080013f0        0x2 ./Libraries/Newlib/syscalls.o
                0x080013f0                _init
 *fill*         0x080013f2        0x2 
 .text.EVE_cs_set
                0x080013f4       0x14 ./Libraries/FT800-FT813-5.x/EVE_commands.o
 .text.spi_transmit
                0x08001408       0x28 ./Libraries/FT800-FT813-5.x/EVE_commands.o
 .text.spi_transmit_32
                0x08001430       0x24 ./Libraries/FT800-FT813-5.x/EVE_commands.o
 .text.spi_receive.isra.1
                0x08001454       0x28 ./Libraries/FT800-FT813-5.x/EVE_commands.o
 .text.EVE_cs_clear
                0x0800147c       0x14 ./Libraries/FT800-FT813-5.x/EVE_commands.o
 .text.EVE_cmdWrite
                0x08001490       0x24 ./Libraries/FT800-FT813-5.x/EVE_commands.o
                0x08001490                EVE_cmdWrite
 .text.EVE_memRead8
                0x080014b4       0x32 ./Libraries/FT800-FT813-5.x/EVE_commands.o
                0x080014b4                EVE_memRead8
 .text.EVE_memRead16
                0x080014e6       0x3c ./Libraries/FT800-FT813-5.x/EVE_commands.o
                0x080014e6                EVE_memRead16
 .text.EVE_memRead32
                0x08001522       0x4c ./Libraries/FT800-FT813-5.x/EVE_commands.o
                0x08001522                EVE_memRead32
 .text.EVE_memWrite8
                0x0800156e       0x32 ./Libraries/FT800-FT813-5.x/EVE_commands.o
                0x0800156e                EVE_memWrite8
 .text.EVE_memWrite16
                0x080015a0       0x38 ./Libraries/FT800-FT813-5.x/EVE_commands.o
                0x080015a0                EVE_memWrite16
 .text.EVE_memWrite32
                0x080015d8       0x48 ./Libraries/FT800-FT813-5.x/EVE_commands.o
                0x080015d8                EVE_memWrite32
 .text.EVE_busy
                0x08001620       0xb8 ./Libraries/FT800-FT813-5.x/EVE_commands.o
                0x08001620                EVE_busy
 .text.EVE_cmd_execute
                0x080016d8        0xc ./Libraries/FT800-FT813-5.x/EVE_commands.o
                0x080016d8                EVE_cmd_execute
 .text.EVE_begin_cmd
                0x080016e4       0x24 ./Libraries/FT800-FT813-5.x/EVE_commands.o
                0x080016e4                EVE_begin_cmd
 .text.spi_flash_write
                0x08001708       0x2c ./Libraries/FT800-FT813-5.x/EVE_commands.o
                0x08001708                spi_flash_write
 .text.block_transfer
                0x08001734       0x46 ./Libraries/FT800-FT813-5.x/EVE_commands.o
                0x08001734                block_transfer
 .text.EVE_cmd_inflate
                0x0800177a       0x2a ./Libraries/FT800-FT813-5.x/EVE_commands.o
                0x0800177a                EVE_cmd_inflate
 .text.EVE_cmd_memcpy
                0x080017a4       0x30 ./Libraries/FT800-FT813-5.x/EVE_commands.o
                0x080017a4                EVE_cmd_memcpy
 .text.EVE_init
                0x080017d4      0x240 ./Libraries/FT800-FT813-5.x/EVE_commands.o
                0x080017d4                EVE_init
 .text.EVE_start_cmd_burst
                0x08001a14       0x28 ./Libraries/FT800-FT813-5.x/EVE_commands.o
                0x08001a14                EVE_start_cmd_burst
 .text.EVE_end_cmd_burst
                0x08001a3c       0x10 ./Libraries/FT800-FT813-5.x/EVE_commands.o
                0x08001a3c                EVE_end_cmd_burst
 .text.EVE_start_command
                0x08001a4c       0x24 ./Libraries/FT800-FT813-5.x/EVE_commands.o
                0x08001a4c                EVE_start_command
 .text.EVE_write_string
                0x08001a70       0x90 ./Libraries/FT800-FT813-5.x/EVE_commands.o
                0x08001a70                EVE_write_string
 .text.EVE_cmd_text_var
                0x08001b00       0x8c ./Libraries/FT800-FT813-5.x/EVE_commands.o
                0x08001b00                EVE_cmd_text_var
 .text.EVE_cmd_text_var_burst
                0x08001b8c       0x52 ./Libraries/FT800-FT813-5.x/EVE_commands.o
                0x08001b8c                EVE_cmd_text_var_burst
 *fill*         0x08001bde        0x2 
 .text.EVE_cmd_dl
                0x08001be0       0x1c ./Libraries/FT800-FT813-5.x/EVE_commands.o
                0x08001be0                EVE_cmd_dl
 .text.EVE_cmd_dl_burst
                0x08001bfc        0x4 ./Libraries/FT800-FT813-5.x/EVE_commands.o
                0x08001bfc                EVE_cmd_dl_burst
 .text.EVE_cmd_append_burst
                0x08001c00       0x1e ./Libraries/FT800-FT813-5.x/EVE_commands.o
                0x08001c00                EVE_cmd_append_burst
 *fill*         0x08001c1e        0x2 
 .text.EVE_cmd_bgcolor
                0x08001c20       0x40 ./Libraries/FT800-FT813-5.x/EVE_commands.o
                0x08001c20                EVE_cmd_bgcolor
 .text.EVE_cmd_bgcolor_burst
                0x08001c60       0x16 ./Libraries/FT800-FT813-5.x/EVE_commands.o
                0x08001c60                EVE_cmd_bgcolor_burst
 .text.EVE_cmd_button_burst
                0x08001c76       0x40 ./Libraries/FT800-FT813-5.x/EVE_commands.o
                0x08001c76                EVE_cmd_button_burst
 *fill*         0x08001cb6        0x2 
 .text.EVE_cmd_calibrate
                0x08001cb8       0x28 ./Libraries/FT800-FT813-5.x/EVE_commands.o
                0x08001cb8                EVE_cmd_calibrate
 .text.EVE_cmd_fgcolor
                0x08001ce0       0x40 ./Libraries/FT800-FT813-5.x/EVE_commands.o
                0x08001ce0                EVE_cmd_fgcolor
 .text.EVE_cmd_fgcolor_burst
                0x08001d20       0x16 ./Libraries/FT800-FT813-5.x/EVE_commands.o
                0x08001d20                EVE_cmd_fgcolor_burst
 *fill*         0x08001d36        0x2 
 .text.EVE_cmd_gradcolor
                0x08001d38       0x40 ./Libraries/FT800-FT813-5.x/EVE_commands.o
                0x08001d38                EVE_cmd_gradcolor
 .text.EVE_cmd_gradcolor_burst
                0x08001d78       0x16 ./Libraries/FT800-FT813-5.x/EVE_commands.o
                0x08001d78                EVE_cmd_gradcolor_burst
 .text.EVE_cmd_keys_burst
                0x08001d8e       0x40 ./Libraries/FT800-FT813-5.x/EVE_commands.o
                0x08001d8e                EVE_cmd_keys_burst
 *fill*         0x08001dce        0x2 
 .text.EVE_cmd_number
                0x08001dd0       0x6c ./Libraries/FT800-FT813-5.x/EVE_commands.o
                0x08001dd0                EVE_cmd_number
 .text.EVE_cmd_number_burst
                0x08001e3c       0x30 ./Libraries/FT800-FT813-5.x/EVE_commands.o
                0x08001e3c                EVE_cmd_number_burst
 .text.EVE_cmd_setbase
                0x08001e6c       0x28 ./Libraries/FT800-FT813-5.x/EVE_commands.o
                0x08001e6c                EVE_cmd_setbase
 .text.EVE_cmd_setbitmap_burst
                0x08001e94       0x2a ./Libraries/FT800-FT813-5.x/EVE_commands.o
                0x08001e94                EVE_cmd_setbitmap_burst
 *fill*         0x08001ebe        0x2 
 .text.EVE_cmd_text
                0x08001ec0       0x6c ./Libraries/FT800-FT813-5.x/EVE_commands.o
                0x08001ec0                EVE_cmd_text
 .text.EVE_cmd_text_burst
                0x08001f2c       0x30 ./Libraries/FT800-FT813-5.x/EVE_commands.o
                0x08001f2c                EVE_cmd_text_burst
 .text.EVE_cmd_toggle_burst
                0x08001f5c       0x40 ./Libraries/FT800-FT813-5.x/EVE_commands.o
                0x08001f5c                EVE_cmd_toggle_burst
 .text.keypad_open
                0x08001f9c       0x28 ./Libraries/FT800-FT813-5.x/tft.o
                0x08001f9c                keypad_open
 .text.keypad_close
                0x08001fc4       0x24 ./Libraries/FT800-FT813-5.x/tft.o
                0x08001fc4                keypad_close
 .text.str_insert
                0x08001fe8       0x3c ./Libraries/FT800-FT813-5.x/tft.o
                0x08001fe8                str_insert
 .text.TFT_setMenu
                0x08002024       0x50 ./Libraries/FT800-FT813-5.x/tft.o
                0x08002024                TFT_setMenu
 .text.TFT_setColor
                0x08002074       0x68 ./Libraries/FT800-FT813-5.x/tft.o
                0x08002074                TFT_setColor
 .text.TFT_header
                0x080020dc      0x10c ./Libraries/FT800-FT813-5.x/tft.o
                0x080020dc                TFT_header
 .text.TFT_label
                0x080021e8      0x1c0 ./Libraries/FT800-FT813-5.x/tft.o
                0x080021e8                TFT_label
 .text.TFT_control
                0x080023a8       0x94 ./Libraries/FT800-FT813-5.x/tft.o
                0x080023a8                TFT_control
 .text.TFT_textbox_static
                0x0800243c      0x104 ./Libraries/FT800-FT813-5.x/tft.o
                0x0800243c                TFT_textbox_static
 .text.TFT_textbox_display
                0x08002540      0x248 ./Libraries/FT800-FT813-5.x/tft.o
                0x08002540                TFT_textbox_display
 .text.TFT_textbox_setStatus
                0x08002788      0x25c ./Libraries/FT800-FT813-5.x/tft.o
                0x08002788                TFT_textbox_setStatus
 .text.TFT_textbox_touch
                0x080029e4       0xcc ./Libraries/FT800-FT813-5.x/tft.o
                0x080029e4                TFT_textbox_touch
 .text.TFT_graph_static
                0x08002ab0      0x48c ./Libraries/FT800-FT813-5.x/tft.o
                0x08002ab0                TFT_graph_static
 .text.TFT_graph_pixeldata_i
                0x08002f3c      0x190 ./Libraries/FT800-FT813-5.x/tft.o
                0x08002f3c                TFT_graph_pixeldata_i
 .text.TFT_graph_pixeldata_f
                0x080030cc      0x180 ./Libraries/FT800-FT813-5.x/tft.o
                0x080030cc                TFT_graph_pixeldata_f
 .text.TFT_graph_XYdata
                0x0800324c      0x234 ./Libraries/FT800-FT813-5.x/tft.o
                0x0800324c                TFT_graph_XYdata
 .text.TFT_graph_function
                0x08003480      0x198 ./Libraries/FT800-FT813-5.x/tft.o
                0x08003480                TFT_graph_function
 .text.touch_calibrate
                0x08003618      0x200 ./Libraries/FT800-FT813-5.x/tft.o
                0x08003618                touch_calibrate
 .text.TFT_init
                0x08003818       0x74 ./Libraries/FT800-FT813-5.x/tft.o
                0x08003818                TFT_init
 .text.TFT_display_init_screen
                0x0800388c       0x84 ./Libraries/FT800-FT813-5.x/tft.o
                0x0800388c                TFT_display_init_screen
 .text.TFT_display_static
                0x08003910       0xc8 ./Libraries/FT800-FT813-5.x/tft.o
                0x08003910                TFT_display_static
 .text.TFT_touch
                0x080039d8      0x1e4 ./Libraries/FT800-FT813-5.x/tft.o
                0x080039d8                TFT_touch
 .text.TFT_display
                0x08003bbc      0x3c4 ./Libraries/FT800-FT813-5.x/tft.o
                0x08003bbc                TFT_display
 .text.TIMER_CCU4_lShadowTransfer
                0x08003f80       0x14 ./Dave/Generated/TIMER/timer.o
                0x08003f80                TIMER_CCU4_lShadowTransfer
 .text.TIMER_CCU4_lInit
                0x08003f94       0x5e ./Dave/Generated/TIMER/timer.o
                0x08003f94                TIMER_CCU4_lInit
 .text.TIMER_Init
                0x08003ff2       0x14 ./Dave/Generated/TIMER/timer.o
                0x08003ff2                TIMER_Init
 *fill*         0x08004006        0x2 
 .text.SYSTIMER_lInsertTimerList
                0x08004008       0x94 ./Dave/Generated/SYSTIMER/systimer.o
 .text.SYSTIMER_lRemoveTimerList
                0x0800409c       0x4c ./Dave/Generated/SYSTIMER/systimer.o
 .text.SysTick_Handler
                0x080040e8       0x94 ./Dave/Generated/SYSTIMER/systimer.o
                0x080040e8                SysTick_Handler
 .text.SYSTIMER_Init
                0x0800417c       0x6c ./Dave/Generated/SYSTIMER/systimer.o
                0x0800417c                SYSTIMER_Init
 .text.SYSTIMER_CreateTimer
                0x080041e8       0x68 ./Dave/Generated/SYSTIMER/systimer.o
                0x080041e8                SYSTIMER_CreateTimer
 .text.SYSTIMER_StartTimer
                0x08004250       0x30 ./Dave/Generated/SYSTIMER/systimer.o
                0x08004250                SYSTIMER_StartTimer
 .text.SYSTIMER_StopTimer
                0x08004280       0x2c ./Dave/Generated/SYSTIMER/systimer.o
                0x08004280                SYSTIMER_StopTimer
 .text.SYSTIMER_DeleteTimer
                0x080042ac       0x44 ./Dave/Generated/SYSTIMER/systimer.o
                0x080042ac                SYSTIMER_DeleteTimer
 .text.SYSTIMER_GetTime
                0x080042f0       0x10 ./Dave/Generated/SYSTIMER/systimer.o
                0x080042f0                SYSTIMER_GetTime
 .text.SPI_MASTER_lReceivePolling
                0x08004300      0x1de ./Dave/Generated/SPI_MASTER/spi_master.o
 .text.SPI_MASTER_Init
                0x080044de        0x6 ./Dave/Generated/SPI_MASTER/spi_master.o
                0x080044de                SPI_MASTER_Init
 .text.SPI_MASTER_Transmit
                0x080044e4      0x102 ./Dave/Generated/SPI_MASTER/spi_master.o
                0x080044e4                SPI_MASTER_Transmit
 *fill*         0x080045e6        0x2 
 .text.SPI_MASTER_Receive
                0x080045e8       0x50 ./Dave/Generated/SPI_MASTER/spi_master.o
                0x080045e8                SPI_MASTER_Receive
 .text.SPI_MASTER_0_lInit
                0x08004638       0xb4 ./Dave/Generated/SPI_MASTER/spi_master_conf.o
 .text.SDMMC_BLOCK_Init
                0x080046ec       0x28 ./Dave/Generated/SDMMC_BLOCK/sdmmc_block.o
                0x080046ec                SDMMC_BLOCK_Init
 .text.SDMMC_BLOCK_Initialize
                0x08004714       0x16 ./Dave/Generated/SDMMC_BLOCK/sdmmc_block.o
                0x08004714                SDMMC_BLOCK_Initialize
 .text.SDMMC_BLOCK_ReadBlock
                0x0800472a       0x12 ./Dave/Generated/SDMMC_BLOCK/sdmmc_block.o
                0x0800472a                SDMMC_BLOCK_ReadBlock
 .text.SDMMC_BLOCK_WriteBlock
                0x0800473c       0x12 ./Dave/Generated/SDMMC_BLOCK/sdmmc_block.o
                0x0800473c                SDMMC_BLOCK_WriteBlock
 .text.SDMMC_BLOCK_GetStatus
                0x0800474e        0xc ./Dave/Generated/SDMMC_BLOCK/sdmmc_block.o
                0x0800474e                SDMMC_BLOCK_GetStatus
 .text.SDMMC_BLOCK_Ioctl
                0x0800475a      0x23a ./Dave/Generated/SDMMC_BLOCK/sdmmc_block.o
                0x0800475a                SDMMC_BLOCK_Ioctl
 .text.SDMMC_BLOCK_0_Config_Init
                0x08004994       0xdc ./Dave/Generated/SDMMC_BLOCK/sdmmc_block_conf.o
 .text.SDMMC0_0_IRQHandler
                0x08004a70       0x50 ./Dave/Generated/SDMMC_BLOCK/sdmmc_block_conf.o
                0x08004a70                SDMMC0_0_IRQHandler
 .text.SDMMC_BLOCK_SD_TimerCallback
                0x08004ac0        0xc ./Dave/Generated/SDMMC_BLOCK/sdmmc_block_private_sd.o
 .text.SDMMC_BLOCK_SD_lStartTimer
                0x08004acc       0x48 ./Dave/Generated/SDMMC_BLOCK/sdmmc_block_private_sd.o
 .text.SDMMC_BLOCK_SD_lCardCleanUp
                0x08004b14       0x40 ./Dave/Generated/SDMMC_BLOCK/sdmmc_block_private_sd.o
 .text.SDMMC_BLOCK_SD_lStopTimer.isra.2
                0x08004b54       0x20 ./Dave/Generated/SDMMC_BLOCK/sdmmc_block_private_sd.o
 .text.SDMMC_BLOCK_SD_lReset
                0x08004b74       0x4c ./Dave/Generated/SDMMC_BLOCK/sdmmc_block_private_sd.o
 .text.SDMMC_BLOCK_SD_lTransferDelay.constprop.11
                0x08004bc0       0x54 ./Dave/Generated/SDMMC_BLOCK/sdmmc_block_private_sd.o
 .text.SDMMC_BLOCK_SD_lCheckErrorInResponse
                0x08004c14       0x64 ./Dave/Generated/SDMMC_BLOCK/sdmmc_block_private_sd.o
 .text.SDMMC_BLOCK_SD_lErrorInterruptRecovery
                0x08004c78      0x11c ./Dave/Generated/SDMMC_BLOCK/sdmmc_block_private_sd.o
 .text.SDMMC_BLOCK_SD_lSendCommand
                0x08004d94      0x1e4 ./Dave/Generated/SDMMC_BLOCK/sdmmc_block_private_sd.o
 .text.SDMMC_BLOCK_SD_lSwitchToTransferState
                0x08004f78       0x48 ./Dave/Generated/SDMMC_BLOCK/sdmmc_block_private_sd.o
 .text.SDMMC_BLOCK_SD_lLocalErase
                0x08004fc0       0xa4 ./Dave/Generated/SDMMC_BLOCK/sdmmc_block_private_sd.o
 .text.SDMMC_BLOCK_SD_lDataTransfer
                0x08005064       0x84 ./Dave/Generated/SDMMC_BLOCK/sdmmc_block_private_sd.o
 .text.SDMMC_BLOCK_SD_lMultiBlockTransfer
                0x080050e8       0xfc ./Dave/Generated/SDMMC_BLOCK/sdmmc_block_private_sd.o
 .text.SDMMC_BLOCK_SD_lSingleBlockTransfer
                0x080051e4       0xa0 ./Dave/Generated/SDMMC_BLOCK/sdmmc_block_private_sd.o
 .text.SDMMC_BLOCK_SD_NormalInterruptHandler
                0x08005284       0x82 ./Dave/Generated/SDMMC_BLOCK/sdmmc_block_private_sd.o
                0x08005284                SDMMC_BLOCK_SD_NormalInterruptHandler
 .text.SDMMC_BLOCK_SD_ErrorInterruptHandler
                0x08005306      0x12e ./Dave/Generated/SDMMC_BLOCK/sdmmc_block_private_sd.o
                0x08005306                SDMMC_BLOCK_SD_ErrorInterruptHandler
 .text.SDMMC_BLOCK_SD_GetLockStatus
                0x08005434       0x48 ./Dave/Generated/SDMMC_BLOCK/sdmmc_block_private_sd.o
                0x08005434                SDMMC_BLOCK_SD_GetLockStatus
 .text.SDMMC_BLOCK_SD_LockUnlockCard
                0x0800547c       0xc0 ./Dave/Generated/SDMMC_BLOCK/sdmmc_block_private_sd.o
                0x0800547c                SDMMC_BLOCK_SD_LockUnlockCard
 .text.SDMMC_BLOCK_SD_GetState
                0x0800553c        0x8 ./Dave/Generated/SDMMC_BLOCK/sdmmc_block_private_sd.o
                0x0800553c                SDMMC_BLOCK_SD_GetState
 .text.SDMMC_BLOCK_SD_GetCardType
                0x08005544        0x8 ./Dave/Generated/SDMMC_BLOCK/sdmmc_block_private_sd.o
                0x08005544                SDMMC_BLOCK_SD_GetCardType
 .text.SDMMC_BLOCK_SD_GetCid
                0x0800554c       0x58 ./Dave/Generated/SDMMC_BLOCK/sdmmc_block_private_sd.o
                0x0800554c                SDMMC_BLOCK_SD_GetCid
 .text.SDMMC_BLOCK_SD_GetOcr
                0x080055a4        0xa ./Dave/Generated/SDMMC_BLOCK/sdmmc_block_private_sd.o
                0x080055a4                SDMMC_BLOCK_SD_GetOcr
 .text.SDMMC_BLOCK_SD_GetCsd
                0x080055ae       0x22 ./Dave/Generated/SDMMC_BLOCK/sdmmc_block_private_sd.o
                0x080055ae                SDMMC_BLOCK_SD_GetCsd
 .text.SDMMC_BLOCK_SD_GetSectorCount
                0x080055d0       0x60 ./Dave/Generated/SDMMC_BLOCK/sdmmc_block_private_sd.o
                0x080055d0                SDMMC_BLOCK_SD_GetSectorCount
 .text.SDMMC_BLOCK_SD_lCheckSectorBound
                0x08005630       0x22 ./Dave/Generated/SDMMC_BLOCK/sdmmc_block_private_sd.o
 .text.SDMMC_BLOCK_SD_GetSectorSize
                0x08005652        0xa ./Dave/Generated/SDMMC_BLOCK/sdmmc_block_private_sd.o
                0x08005652                SDMMC_BLOCK_SD_GetSectorSize
 .text.SDMMC_BLOCK_SD_GetBlockSize
                0x0800565c       0x36 ./Dave/Generated/SDMMC_BLOCK/sdmmc_block_private_sd.o
                0x0800565c                SDMMC_BLOCK_SD_GetBlockSize
 *fill*         0x08005692        0x2 
 .text.SDMMC_BLOCK_SD_GetSdStatus
                0x08005694       0x60 ./Dave/Generated/SDMMC_BLOCK/sdmmc_block_private_sd.o
                0x08005694                SDMMC_BLOCK_SD_GetSdStatus
 .text.SDMMC_BLOCK_SD_CardIdentificationProcess
                0x080056f4      0x458 ./Dave/Generated/SDMMC_BLOCK/sdmmc_block_private_sd.o
                0x080056f4                SDMMC_BLOCK_SD_CardIdentificationProcess
 .text.SDMMC_BLOCK_SD_EraseBlock
                0x08005b4c       0xe0 ./Dave/Generated/SDMMC_BLOCK/sdmmc_block_private_sd.o
                0x08005b4c                SDMMC_BLOCK_SD_EraseBlock
 .text.SDMMC_BLOCK_SD_EjectCard
                0x08005c2c       0x40 ./Dave/Generated/SDMMC_BLOCK/sdmmc_block_private_sd.o
                0x08005c2c                SDMMC_BLOCK_SD_EjectCard
 .text.SDMMC_BLOCK_SD_Start
                0x08005c6c      0x108 ./Dave/Generated/SDMMC_BLOCK/sdmmc_block_private_sd.o
                0x08005c6c                SDMMC_BLOCK_SD_Start
 .text.SDMMC_BLOCK_SD_Init
                0x08005d74       0x38 ./Dave/Generated/SDMMC_BLOCK/sdmmc_block_private_sd.o
                0x08005d74                SDMMC_BLOCK_SD_Init
 .text.SDMMC_BLOCK_SD_ReadBlock
                0x08005dac       0xdc ./Dave/Generated/SDMMC_BLOCK/sdmmc_block_private_sd.o
                0x08005dac                SDMMC_BLOCK_SD_ReadBlock
 .text.SDMMC_BLOCK_SD_WriteBlock
                0x08005e88       0xe4 ./Dave/Generated/SDMMC_BLOCK/sdmmc_block_private_sd.o
                0x08005e88                SDMMC_BLOCK_SD_WriteBlock
 .text.RTC_lConfigureInterrupts
                0x08005f6c       0x42 ./Dave/Generated/RTC/rtc.o
                0x08005f6c                RTC_lConfigureInterrupts
 .text.RTC_Init
                0x08005fae       0x2e ./Dave/Generated/RTC/rtc.o
                0x08005fae                RTC_Init
 .text.RTC_GetTime
                0x08005fdc       0x26 ./Dave/Generated/RTC/rtc.o
                0x08005fdc                RTC_GetTime
 .text.GLOBAL_CCU4_Init
                0x08006002       0x20 ./Dave/Generated/GLOBAL_CCU4/global_ccu4.o
                0x08006002                GLOBAL_CCU4_Init
 .text.GLOBAL_ADC_Init
                0x08006022       0x62 ./Dave/Generated/GLOBAL_ADC/global_adc.o
                0x08006022                GLOBAL_ADC_Init
 .text.ld_dword
                0x08006084       0x16 ./Dave/Generated/FATFS/ff_Src/ff.o
 .text.st_dword
                0x0800609a       0x10 ./Dave/Generated/FATFS/ff_Src/ff.o
 .text.mem_cmp  0x080060aa       0x1c ./Dave/Generated/FATFS/ff_Src/ff.o
 *fill*         0x080060c6        0x2 
 .text.chk_lock
                0x080060c8       0x48 ./Dave/Generated/FATFS/ff_Src/ff.o
 .text.inc_lock
                0x08006110       0x58 ./Dave/Generated/FATFS/ff_Src/ff.o
 .text.dec_lock
                0x08006168       0x2c ./Dave/Generated/FATFS/ff_Src/ff.o
 .text.clst2sect
                0x08006194       0x16 ./Dave/Generated/FATFS/ff_Src/ff.o
 *fill*         0x080061aa        0x2 
 .text.get_ldnumber
                0x080061ac       0x40 ./Dave/Generated/FATFS/ff_Src/ff.o
 .text.validate
                0x080061ec       0x30 ./Dave/Generated/FATFS/ff_Src/ff.o
 .text.mem_cpy.part.0
                0x0800621c       0x12 ./Dave/Generated/FATFS/ff_Src/ff.o
 .text.ld_clust.isra.3
                0x0800622e       0x1c ./Dave/Generated/FATFS/ff_Src/ff.o
 .text.st_clust.isra.4
                0x0800624a       0x18 ./Dave/Generated/FATFS/ff_Src/ff.o
 .text.sync_window.part.6
                0x08006262       0x42 ./Dave/Generated/FATFS/ff_Src/ff.o
 .text.move_window
                0x080062a4       0x3a ./Dave/Generated/FATFS/ff_Src/ff.o
 *fill*         0x080062de        0x2 
 .text.check_fs
                0x080062e0       0x70 ./Dave/Generated/FATFS/ff_Src/ff.o
 .text.find_volume
                0x08006350      0x2a0 ./Dave/Generated/FATFS/ff_Src/ff.o
 .text.put_fat  0x080065f0       0xf2 ./Dave/Generated/FATFS/ff_Src/ff.o
 .text.get_fat.isra.10
                0x080066e2       0xb6 ./Dave/Generated/FATFS/ff_Src/ff.o
 .text.dir_sdi  0x08006798       0x92 ./Dave/Generated/FATFS/ff_Src/ff.o
 .text.create_chain
                0x0800682a       0xee ./Dave/Generated/FATFS/ff_Src/ff.o
 .text.remove_chain
                0x08006918       0x6e ./Dave/Generated/FATFS/ff_Src/ff.o
 .text.dir_clear
                0x08006986       0x5c ./Dave/Generated/FATFS/ff_Src/ff.o
 .text.dir_next
                0x080069e2       0xb6 ./Dave/Generated/FATFS/ff_Src/ff.o
 .text.follow_path
                0x08006a98      0x1f4 ./Dave/Generated/FATFS/ff_Src/ff.o
 .text.dir_register
                0x08006c8c       0x68 ./Dave/Generated/FATFS/ff_Src/ff.o
 .text.sync_fs  0x08006cf4       0xa0 ./Dave/Generated/FATFS/ff_Src/ff.o
 .text.f_mount  0x08006d94       0x5c ./Dave/Generated/FATFS/ff_Src/ff.o
                0x08006d94                f_mount
 .text.f_open   0x08006df0      0x1f8 ./Dave/Generated/FATFS/ff_Src/ff.o
                0x08006df0                f_open
 .text.f_read   0x08006fe8      0x15a ./Dave/Generated/FATFS/ff_Src/ff.o
                0x08006fe8                f_read
 .text.f_write  0x08007142      0x190 ./Dave/Generated/FATFS/ff_Src/ff.o
                0x08007142                f_write
 .text.f_sync   0x080072d2       0x92 ./Dave/Generated/FATFS/ff_Src/ff.o
                0x080072d2                f_sync
 .text.f_close  0x08007364       0x22 ./Dave/Generated/FATFS/ff_Src/ff.o
                0x08007364                f_close
 .text.f_lseek  0x08007386      0x13a ./Dave/Generated/FATFS/ff_Src/ff.o
                0x08007386                f_lseek
 .text.f_mkdir  0x080074c0      0x122 ./Dave/Generated/FATFS/ff_Src/ff.o
                0x080074c0                f_mkdir
 *fill*         0x080075e2        0x2 
 .text.FATFS_Init
                0x080075e4       0x28 ./Dave/Generated/FATFS/fatfs.o
                0x080075e4                FATFS_Init
 .text.disk_initialize
                0x0800760c       0x24 ./Dave/Generated/FATFS/fatfs.o
                0x0800760c                disk_initialize
 .text.disk_status
                0x08007630       0x24 ./Dave/Generated/FATFS/fatfs.o
                0x08007630                disk_status
 .text.disk_read
                0x08007654       0x28 ./Dave/Generated/FATFS/fatfs.o
                0x08007654                disk_read
 .text.disk_write
                0x0800767c       0x28 ./Dave/Generated/FATFS/fatfs.o
                0x0800767c                disk_write
 .text.disk_ioctl
                0x080076a4       0x24 ./Dave/Generated/FATFS/fatfs.o
                0x080076a4                disk_ioctl
 .text.get_fattime
                0x080076c8       0x58 ./Dave/Generated/FATFS/fatfs.o
                0x080076c8                get_fattime
 .text.DIGITAL_IO_Init
                0x08007720       0x1c ./Dave/Generated/DIGITAL_IO/digital_io.o
                0x08007720                DIGITAL_IO_Init
 .text.SystemCoreSetup
                0x0800773c       0x78 ./Dave/Generated/CPU_CTRL_XMC4/cpu_ctrl_xmc4_conf.o
                0x0800773c                SystemCoreSetup
 .text.CLOCK_XMC4_Init
                0x080077b4        0x8 ./Dave/Generated/CLOCK_XMC4/clock_xmc4.o
                0x080077b4                CLOCK_XMC4_Init
 .text.OSCHP_GetFrequency
                0x080077bc        0x8 ./Dave/Generated/CLOCK_XMC4/clock_xmc4.o
                0x080077bc                OSCHP_GetFrequency
 .text.SystemCoreClockSetup
                0x080077c4       0x4c ./Dave/Generated/CLOCK_XMC4/clock_xmc4_conf.o
                0x080077c4                SystemCoreClockSetup
 .text.ADC_MEASUREMENT_Init
                0x08007810      0x130 ./Dave/Generated/ADC_MEASUREMENT/adc_measurement.o
                0x08007810                ADC_MEASUREMENT_Init
 .text.ADC_MEASUREMENT_GetResult
                0x08007940       0x14 ./Dave/Generated/ADC_MEASUREMENT/adc_measurement.o
                0x08007940                ADC_MEASUREMENT_GetResult
 .text.DAVE_Init
                0x08007954       0x5c ./Dave/Generated/DAVE.o
                0x08007954                DAVE_Init
 .text.delay_ms
                0x080079b0       0x1e ./globals.o
                0x080079b0                delay_ms
 *fill*         0x080079ce        0x2 
 .text.poly_calc
                0x080079d0       0x50 ./globals.o
                0x080079d0                poly_calc
 .text.startup.main
                0x08007a20       0x60 ./main.o
                0x08007a20                main
 .text.VADC0_C0_2_IRQHandler
                0x08007a80      0x158 ./measure.o
                0x08007a80                VADC0_C0_2_IRQHandler
 .text.TFT_display_static_menu0
                0x08007bd8       0x60 ./menu.o
                0x08007bd8                TFT_display_static_menu0
 .text.TFT_display_static_menu1
                0x08007c38       0x84 ./menu.o
                0x08007c38                TFT_display_static_menu1
 .text.TFT_display_menu1
                0x08007cbc       0x7c ./menu.o
                0x08007cbc                TFT_display_menu1
 .text.TFT_display_static_menu_setup
                0x08007d38       0x98 ./menu.o
                0x08007d38                TFT_display_static_menu_setup
 .text.TFT_display_static_menu_curveset
                0x08007dd0       0x5c ./menu.o
                0x08007dd0                TFT_display_static_menu_curveset
 .text.TFT_display_menu_setup
                0x08007e2c       0x80 ./menu.o
                0x08007e2c                TFT_display_menu_setup
 .text.TFT_touch_menu0
                0x08007eac      0x114 ./menu.o
                0x08007eac                TFT_touch_menu0
 .text.TFT_display_menu0
                0x08007fc0       0x94 ./menu.o
                0x08007fc0                TFT_display_menu0
 .text.TFT_touch_menu1
                0x08008054       0x12 ./menu.o
                0x08008054                TFT_touch_menu1
 *fill*         0x08008066        0x2 
 .text.curveset_setEditMode.part.3
                0x08008068       0x34 ./menu.o
 .text.TFT_display_get_values
                0x0800809c       0x28 ./menu.o
                0x0800809c                TFT_display_get_values
 .text.curveset_prepare
                0x080080c4       0xa0 ./menu.o
                0x080080c4                curveset_prepare
 .text.TFT_touch_menu_setup
                0x08008164      0x108 ./menu.o
                0x08008164                TFT_touch_menu_setup
 .text.curveset_setEditMode
                0x0800826c       0x80 ./menu.o
                0x0800826c                curveset_setEditMode
 .text.TFT_touch_menu_curveset
                0x080082ec      0x210 ./menu.o
                0x080082ec                TFT_touch_menu_curveset
 .text.menu_shelf_datapoint
                0x080084fc       0xb4 ./menu.o
                0x080084fc                menu_shelf_datapoint
 .text.TFT_display_menu_curveset
                0x080085b0      0x19c ./menu.o
                0x080085b0                TFT_display_menu_curveset
 .text.record_buffer
                0x0800874c       0xb4 ./record.o
                0x0800874c                record_buffer
 .text.ceil     0x08008800      0x108 c:/workspaces/dave_4-4-2_64bit_2018-02-23/dave-ide-4.4.2-64bit/eclipse/arm-gcc-49/bin/../lib/gcc/arm-none-eabi/4.9.3/../../../../arm-none-eabi/lib/armv7e-m/softfp\libm.a(lib_a-s_ceil.o)
                0x08008800                ceil
 .text.floor    0x08008908      0x110 c:/workspaces/dave_4-4-2_64bit_2018-02-23/dave-ide-4.4.2-64bit/eclipse/arm-gcc-49/bin/../lib/gcc/arm-none-eabi/4.9.3/../../../../arm-none-eabi/lib/armv7e-m/softfp\libm.a(lib_a-s_floor.o)
                0x08008908                floor
 .text.sin      0x08008a18       0x94 c:/workspaces/dave_4-4-2_64bit_2018-02-23/dave-ide-4.4.2-64bit/eclipse/arm-gcc-49/bin/../lib/gcc/arm-none-eabi/4.9.3/../../../../arm-none-eabi/lib/armv7e-m/softfp\libm.a(lib_a-s_sin.o)
                0x08008a18                sin
 .text.modff    0x08008aac       0x58 c:/workspaces/dave_4-4-2_64bit_2018-02-23/dave-ide-4.4.2-64bit/eclipse/arm-gcc-49/bin/../lib/gcc/arm-none-eabi/4.9.3/../../../../arm-none-eabi/lib/armv7e-m/softfp\libm.a(lib_a-sf_modf.o)
                0x08008aac                modff
 .text.pow10f   0x08008b04        0xc c:/workspaces/dave_4-4-2_64bit_2018-02-23/dave-ide-4.4.2-64bit/eclipse/arm-gcc-49/bin/../lib/gcc/arm-none-eabi/4.9.3/../../../../arm-none-eabi/lib/armv7e-m/softfp\libm.a(lib_a-sf_pow10.o)
                0x08008b04                pow10f
 .text.powf     0x08008b10      0x328 c:/workspaces/dave_4-4-2_64bit_2018-02-23/dave-ide-4.4.2-64bit/eclipse/arm-gcc-49/bin/../lib/gcc/arm-none-eabi/4.9.3/../../../../arm-none-eabi/lib/armv7e-m/softfp\libm.a(lib_a-wf_pow.o)
                0x08008b10                powf
 .text.__ieee754_rem_pio2
                0x08008e38      0x440 c:/workspaces/dave_4-4-2_64bit_2018-02-23/dave-ide-4.4.2-64bit/eclipse/arm-gcc-49/bin/../lib/gcc/arm-none-eabi/4.9.3/../../../../arm-none-eabi/lib/armv7e-m/softfp\libm.a(lib_a-e_rem_pio2.o)
                0x08008e38                __ieee754_rem_pio2
 .text.__ieee754_powf
                0x08009278      0x60c c:/workspaces/dave_4-4-2_64bit_2018-02-23/dave-ide-4.4.2-64bit/eclipse/arm-gcc-49/bin/../lib/gcc/arm-none-eabi/4.9.3/../../../../arm-none-eabi/lib/armv7e-m/softfp\libm.a(lib_a-ef_pow.o)
                0x08009278                __ieee754_powf
 .text.__ieee754_sqrtf
                0x08009884       0xac c:/workspaces/dave_4-4-2_64bit_2018-02-23/dave-ide-4.4.2-64bit/eclipse/arm-gcc-49/bin/../lib/gcc/arm-none-eabi/4.9.3/../../../../arm-none-eabi/lib/armv7e-m/softfp\libm.a(lib_a-ef_sqrt.o)
                0x08009884                __ieee754_sqrtf
 .text.__kernel_cos
                0x08009930      0x250 c:/workspaces/dave_4-4-2_64bit_2018-02-23/dave-ide-4.4.2-64bit/eclipse/arm-gcc-49/bin/../lib/gcc/arm-none-eabi/4.9.3/../../../../arm-none-eabi/lib/armv7e-m/softfp\libm.a(lib_a-k_cos.o)
                0x08009930                __kernel_cos
 .text.__kernel_rem_pio2
                0x08009b80      0x7d8 c:/workspaces/dave_4-4-2_64bit_2018-02-23/dave-ide-4.4.2-64bit/eclipse/arm-gcc-49/bin/../lib/gcc/arm-none-eabi/4.9.3/../../../../arm-none-eabi/lib/armv7e-m/softfp\libm.a(lib_a-k_rem_pio2.o)
                0x08009b80                __kernel_rem_pio2
 .text.__kernel_sin
                0x0800a358      0x170 c:/workspaces/dave_4-4-2_64bit_2018-02-23/dave-ide-4.4.2-64bit/eclipse/arm-gcc-49/bin/../lib/gcc/arm-none-eabi/4.9.3/../../../../arm-none-eabi/lib/armv7e-m/softfp\libm.a(lib_a-k_sin.o)
                0x0800a358                __kernel_sin
 .text.fabs     0x0800a4c8        0x8 c:/workspaces/dave_4-4-2_64bit_2018-02-23/dave-ide-4.4.2-64bit/eclipse/arm-gcc-49/bin/../lib/gcc/arm-none-eabi/4.9.3/../../../../arm-none-eabi/lib/armv7e-m/softfp\libm.a(lib_a-s_fabs.o)
                0x0800a4c8                fabs
 .text.matherr  0x0800a4d0        0x4 c:/workspaces/dave_4-4-2_64bit_2018-02-23/dave-ide-4.4.2-64bit/eclipse/arm-gcc-49/bin/../lib/gcc/arm-none-eabi/4.9.3/../../../../arm-none-eabi/lib/armv7e-m/softfp\libm.a(lib_a-s_matherr.o)
                0x0800a4d0                matherr
 .text.rint     0x0800a4d4      0x118 c:/workspaces/dave_4-4-2_64bit_2018-02-23/dave-ide-4.4.2-64bit/eclipse/arm-gcc-49/bin/../lib/gcc/arm-none-eabi/4.9.3/../../../../arm-none-eabi/lib/armv7e-m/softfp\libm.a(lib_a-s_rint.o)
                0x0800a4d4                rint
 *fill*         0x0800a5ec        0x4 
 .text.scalbn   0x0800a5f0      0x108 c:/workspaces/dave_4-4-2_64bit_2018-02-23/dave-ide-4.4.2-64bit/eclipse/arm-gcc-49/bin/../lib/gcc/arm-none-eabi/4.9.3/../../../../arm-none-eabi/lib/armv7e-m/softfp\libm.a(lib_a-s_scalbn.o)
                0x0800a5f0                scalbn
 .text.fabsf    0x0800a6f8        0x8 c:/workspaces/dave_4-4-2_64bit_2018-02-23/dave-ide-4.4.2-64bit/eclipse/arm-gcc-49/bin/../lib/gcc/arm-none-eabi/4.9.3/../../../../arm-none-eabi/lib/armv7e-m/softfp\libm.a(lib_a-sf_fabs.o)
                0x0800a6f8                fabsf
 .text.finitef  0x0800a700       0x10 c:/workspaces/dave_4-4-2_64bit_2018-02-23/dave-ide-4.4.2-64bit/eclipse/arm-gcc-49/bin/../lib/gcc/arm-none-eabi/4.9.3/../../../../arm-none-eabi/lib/armv7e-m/softfp\libm.a(lib_a-sf_finite.o)
                0x0800a700                finitef
 .text.__fpclassifyf
                0x0800a710       0x34 c:/workspaces/dave_4-4-2_64bit_2018-02-23/dave-ide-4.4.2-64bit/eclipse/arm-gcc-49/bin/../lib/gcc/arm-none-eabi/4.9.3/../../../../arm-none-eabi/lib/armv7e-m/softfp\libm.a(lib_a-sf_fpclassify.o)
                0x0800a710                __fpclassifyf
 .text.nanf     0x0800a744        0x8 c:/workspaces/dave_4-4-2_64bit_2018-02-23/dave-ide-4.4.2-64bit/eclipse/arm-gcc-49/bin/../lib/gcc/arm-none-eabi/4.9.3/../../../../arm-none-eabi/lib/armv7e-m/softfp\libm.a(lib_a-sf_nan.o)
                0x0800a744                nanf
 .text.scalbnf  0x0800a74c      0x100 c:/workspaces/dave_4-4-2_64bit_2018-02-23/dave-ide-4.4.2-64bit/eclipse/arm-gcc-49/bin/../lib/gcc/arm-none-eabi/4.9.3/../../../../arm-none-eabi/lib/armv7e-m/softfp\libm.a(lib_a-sf_scalbn.o)
                0x0800a74c                scalbnf
 .text.copysign
                0x0800a84c       0x10 c:/workspaces/dave_4-4-2_64bit_2018-02-23/dave-ide-4.4.2-64bit/eclipse/arm-gcc-49/bin/../lib/gcc/arm-none-eabi/4.9.3/../../../../arm-none-eabi/lib/armv7e-m/softfp\libm.a(lib_a-s_copysign.o)
                0x0800a84c                copysign
 .text.copysignf
                0x0800a85c        0xc c:/workspaces/dave_4-4-2_64bit_2018-02-23/dave-ide-4.4.2-64bit/eclipse/arm-gcc-49/bin/../lib/gcc/arm-none-eabi/4.9.3/../../../../arm-none-eabi/lib/armv7e-m/softfp\libm.a(lib_a-sf_copysign.o)
                0x0800a85c                copysignf
 .text          0x0800a868      0x370 c:/workspaces/dave_4-4-2_64bit_2018-02-23/dave-ide-4.4.2-64bit/eclipse/arm-gcc-49/bin/../lib/gcc/arm-none-eabi/4.9.3/armv7e-m/softfp\libgcc.a(_arm_addsubdf3.o)
                0x0800a868                __aeabi_drsub
                0x0800a870                __aeabi_dsub
                0x0800a870                __subdf3
                0x0800a874                __aeabi_dadd
                0x0800a874                __adddf3
                0x0800aaec                __floatunsidf
                0x0800aaec                __aeabi_ui2d
                0x0800ab0c                __floatsidf
                0x0800ab0c                __aeabi_i2d
                0x0800ab30                __aeabi_f2d
                0x0800ab30                __extendsfdf2
                0x0800ab6c                __floatundidf
                0x0800ab6c                __aeabi_ul2d
                0x0800ab7c                __floatdidf
                0x0800ab7c                __aeabi_l2d
 .text          0x0800abd8      0x424 c:/workspaces/dave_4-4-2_64bit_2018-02-23/dave-ide-4.4.2-64bit/eclipse/arm-gcc-49/bin/../lib/gcc/arm-none-eabi/4.9.3/armv7e-m/softfp\libgcc.a(_arm_muldivdf3.o)
                0x0800abd8                __aeabi_dmul
                0x0800abd8                __muldf3
                0x0800ae2c                __divdf3
                0x0800ae2c                __aeabi_ddiv
 .text          0x0800affc      0x110 c:/workspaces/dave_4-4-2_64bit_2018-02-23/dave-ide-4.4.2-64bit/eclipse/arm-gcc-49/bin/../lib/gcc/arm-none-eabi/4.9.3/armv7e-m/softfp\libgcc.a(_arm_cmpdf2.o)
                0x0800affc                __gtdf2
                0x0800affc                __gedf2
                0x0800b004                __ltdf2
                0x0800b004                __ledf2
                0x0800b00c                __nedf2
                0x0800b00c                __eqdf2
                0x0800b00c                __cmpdf2
                0x0800b088                __aeabi_cdrcmple
                0x0800b098                __aeabi_cdcmpeq
                0x0800b098                __aeabi_cdcmple
                0x0800b0a8                __aeabi_dcmpeq
                0x0800b0bc                __aeabi_dcmplt
                0x0800b0d0                __aeabi_dcmple
                0x0800b0e4                __aeabi_dcmpge
                0x0800b0f8                __aeabi_dcmpgt
 .text          0x0800b10c       0x50 c:/workspaces/dave_4-4-2_64bit_2018-02-23/dave-ide-4.4.2-64bit/eclipse/arm-gcc-49/bin/../lib/gcc/arm-none-eabi/4.9.3/armv7e-m/softfp\libgcc.a(_arm_fixdfsi.o)
                0x0800b10c                __aeabi_d2iz
                0x0800b10c                __fixdfsi
 .text          0x0800b15c       0x40 c:/workspaces/dave_4-4-2_64bit_2018-02-23/dave-ide-4.4.2-64bit/eclipse/arm-gcc-49/bin/../lib/gcc/arm-none-eabi/4.9.3/armv7e-m/softfp\libgcc.a(_arm_fixunsdfsi.o)
                0x0800b15c                __aeabi_d2uiz
                0x0800b15c                __fixunsdfsi
 .text          0x0800b19c       0xa0 c:/workspaces/dave_4-4-2_64bit_2018-02-23/dave-ide-4.4.2-64bit/eclipse/arm-gcc-49/bin/../lib/gcc/arm-none-eabi/4.9.3/armv7e-m/softfp\libgcc.a(_arm_truncdfsf2.o)
                0x0800b19c                __truncdfsf2
                0x0800b19c                __aeabi_d2f
 .text.atoff    0x0800b23c        0x6 c:/workspaces/dave_4-4-2_64bit_2018-02-23/dave-ide-4.4.2-64bit/eclipse/arm-gcc-49/bin/../lib/gcc/arm-none-eabi/4.9.3/../../../../arm-none-eabi/lib/armv7e-m/softfp\libc_nano.a(lib_a-atoff.o)
                0x0800b23c                atoff
 *fill*         0x0800b242        0x2 
 .text.__errno  0x0800b244        0xc c:/workspaces/dave_4-4-2_64bit_2018-02-23/dave-ide-4.4.2-64bit/eclipse/arm-gcc-49/bin/../lib/gcc/arm-none-eabi/4.9.3/../../../../arm-none-eabi/lib/armv7e-m/softfp\libc_nano.a(lib_a-errno.o)
                0x0800b244                __errno
 .text.__libc_init_array
                0x0800b250       0x4c c:/workspaces/dave_4-4-2_64bit_2018-02-23/dave-ide-4.4.2-64bit/eclipse/arm-gcc-49/bin/../lib/gcc/arm-none-eabi/4.9.3/../../../../arm-none-eabi/lib/armv7e-m/softfp\libc_nano.a(lib_a-init.o)
                0x0800b250                __libc_init_array
 .text.malloc   0x0800b29c       0x10 c:/workspaces/dave_4-4-2_64bit_2018-02-23/dave-ide-4.4.2-64bit/eclipse/arm-gcc-49/bin/../lib/gcc/arm-none-eabi/4.9.3/../../../../arm-none-eabi/lib/armv7e-m/softfp\libc_nano.a(lib_a-malloc.o)
                0x0800b29c                malloc
 .text.free     0x0800b2ac       0x10 c:/workspaces/dave_4-4-2_64bit_2018-02-23/dave-ide-4.4.2-64bit/eclipse/arm-gcc-49/bin/../lib/gcc/arm-none-eabi/4.9.3/../../../../arm-none-eabi/lib/armv7e-m/softfp\libc_nano.a(lib_a-malloc.o)
                0x0800b2ac                free
 .text.memcpy   0x0800b2bc       0x16 c:/workspaces/dave_4-4-2_64bit_2018-02-23/dave-ide-4.4.2-64bit/eclipse/arm-gcc-49/bin/../lib/gcc/arm-none-eabi/4.9.3/../../../../arm-none-eabi/lib/armv7e-m/softfp\libc_nano.a(lib_a-memcpy.o)
                0x0800b2bc                memcpy
 .text.memset   0x0800b2d2       0x10 c:/workspaces/dave_4-4-2_64bit_2018-02-23/dave-ide-4.4.2-64bit/eclipse/arm-gcc-49/bin/../lib/gcc/arm-none-eabi/4.9.3/../../../../arm-none-eabi/lib/armv7e-m/softfp\libc_nano.a(lib_a-memset.o)
                0x0800b2d2                memset
 *fill*         0x0800b2e2        0x2 
 .text._free_r  0x0800b2e4       0x88 c:/workspaces/dave_4-4-2_64bit_2018-02-23/dave-ide-4.4.2-64bit/eclipse/arm-gcc-49/bin/../lib/gcc/arm-none-eabi/4.9.3/../../../../arm-none-eabi/lib/armv7e-m/softfp\libc_nano.a(lib_a-nano-freer.o)
                0x0800b2e4                _free_r
 .text._malloc_r
                0x0800b36c       0xac c:/workspaces/dave_4-4-2_64bit_2018-02-23/dave-ide-4.4.2-64bit/eclipse/arm-gcc-49/bin/../lib/gcc/arm-none-eabi/4.9.3/../../../../arm-none-eabi/lib/armv7e-m/softfp\libc_nano.a(lib_a-nano-mallocr.o)
                0x0800b36c                _malloc_r
 .text.__cvt    0x0800b418       0xc0 c:/workspaces/dave_4-4-2_64bit_2018-02-23/dave-ide-4.4.2-64bit/eclipse/arm-gcc-49/bin/../lib/gcc/arm-none-eabi/4.9.3/../../../../arm-none-eabi/lib/armv7e-m/softfp\libc_nano.a(lib_a-nano-vfprintf_float.o)
                0x0800b418                __cvt
 .text.__exponent
                0x0800b4d8       0x60 c:/workspaces/dave_4-4-2_64bit_2018-02-23/dave-ide-4.4.2-64bit/eclipse/arm-gcc-49/bin/../lib/gcc/arm-none-eabi/4.9.3/../../../../arm-none-eabi/lib/armv7e-m/softfp\libc_nano.a(lib_a-nano-vfprintf_float.o)
                0x0800b4d8                __exponent
 .text._printf_float
                0x0800b538      0x488 c:/workspaces/dave_4-4-2_64bit_2018-02-23/dave-ide-4.4.2-64bit/eclipse/arm-gcc-49/bin/../lib/gcc/arm-none-eabi/4.9.3/../../../../arm-none-eabi/lib/armv7e-m/softfp\libc_nano.a(lib_a-nano-vfprintf_float.o)
                0x0800b538                _printf_float
 .text._printf_common
                0x0800b9c0       0xea c:/workspaces/dave_4-4-2_64bit_2018-02-23/dave-ide-4.4.2-64bit/eclipse/arm-gcc-49/bin/../lib/gcc/arm-none-eabi/4.9.3/../../../../arm-none-eabi/lib/armv7e-m/softfp\libc_nano.a(lib_a-nano-vfprintf_i.o)
                0x0800b9c0                _printf_common
 *fill*         0x0800baaa        0x2 
 .text._printf_i
                0x0800baac      0x234 c:/workspaces/dave_4-4-2_64bit_2018-02-23/dave-ide-4.4.2-64bit/eclipse/arm-gcc-49/bin/../lib/gcc/arm-none-eabi/4.9.3/../../../../arm-none-eabi/lib/armv7e-m/softfp\libc_nano.a(lib_a-nano-vfprintf_i.o)
                0x0800baac                _printf_i
 .text.printf   0x0800bce0       0x30 c:/workspaces/dave_4-4-2_64bit_2018-02-23/dave-ide-4.4.2-64bit/eclipse/arm-gcc-49/bin/../lib/gcc/arm-none-eabi/4.9.3/../../../../arm-none-eabi/lib/armv7e-m/softfp\libc_nano.a(lib_a-printf.o)
                0x0800bce0                iprintf
                0x0800bce0                printf
 .text._puts_r  0x0800bd10       0xbc c:/workspaces/dave_4-4-2_64bit_2018-02-23/dave-ide-4.4.2-64bit/eclipse/arm-gcc-49/bin/../lib/gcc/arm-none-eabi/4.9.3/../../../../arm-none-eabi/lib/armv7e-m/softfp\libc_nano.a(lib_a-puts.o)
                0x0800bd10                _puts_r
 .text.puts     0x0800bdcc       0x10 c:/workspaces/dave_4-4-2_64bit_2018-02-23/dave-ide-4.4.2-64bit/eclipse/arm-gcc-49/bin/../lib/gcc/arm-none-eabi/4.9.3/../../../../arm-none-eabi/lib/armv7e-m/softfp\libc_nano.a(lib_a-puts.o)
                0x0800bdcc                puts
 .text.realloc  0x0800bddc       0x14 c:/workspaces/dave_4-4-2_64bit_2018-02-23/dave-ide-4.4.2-64bit/eclipse/arm-gcc-49/bin/../lib/gcc/arm-none-eabi/4.9.3/../../../../arm-none-eabi/lib/armv7e-m/softfp\libc_nano.a(lib_a-realloc.o)
                0x0800bddc                realloc
 .text.__fpclassifyd
                0x0800bdf0       0x54 c:/workspaces/dave_4-4-2_64bit_2018-02-23/dave-ide-4.4.2-64bit/eclipse/arm-gcc-49/bin/../lib/gcc/arm-none-eabi/4.9.3/../../../../arm-none-eabi/lib/armv7e-m/softfp\libc_nano.a(lib_a-s_fpclassify.o)
                0x0800bdf0                __fpclassifyd
 .text._sbrk_r  0x0800be44       0x20 c:/workspaces/dave_4-4-2_64bit_2018-02-23/dave-ide-4.4.2-64bit/eclipse/arm-gcc-49/bin/../lib/gcc/arm-none-eabi/4.9.3/../../../../arm-none-eabi/lib/armv7e-m/softfp\libc_nano.a(lib_a-sbrkr.o)
                0x0800be44                _sbrk_r
 .text.sprintf  0x0800be64       0x48 c:/workspaces/dave_4-4-2_64bit_2018-02-23/dave-ide-4.4.2-64bit/eclipse/arm-gcc-49/bin/../lib/gcc/arm-none-eabi/4.9.3/../../../../arm-none-eabi/lib/armv7e-m/softfp\libc_nano.a(lib_a-sprintf.o)
                0x0800be64                siprintf
                0x0800be64                sprintf
 .text.strcpy   0x0800beac       0x10 c:/workspaces/dave_4-4-2_64bit_2018-02-23/dave-ide-4.4.2-64bit/eclipse/arm-gcc-49/bin/../lib/gcc/arm-none-eabi/4.9.3/../../../../arm-none-eabi/lib/armv7e-m/softfp\libc_nano.a(lib_a-strcpy.o)
                0x0800beac                strcpy
 .text.strlen   0x0800bebc       0x10 c:/workspaces/dave_4-4-2_64bit_2018-02-23/dave-ide-4.4.2-64bit/eclipse/arm-gcc-49/bin/../lib/gcc/arm-none-eabi/4.9.3/../../../../arm-none-eabi/lib/armv7e-m/softfp\libc_nano.a(lib_a-strlen.o)
                0x0800bebc                strlen
 .text.strncpy  0x0800becc       0x24 c:/workspaces/dave_4-4-2_64bit_2018-02-23/dave-ide-4.4.2-64bit/eclipse/arm-gcc-49/bin/../lib/gcc/arm-none-eabi/4.9.3/../../../../arm-none-eabi/lib/armv7e-m/softfp\libc_nano.a(lib_a-strncpy.o)
                0x0800becc                strncpy
 .text.match    0x0800bef0       0x26 c:/workspaces/dave_4-4-2_64bit_2018-02-23/dave-ide-4.4.2-64bit/eclipse/arm-gcc-49/bin/../lib/gcc/arm-none-eabi/4.9.3/../../../../arm-none-eabi/lib/armv7e-m/softfp\libc_nano.a(lib_a-strtod.o)
 .text.sulp     0x0800bf16       0x42 c:/workspaces/dave_4-4-2_64bit_2018-02-23/dave-ide-4.4.2-64bit/eclipse/arm-gcc-49/bin/../lib/gcc/arm-none-eabi/4.9.3/../../../../arm-none-eabi/lib/armv7e-m/softfp\libc_nano.a(lib_a-strtod.o)
 .text._strtod_r
                0x0800bf58      0xc28 c:/workspaces/dave_4-4-2_64bit_2018-02-23/dave-ide-4.4.2-64bit/eclipse/arm-gcc-49/bin/../lib/gcc/arm-none-eabi/4.9.3/../../../../arm-none-eabi/lib/armv7e-m/softfp\libc_nano.a(lib_a-strtod.o)
                0x0800bf58                _strtod_r
 .text.strtof   0x0800cb80       0x30 c:/workspaces/dave_4-4-2_64bit_2018-02-23/dave-ide-4.4.2-64bit/eclipse/arm-gcc-49/bin/../lib/gcc/arm-none-eabi/4.9.3/../../../../arm-none-eabi/lib/armv7e-m/softfp\libc_nano.a(lib_a-strtod.o)
                0x0800cb80                strtof
 .text.__swbuf_r
                0x0800cbb0       0xa8 c:/workspaces/dave_4-4-2_64bit_2018-02-23/dave-ide-4.4.2-64bit/eclipse/arm-gcc-49/bin/../lib/gcc/arm-none-eabi/4.9.3/../../../../arm-none-eabi/lib/armv7e-m/softfp\libc_nano.a(lib_a-wbuf.o)
                0x0800cbb0                __swbuf_r
 .text.__swsetup_r
                0x0800cc58       0xd8 c:/workspaces/dave_4-4-2_64bit_2018-02-23/dave-ide-4.4.2-64bit/eclipse/arm-gcc-49/bin/../lib/gcc/arm-none-eabi/4.9.3/../../../../arm-none-eabi/lib/armv7e-m/softfp\libc_nano.a(lib_a-wsetup.o)
                0x0800cc58                __swsetup_r
 .text.quorem   0x0800cd30      0x11a c:/workspaces/dave_4-4-2_64bit_2018-02-23/dave-ide-4.4.2-64bit/eclipse/arm-gcc-49/bin/../lib/gcc/arm-none-eabi/4.9.3/../../../../arm-none-eabi/lib/armv7e-m/softfp\libc_nano.a(lib_a-dtoa.o)
 *fill*         0x0800ce4a        0x6 
 .text._dtoa_r  0x0800ce50      0xb88 c:/workspaces/dave_4-4-2_64bit_2018-02-23/dave-ide-4.4.2-64bit/eclipse/arm-gcc-49/bin/../lib/gcc/arm-none-eabi/4.9.3/../../../../arm-none-eabi/lib/armv7e-m/softfp\libc_nano.a(lib_a-dtoa.o)
                0x0800ce50                _dtoa_r
 .text.__sflush_r
                0x0800d9d8      0x108 c:/workspaces/dave_4-4-2_64bit_2018-02-23/dave-ide-4.4.2-64bit/eclipse/arm-gcc-49/bin/../lib/gcc/arm-none-eabi/4.9.3/../../../../arm-none-eabi/lib/armv7e-m/softfp\libc_nano.a(lib_a-fflush.o)
                0x0800d9d8                __sflush_r
 .text._fflush_r
                0x0800dae0       0x54 c:/workspaces/dave_4-4-2_64bit_2018-02-23/dave-ide-4.4.2-64bit/eclipse/arm-gcc-49/bin/../lib/gcc/arm-none-eabi/4.9.3/../../../../arm-none-eabi/lib/armv7e-m/softfp\libc_nano.a(lib_a-fflush.o)
                0x0800dae0                _fflush_r
 .text._cleanup_r
                0x0800db34        0xc c:/workspaces/dave_4-4-2_64bit_2018-02-23/dave-ide-4.4.2-64bit/eclipse/arm-gcc-49/bin/../lib/gcc/arm-none-eabi/4.9.3/../../../../arm-none-eabi/lib/armv7e-m/softfp\libc_nano.a(lib_a-findfp.o)
                0x0800db34                _cleanup_r
 .text.std.isra.0
                0x0800db40       0x48 c:/workspaces/dave_4-4-2_64bit_2018-02-23/dave-ide-4.4.2-64bit/eclipse/arm-gcc-49/bin/../lib/gcc/arm-none-eabi/4.9.3/../../../../arm-none-eabi/lib/armv7e-m/softfp\libc_nano.a(lib_a-findfp.o)
 .text.__sfmoreglue
                0x0800db88       0x2c c:/workspaces/dave_4-4-2_64bit_2018-02-23/dave-ide-4.4.2-64bit/eclipse/arm-gcc-49/bin/../lib/gcc/arm-none-eabi/4.9.3/../../../../arm-none-eabi/lib/armv7e-m/softfp\libc_nano.a(lib_a-findfp.o)
                0x0800db88                __sfmoreglue
 .text.__sinit  0x0800dbb4       0x60 c:/workspaces/dave_4-4-2_64bit_2018-02-23/dave-ide-4.4.2-64bit/eclipse/arm-gcc-49/bin/../lib/gcc/arm-none-eabi/4.9.3/../../../../arm-none-eabi/lib/armv7e-m/softfp\libc_nano.a(lib_a-findfp.o)
                0x0800dbb4                __sinit
 .text.__sfp    0x0800dc14       0x74 c:/workspaces/dave_4-4-2_64bit_2018-02-23/dave-ide-4.4.2-64bit/eclipse/arm-gcc-49/bin/../lib/gcc/arm-none-eabi/4.9.3/../../../../arm-none-eabi/lib/armv7e-m/softfp\libc_nano.a(lib_a-findfp.o)
                0x0800dc14                __sfp
 .text._fwalk_reent
                0x0800dc88       0x3c c:/workspaces/dave_4-4-2_64bit_2018-02-23/dave-ide-4.4.2-64bit/eclipse/arm-gcc-49/bin/../lib/gcc/arm-none-eabi/4.9.3/../../../../arm-none-eabi/lib/armv7e-m/softfp\libc_nano.a(lib_a-fwalk.o)
                0x0800dc88                _fwalk_reent
 .text.rshift   0x0800dcc4       0x6c c:/workspaces/dave_4-4-2_64bit_2018-02-23/dave-ide-4.4.2-64bit/eclipse/arm-gcc-49/bin/../lib/gcc/arm-none-eabi/4.9.3/../../../../arm-none-eabi/lib/armv7e-m/softfp\libc_nano.a(lib_a-gdtoa-gethex.o)
 .text.__hexdig_fun
                0x0800dd30       0x2a c:/workspaces/dave_4-4-2_64bit_2018-02-23/dave-ide-4.4.2-64bit/eclipse/arm-gcc-49/bin/../lib/gcc/arm-none-eabi/4.9.3/../../../../arm-none-eabi/lib/armv7e-m/softfp\libc_nano.a(lib_a-gdtoa-gethex.o)
                0x0800dd30                __hexdig_fun
 .text.__gethex
                0x0800dd5a      0x44a c:/workspaces/dave_4-4-2_64bit_2018-02-23/dave-ide-4.4.2-64bit/eclipse/arm-gcc-49/bin/../lib/gcc/arm-none-eabi/4.9.3/../../../../arm-none-eabi/lib/armv7e-m/softfp\libc_nano.a(lib_a-gdtoa-gethex.o)
                0x0800dd5a                __gethex
 .text.L_shift  0x0800e1a4       0x24 c:/workspaces/dave_4-4-2_64bit_2018-02-23/dave-ide-4.4.2-64bit/eclipse/arm-gcc-49/bin/../lib/gcc/arm-none-eabi/4.9.3/../../../../arm-none-eabi/lib/armv7e-m/softfp\libc_nano.a(lib_a-gdtoa-hexnan.o)
 .text.__hexnan
                0x0800e1c8      0x114 c:/workspaces/dave_4-4-2_64bit_2018-02-23/dave-ide-4.4.2-64bit/eclipse/arm-gcc-49/bin/../lib/gcc/arm-none-eabi/4.9.3/../../../../arm-none-eabi/lib/armv7e-m/softfp\libc_nano.a(lib_a-gdtoa-hexnan.o)
                0x0800e1c8                __hexnan
 .text._localeconv_r
                0x0800e2dc        0x8 c:/workspaces/dave_4-4-2_64bit_2018-02-23/dave-ide-4.4.2-64bit/eclipse/arm-gcc-49/bin/../lib/gcc/arm-none-eabi/4.9.3/../../../../arm-none-eabi/lib/armv7e-m/softfp\libc_nano.a(lib_a-locale.o)
                0x0800e2dc                _localeconv_r
 .text.__smakebuf_r
                0x0800e2e4       0x9c c:/workspaces/dave_4-4-2_64bit_2018-02-23/dave-ide-4.4.2-64bit/eclipse/arm-gcc-49/bin/../lib/gcc/arm-none-eabi/4.9.3/../../../../arm-none-eabi/lib/armv7e-m/softfp\libc_nano.a(lib_a-makebuf.o)
                0x0800e2e4                __smakebuf_r
 .text.memchr   0x0800e380       0x1e c:/workspaces/dave_4-4-2_64bit_2018-02-23/dave-ide-4.4.2-64bit/eclipse/arm-gcc-49/bin/../lib/gcc/arm-none-eabi/4.9.3/../../../../arm-none-eabi/lib/armv7e-m/softfp\libc_nano.a(lib_a-memchr.o)
                0x0800e380                memchr
 .text._Balloc  0x0800e39e       0x6a c:/workspaces/dave_4-4-2_64bit_2018-02-23/dave-ide-4.4.2-64bit/eclipse/arm-gcc-49/bin/../lib/gcc/arm-none-eabi/4.9.3/../../../../arm-none-eabi/lib/armv7e-m/softfp\libc_nano.a(lib_a-mprec.o)
                0x0800e39e                _Balloc
 .text._Bfree   0x0800e408       0x2e c:/workspaces/dave_4-4-2_64bit_2018-02-23/dave-ide-4.4.2-64bit/eclipse/arm-gcc-49/bin/../lib/gcc/arm-none-eabi/4.9.3/../../../../arm-none-eabi/lib/armv7e-m/softfp\libc_nano.a(lib_a-mprec.o)
                0x0800e408                _Bfree
 .text.__multadd
                0x0800e436       0x7c c:/workspaces/dave_4-4-2_64bit_2018-02-23/dave-ide-4.4.2-64bit/eclipse/arm-gcc-49/bin/../lib/gcc/arm-none-eabi/4.9.3/../../../../arm-none-eabi/lib/armv7e-m/softfp\libc_nano.a(lib_a-mprec.o)
                0x0800e436                __multadd
 .text.__s2b    0x0800e4b2       0x80 c:/workspaces/dave_4-4-2_64bit_2018-02-23/dave-ide-4.4.2-64bit/eclipse/arm-gcc-49/bin/../lib/gcc/arm-none-eabi/4.9.3/../../../../arm-none-eabi/lib/armv7e-m/softfp\libc_nano.a(lib_a-mprec.o)
                0x0800e4b2                __s2b
 .text.__hi0bits
                0x0800e532       0x40 c:/workspaces/dave_4-4-2_64bit_2018-02-23/dave-ide-4.4.2-64bit/eclipse/arm-gcc-49/bin/../lib/gcc/arm-none-eabi/4.9.3/../../../../arm-none-eabi/lib/armv7e-m/softfp\libc_nano.a(lib_a-mprec.o)
                0x0800e532                __hi0bits
 .text.__lo0bits
                0x0800e572       0x5a c:/workspaces/dave_4-4-2_64bit_2018-02-23/dave-ide-4.4.2-64bit/eclipse/arm-gcc-49/bin/../lib/gcc/arm-none-eabi/4.9.3/../../../../arm-none-eabi/lib/armv7e-m/softfp\libc_nano.a(lib_a-mprec.o)
                0x0800e572                __lo0bits
 .text.__i2b    0x0800e5cc       0x12 c:/workspaces/dave_4-4-2_64bit_2018-02-23/dave-ide-4.4.2-64bit/eclipse/arm-gcc-49/bin/../lib/gcc/arm-none-eabi/4.9.3/../../../../arm-none-eabi/lib/armv7e-m/softfp\libc_nano.a(lib_a-mprec.o)
                0x0800e5cc                __i2b
 .text.__multiply
                0x0800e5de      0x122 c:/workspaces/dave_4-4-2_64bit_2018-02-23/dave-ide-4.4.2-64bit/eclipse/arm-gcc-49/bin/../lib/gcc/arm-none-eabi/4.9.3/../../../../arm-none-eabi/lib/armv7e-m/softfp\libc_nano.a(lib_a-mprec.o)
                0x0800e5de                __multiply
 .text.__pow5mult
                0x0800e700       0x9c c:/workspaces/dave_4-4-2_64bit_2018-02-23/dave-ide-4.4.2-64bit/eclipse/arm-gcc-49/bin/../lib/gcc/arm-none-eabi/4.9.3/../../../../arm-none-eabi/lib/armv7e-m/softfp\libc_nano.a(lib_a-mprec.o)
                0x0800e700                __pow5mult
 .text.__lshift
                0x0800e79c       0xa6 c:/workspaces/dave_4-4-2_64bit_2018-02-23/dave-ide-4.4.2-64bit/eclipse/arm-gcc-49/bin/../lib/gcc/arm-none-eabi/4.9.3/../../../../arm-none-eabi/lib/armv7e-m/softfp\libc_nano.a(lib_a-mprec.o)
                0x0800e79c                __lshift
 .text.__mcmp   0x0800e842       0x38 c:/workspaces/dave_4-4-2_64bit_2018-02-23/dave-ide-4.4.2-64bit/eclipse/arm-gcc-49/bin/../lib/gcc/arm-none-eabi/4.9.3/../../../../arm-none-eabi/lib/armv7e-m/softfp\libc_nano.a(lib_a-mprec.o)
                0x0800e842                __mcmp
 .text.__mdiff  0x0800e87a       0xbe c:/workspaces/dave_4-4-2_64bit_2018-02-23/dave-ide-4.4.2-64bit/eclipse/arm-gcc-49/bin/../lib/gcc/arm-none-eabi/4.9.3/../../../../arm-none-eabi/lib/armv7e-m/softfp\libc_nano.a(lib_a-mprec.o)
                0x0800e87a                __mdiff
 .text.__ulp    0x0800e938       0x48 c:/workspaces/dave_4-4-2_64bit_2018-02-23/dave-ide-4.4.2-64bit/eclipse/arm-gcc-49/bin/../lib/gcc/arm-none-eabi/4.9.3/../../../../arm-none-eabi/lib/armv7e-m/softfp\libc_nano.a(lib_a-mprec.o)
                0x0800e938                __ulp
 .text.__b2d    0x0800e980       0x9e c:/workspaces/dave_4-4-2_64bit_2018-02-23/dave-ide-4.4.2-64bit/eclipse/arm-gcc-49/bin/../lib/gcc/arm-none-eabi/4.9.3/../../../../arm-none-eabi/lib/armv7e-m/softfp\libc_nano.a(lib_a-mprec.o)
                0x0800e980                __b2d
 .text.__d2b    0x0800ea1e       0xa4 c:/workspaces/dave_4-4-2_64bit_2018-02-23/dave-ide-4.4.2-64bit/eclipse/arm-gcc-49/bin/../lib/gcc/arm-none-eabi/4.9.3/../../../../arm-none-eabi/lib/armv7e-m/softfp\libc_nano.a(lib_a-mprec.o)
                0x0800ea1e                __d2b
 .text.__ratio  0x0800eac2       0x52 c:/workspaces/dave_4-4-2_64bit_2018-02-23/dave-ide-4.4.2-64bit/eclipse/arm-gcc-49/bin/../lib/gcc/arm-none-eabi/4.9.3/../../../../arm-none-eabi/lib/armv7e-m/softfp\libc_nano.a(lib_a-mprec.o)
                0x0800eac2                __ratio
 .text.__copybits
                0x0800eb14       0x34 c:/workspaces/dave_4-4-2_64bit_2018-02-23/dave-ide-4.4.2-64bit/eclipse/arm-gcc-49/bin/../lib/gcc/arm-none-eabi/4.9.3/../../../../arm-none-eabi/lib/armv7e-m/softfp\libc_nano.a(lib_a-mprec.o)
                0x0800eb14                __copybits
 .text.__any_on
                0x0800eb48       0x44 c:/workspaces/dave_4-4-2_64bit_2018-02-23/dave-ide-4.4.2-64bit/eclipse/arm-gcc-49/bin/../lib/gcc/arm-none-eabi/4.9.3/../../../../arm-none-eabi/lib/armv7e-m/softfp\libc_nano.a(lib_a-mprec.o)
                0x0800eb48                __any_on
 .text._calloc_r
                0x0800eb8c       0x1c c:/workspaces/dave_4-4-2_64bit_2018-02-23/dave-ide-4.4.2-64bit/eclipse/arm-gcc-49/bin/../lib/gcc/arm-none-eabi/4.9.3/../../../../arm-none-eabi/lib/armv7e-m/softfp\libc_nano.a(lib_a-nano-callocr.o)
                0x0800eb8c                _calloc_r
 .text._realloc_r
                0x0800eba8       0x4c c:/workspaces/dave_4-4-2_64bit_2018-02-23/dave-ide-4.4.2-64bit/eclipse/arm-gcc-49/bin/../lib/gcc/arm-none-eabi/4.9.3/../../../../arm-none-eabi/lib/armv7e-m/softfp\libc_nano.a(lib_a-nano-reallocr.o)
                0x0800eba8                _realloc_r
 .text.__ssputs_r
                0x0800ebf4       0xb2 c:/workspaces/dave_4-4-2_64bit_2018-02-23/dave-ide-4.4.2-64bit/eclipse/arm-gcc-49/bin/../lib/gcc/arm-none-eabi/4.9.3/../../../../arm-none-eabi/lib/armv7e-m/softfp\libc_nano.a(lib_a-nano-svfprintf.o)
                0x0800ebf4                __ssputs_r
 *fill*         0x0800eca6        0x2 
 .text._svfprintf_r
                0x0800eca8      0x1e4 c:/workspaces/dave_4-4-2_64bit_2018-02-23/dave-ide-4.4.2-64bit/eclipse/arm-gcc-49/bin/../lib/gcc/arm-none-eabi/4.9.3/../../../../arm-none-eabi/lib/armv7e-m/softfp\libc_nano.a(lib_a-nano-svfprintf.o)
                0x0800eca8                _svfiprintf_r
                0x0800eca8                _svfprintf_r
 .text.__sfputc_r
                0x0800ee8c       0x2c c:/workspaces/dave_4-4-2_64bit_2018-02-23/dave-ide-4.4.2-64bit/eclipse/arm-gcc-49/bin/../lib/gcc/arm-none-eabi/4.9.3/../../../../arm-none-eabi/lib/armv7e-m/softfp\libc_nano.a(lib_a-nano-vfprintf.o)
 .text.__sfputs_r
                0x0800eeb8       0x24 c:/workspaces/dave_4-4-2_64bit_2018-02-23/dave-ide-4.4.2-64bit/eclipse/arm-gcc-49/bin/../lib/gcc/arm-none-eabi/4.9.3/../../../../arm-none-eabi/lib/armv7e-m/softfp\libc_nano.a(lib_a-nano-vfprintf.o)
                0x0800eeb8                __sfputs_r
 .text._vfprintf_r
                0x0800eedc      0x210 c:/workspaces/dave_4-4-2_64bit_2018-02-23/dave-ide-4.4.2-64bit/eclipse/arm-gcc-49/bin/../lib/gcc/arm-none-eabi/4.9.3/../../../../arm-none-eabi/lib/armv7e-m/softfp\libc_nano.a(lib_a-nano-vfprintf.o)
                0x0800eedc                _vfprintf_r
                0x0800eedc                _vfiprintf_r
 .text.__sread  0x0800f0ec       0x22 c:/workspaces/dave_4-4-2_64bit_2018-02-23/dave-ide-4.4.2-64bit/eclipse/arm-gcc-49/bin/../lib/gcc/arm-none-eabi/4.9.3/../../../../arm-none-eabi/lib/armv7e-m/softfp\libc_nano.a(lib_a-stdio.o)
                0x0800f0ec                __sread
 .text.__swrite
                0x0800f10e       0x38 c:/workspaces/dave_4-4-2_64bit_2018-02-23/dave-ide-4.4.2-64bit/eclipse/arm-gcc-49/bin/../lib/gcc/arm-none-eabi/4.9.3/../../../../arm-none-eabi/lib/armv7e-m/softfp\libc_nano.a(lib_a-stdio.o)
                0x0800f10e                __swrite
 .text.__sseek  0x0800f146       0x24 c:/workspaces/dave_4-4-2_64bit_2018-02-23/dave-ide-4.4.2-64bit/eclipse/arm-gcc-49/bin/../lib/gcc/arm-none-eabi/4.9.3/../../../../arm-none-eabi/lib/armv7e-m/softfp\libc_nano.a(lib_a-stdio.o)
                0x0800f146                __sseek
 .text.__sclose
                0x0800f16a        0x8 c:/workspaces/dave_4-4-2_64bit_2018-02-23/dave-ide-4.4.2-64bit/eclipse/arm-gcc-49/bin/../lib/gcc/arm-none-eabi/4.9.3/../../../../arm-none-eabi/lib/armv7e-m/softfp\libc_nano.a(lib_a-stdio.o)
                0x0800f16a                __sclose
 .text.strncmp  0x0800f172       0x34 c:/workspaces/dave_4-4-2_64bit_2018-02-23/dave-ide-4.4.2-64bit/eclipse/arm-gcc-49/bin/../lib/gcc/arm-none-eabi/4.9.3/../../../../arm-none-eabi/lib/armv7e-m/softfp\libc_nano.a(lib_a-strncmp.o)
                0x0800f172                strncmp
 *fill*         0x0800f1a6        0x2 
 .text._write_r
                0x0800f1a8       0x24 c:/workspaces/dave_4-4-2_64bit_2018-02-23/dave-ide-4.4.2-64bit/eclipse/arm-gcc-49/bin/../lib/gcc/arm-none-eabi/4.9.3/../../../../arm-none-eabi/lib/armv7e-m/softfp\libc_nano.a(lib_a-writer.o)
                0x0800f1a8                _write_r
 .text._close_r
                0x0800f1cc       0x20 c:/workspaces/dave_4-4-2_64bit_2018-02-23/dave-ide-4.4.2-64bit/eclipse/arm-gcc-49/bin/../lib/gcc/arm-none-eabi/4.9.3/../../../../arm-none-eabi/lib/armv7e-m/softfp\libc_nano.a(lib_a-closer.o)
                0x0800f1cc                _close_r
 .text._fstat_r
                0x0800f1ec       0x24 c:/workspaces/dave_4-4-2_64bit_2018-02-23/dave-ide-4.4.2-64bit/eclipse/arm-gcc-49/bin/../lib/gcc/arm-none-eabi/4.9.3/../../../../arm-none-eabi/lib/armv7e-m/softfp\libc_nano.a(lib_a-fstatr.o)
                0x0800f1ec                _fstat_r
 .text._isatty_r
                0x0800f210       0x20 c:/workspaces/dave_4-4-2_64bit_2018-02-23/dave-ide-4.4.2-64bit/eclipse/arm-gcc-49/bin/../lib/gcc/arm-none-eabi/4.9.3/../../../../arm-none-eabi/lib/armv7e-m/softfp\libc_nano.a(lib_a-isattyr.o)
                0x0800f210                _isatty_r
 .text._lseek_r
                0x0800f230       0x24 c:/workspaces/dave_4-4-2_64bit_2018-02-23/dave-ide-4.4.2-64bit/eclipse/arm-gcc-49/bin/../lib/gcc/arm-none-eabi/4.9.3/../../../../arm-none-eabi/lib/armv7e-m/softfp\libc_nano.a(lib_a-lseekr.o)
                0x0800f230                _lseek_r
 .text.memmove  0x0800f254       0x36 c:/workspaces/dave_4-4-2_64bit_2018-02-23/dave-ide-4.4.2-64bit/eclipse/arm-gcc-49/bin/../lib/gcc/arm-none-eabi/4.9.3/../../../../arm-none-eabi/lib/armv7e-m/softfp\libc_nano.a(lib_a-memmove.o)
                0x0800f254                memmove
 .text._malloc_usable_size_r
                0x0800f28a       0x14 c:/workspaces/dave_4-4-2_64bit_2018-02-23/dave-ide-4.4.2-64bit/eclipse/arm-gcc-49/bin/../lib/gcc/arm-none-eabi/4.9.3/../../../../arm-none-eabi/lib/armv7e-m/softfp\libc_nano.a(lib_a-nano-msizer.o)
                0x0800f28a                _malloc_usable_size_r
 *fill*         0x0800f29e        0x2 
 .text._read_r  0x0800f2a0       0x24 c:/workspaces/dave_4-4-2_64bit_2018-02-23/dave-ide-4.4.2-64bit/eclipse/arm-gcc-49/bin/../lib/gcc/arm-none-eabi/4.9.3/../../../../arm-none-eabi/lib/armv7e-m/softfp\libc_nano.a(lib_a-readr.o)
                0x0800f2a0                _read_r
 .text._close   0x0800f2c4       0x10 c:/workspaces/dave_4-4-2_64bit_2018-02-23/dave-ide-4.4.2-64bit/eclipse/arm-gcc-49/bin/../lib/gcc/arm-none-eabi/4.9.3/../../../../arm-none-eabi/lib/armv7e-m/softfp\libnosys.a(close.o)
                0x0800f2c4                _close
 .text._fstat   0x0800f2d4       0x10 c:/workspaces/dave_4-4-2_64bit_2018-02-23/dave-ide-4.4.2-64bit/eclipse/arm-gcc-49/bin/../lib/gcc/arm-none-eabi/4.9.3/../../../../arm-none-eabi/lib/armv7e-m/softfp\libnosys.a(fstat.o)
                0x0800f2d4                _fstat
 .text._isatty  0x0800f2e4       0x10 c:/workspaces/dave_4-4-2_64bit_2018-02-23/dave-ide-4.4.2-64bit/eclipse/arm-gcc-49/bin/../lib/gcc/arm-none-eabi/4.9.3/../../../../arm-none-eabi/lib/armv7e-m/softfp\libnosys.a(isatty.o)
                0x0800f2e4                _isatty
 .text._lseek   0x0800f2f4       0x10 c:/workspaces/dave_4-4-2_64bit_2018-02-23/dave-ide-4.4.2-64bit/eclipse/arm-gcc-49/bin/../lib/gcc/arm-none-eabi/4.9.3/../../../../arm-none-eabi/lib/armv7e-m/softfp\libnosys.a(lseek.o)
                0x0800f2f4                _lseek
 .text._read    0x0800f304       0x10 c:/workspaces/dave_4-4-2_64bit_2018-02-23/dave-ide-4.4.2-64bit/eclipse/arm-gcc-49/bin/../lib/gcc/arm-none-eabi/4.9.3/../../../../arm-none-eabi/lib/armv7e-m/softfp\libnosys.a(read.o)
                0x0800f304                _read
 .text._write   0x0800f314       0x10 c:/workspaces/dave_4-4-2_64bit_2018-02-23/dave-ide-4.4.2-64bit/eclipse/arm-gcc-49/bin/../lib/gcc/arm-none-eabi/4.9.3/../../../../arm-none-eabi/lib/armv7e-m/softfp\libnosys.a(write.o)
                0x0800f314                _write
 *(.init)
 *(.fini)
 *crtbegin.o(.ctors)
 *crtbegin?.o(.ctors)
 *(EXCLUDE_FILE(*crtend.o *crtend?.o) .ctors)
 *(SORT(.ctors.*))
 *(.ctors)
 *crtbegin.o(.dtors)
 *crtbegin?.o(.dtors)
 *(EXCLUDE_FILE(*crtend.o *crtend?.o) .dtors)
 *(SORT(.dtors.*))
 *(.dtors)
 *(.rodata .rodata.*)
 .rodata.CSWTCH.37
                0x0800f324        0xa ./Libraries/XMCLib/src/xmc_ccu4.o
 .rodata.CSWTCH.38
                0x0800f32e       0x14 ./Libraries/XMCLib/src/xmc_ccu4.o
 *fill*         0x0800f342        0x2 
 .rodata.g_xmc_vadc_group_array
                0x0800f344       0x10 ./Libraries/XMCLib/src/xmc_vadc.o
 .rodata.str1.1
                0x0800f354      0x148 ./Libraries/FT800-FT813-5.x/EVE_commands.o
 .rodata.EVE_cmd_text_var__fptr_arr
                0x0800f49c        0x8 ./Libraries/FT800-FT813-5.x/tft.o
 .rodata.EVE_cmd_text__fptr_arr
                0x0800f4a4        0x8 ./Libraries/FT800-FT813-5.x/tft.o
 .rodata.backspace_char
                0x0800f4ac        0x1 ./Libraries/FT800-FT813-5.x/tft.o
 *fill*         0x0800f4ad        0x3 
 .rodata.EVE_cmd_dl__fptr_arr
                0x0800f4b0        0x8 ./Libraries/FT800-FT813-5.x/tft.o
 .rodata.str1.1
                0x0800f4b8       0xe4 ./Libraries/FT800-FT813-5.x/tft.o
                                0x107 (size before relaxing)
 .rodata.EVE_cmd_number__fptr_arr
                0x0800f59c        0x8 ./Libraries/FT800-FT813-5.x/tft.o
 .rodata.logo_init
                0x0800f5a4     0x4f04 ./Libraries/FT800-FT813-5.x/tft_data.o
                0x0800f5a4                logo_init
 .rodata.SPI_MASTER_0_MISO
                0x080144a8        0x8 ./Dave/Generated/SPI_MASTER/spi_master_conf.o
                0x080144a8                SPI_MASTER_0_MISO
 .rodata.SPI_MASTER_0_SCLKOUT
                0x080144b0        0x8 ./Dave/Generated/SPI_MASTER/spi_master_conf.o
                0x080144b0                SPI_MASTER_0_SCLKOUT
 .rodata.SPI_MASTER_0_SCLKOUT_Config
                0x080144b8       0x14 ./Dave/Generated/SPI_MASTER/spi_master_conf.o
                0x080144b8                SPI_MASTER_0_SCLKOUT_Config
 .rodata.SPI_MASTER_0_MOSI
                0x080144cc        0x8 ./Dave/Generated/SPI_MASTER/spi_master_conf.o
                0x080144cc                SPI_MASTER_0_MOSI
 .rodata.SPI_MASTER_0_Config