   1              	 .syntax unified
   2              	 .cpu cortex-m4
   3              	 .eabi_attribute 27,3
   4              	 .fpu fpv4-sp-d16
   5              	 .eabi_attribute 20,1
   6              	 .eabi_attribute 21,1
   7              	 .eabi_attribute 23,3
   8              	 .eabi_attribute 24,1
   9              	 .eabi_attribute 25,1
  10              	 .eabi_attribute 26,1
  11              	 .eabi_attribute 30,4
  12              	 .eabi_attribute 34,1
  13              	 .eabi_attribute 18,4
  14              	 .thumb
  15              	 .file "main.c"
  16              	 .section .text.startup.main,"ax",%progbits
  17              	 .align 1
  18              	 .global main
  19              	 .thumb
  20              	 .thumb_func
  22              	main:
  23              	 
  24              	 
  25 0000 10B5     	 push {r4,lr}
  26 0002 FFF7FEFF 	 bl DAVE_Init
  27 0006 00B1     	 cbz r0,.L2
  28              	.L12:
  29 0008 FEE7     	 b .L12
  30              	.L2:
  31 000a 124B     	 ldr r3,.L15
  32 000c 197C     	 ldrb r1,[r3,#16]
  33 000e 1A68     	 ldr r2,[r3]
  34 0010 0123     	 movs r3,#1
  35 0012 8B40     	 lsls r3,r3,r1
  36 0014 5360     	 str r3,[r2,#4]
  37 0016 FFF7FEFF 	 bl TFT_init
  38 001a FFF7FEFF 	 bl TFT_display_init_screen
  39 001e FFF7FEFF 	 bl SYSTIMER_GetTime
  40 0022 0446     	 mov r4,r0
  41              	.L4:
  42 0024 FFF7FEFF 	 bl SYSTIMER_GetTime
  43 0028 04F5C333 	 add r3,r4,#99840
  44 002c A033     	 adds r3,r3,#160
  45 002e 9842     	 cmp r0,r3
  46 0030 0BD2     	 bcs .L6
  47              	
  48 0032 00BF     	 nop
  49              	
  50              	 .thumb
  51 0034 F6E7     	 b .L4
  52              	.L14:
  53 0036 0022     	 movs r2,#0
  54 0038 1A70     	 strb r2,[r3]
  55 003a FFF7FEFF 	 bl TFT_touch
  56 003e 064B     	 ldr r3,.L15+4
  57 0040 1B68     	 ldr r3,[r3]
  58 0042 9B07     	 lsls r3,r3,#30
  59 0044 01D1     	 bne .L6
  60 0046 FFF7FEFF 	 bl TFT_display
  61              	.L6:
  62 004a 044B     	 ldr r3,.L15+8
  63 004c 1A78     	 ldrb r2,[r3]
  64 004e 002A     	 cmp r2,#0
  65 0050 FBD0     	 beq .L6
  66 0052 F0E7     	 b .L14
  67              	.L16:
  68              	 .align 2
  69              	.L15:
  70 0054 00000000 	 .word IO_DIO_DIGOUT_CS_TFT
  71 0058 00000000 	 .word MeasurementCounter
  72 005c 00000000 	 .word tft_tick
  74              	 .comm frameover,1,1
  75              	 .comm InputType,1,1
  76              	 .comm InputBuffer1_idx,2,2
  77              	 .comm MeasurementCounter,4,4
  78              	 .comm tft_tick,1,1
  79              	 .comm _msCounter,4,4
  80              	 .ident "GCC: (GNU Tools for ARM Embedded Processors) 4.9.3 20141119 (release) [ARM/embedded-4_9-branch revision 218278]"
DEFINED SYMBOLS
                            *ABS*:00000000 main.c
    {standard input}:17     .text.startup.main:00000000 $t
    {standard input}:22     .text.startup.main:00000000 main
    {standard input}:70     .text.startup.main:00000054 $d
                            *COM*:00000004 MeasurementCounter
                            *COM*:00000001 tft_tick
                            *COM*:00000001 frameover
                            *COM*:00000001 InputType
                            *COM*:00000002 InputBuffer1_idx
                            *COM*:00000004 _msCounter

UNDEFINED SYMBOLS
DAVE_Init
TFT_init
TFT_display_init_screen
SYSTIMER_GetTime
TFT_touch
TFT_display
IO_DIO_DIGOUT_CS_TFT
